[INFO] Scanning for projects...
[INFO] 
[INFO] -------------------------< org.tvl:tv-looker >--------------------------
[INFO] Building tv-looker 0.0.1-SNAPSHOT
[INFO]   from pom.xml
[INFO] --------------------------------[ jar ]---------------------------------
[INFO] 
[INFO] --- resources:3.3.1:resources (default-resources) @ tv-looker ---
[INFO] Copying 1 resource from src\main\resources to target\classes
[INFO] Copying 0 resource from src\main\resources to target\classes
[INFO] 
[INFO] --- compiler:3.14.1:compile (default-compile) @ tv-looker ---
[INFO] Nothing to compile - all classes are up to date.
[INFO] 
[INFO] --- resources:3.3.1:testResources (default-testResources) @ tv-looker ---
[INFO] Copying 1 resource from src\test\resources to target\test-classes
[INFO] 
[INFO] --- compiler:3.14.1:testCompile (default-testCompile) @ tv-looker ---
[INFO] Nothing to compile - all classes are up to date.
[INFO] 
[INFO] --- surefire:3.5.4:test (default-test) @ tv-looker ---
[INFO] Using auto detected provider org.apache.maven.surefire.junitplatform.JUnitPlatformProvider
[INFO] 
[INFO] -------------------------------------------------------
[INFO]  T E S T S
[INFO] -------------------------------------------------------
[INFO] Running Pruebas de Persistencia para Review con JDBC

  .   ____          _            __ _ _
 /\\ / ___'_ __ _ _(_)_ __  __ _ \ \ \ \
( ( )\___ | '_ | '_| | '_ \/ _` | \ \ \ \
 \\/  ___)| |_)| | | | | || (_| |  ) ) ) )
  '  |____| .__|_| |_|_| |_\__, | / / / /
 =========|_|==============|___/=/_/_/_/

 :: Spring Boot ::                (v4.0.2)

2026-03-10T00:38:41.645-05:00  INFO 23424 --- [tv-looker-test] [           main] o.t.t.d.m.ReviewPersistenceTest          : Starting ReviewPersistenceTest using Java 21.0.5 with PID 23424 (started by hailen in C:\Users\user\OneDrive\Documentos\TV-Looker\tv-looker)
2026-03-10T00:38:41.664-05:00  INFO 23424 --- [tv-looker-test] [           main] o.t.t.d.m.ReviewPersistenceTest          : The following 1 profile is active: "test"
2026-03-10T00:38:41.667-05:00 DEBUG 23424 --- [tv-looker-test] [           main] o.s.b.SpringApplication                  : Loading source class org.tvl.tvlooker.TvLookerApplication
2026-03-10T00:38:41.726-05:00 DEBUG 23424 --- [tv-looker-test] [           main] o.s.b.d.s.DevToolsSettings               : Included patterns for restart : []
2026-03-10T00:38:41.726-05:00 DEBUG 23424 --- [tv-looker-test] [           main] o.s.b.d.s.DevToolsSettings               : Excluded patterns for restart : [/spring-boot-starter-[\w-]+/, /spring-boot/(bin|build|out)/, /spring-boot-starter/(bin|build|out)/, /spring-boot-devtools/(bin|build|out)/, /spring-boot-actuator/(bin|build|out)/, /spring-boot-autoconfigure/(bin|build|out)/]
2026-03-10T00:38:41.727-05:00 DEBUG 23424 --- [tv-looker-test] [           main] o.s.w.c.s.GenericWebApplicationContext   : Refreshing org.springframework.web.context.support.GenericWebApplicationContext@476fe690
2026-03-10T00:38:42.953-05:00  INFO 23424 --- [tv-looker-test] [           main] .s.d.r.c.RepositoryConfigurationDelegate : Bootstrapping Spring Data JPA repositories in DEFAULT mode.
2026-03-10T00:38:42.977-05:00 DEBUG 23424 --- [tv-looker-test] [           main] o.s.b.a.AutoConfigurationPackages        : @EnableAutoConfiguration was declared on a class in the package 'org.tvl.tvlooker'. Automatic @Repository and @Entity scanning is enabled.
2026-03-10T00:38:43.092-05:00  INFO 23424 --- [tv-looker-test] [           main] .s.d.r.c.RepositoryConfigurationDelegate : Finished Spring Data repository scanning in 127 ms. Found 4 JPA repository interfaces.
2026-03-10T00:38:43.999-05:00  INFO 23424 --- [tv-looker-test] [           main] c.z.h.HikariDataSource                   : HikariPool-1 - Starting...
2026-03-10T00:38:44.330-05:00  INFO 23424 --- [tv-looker-test] [           main] c.z.h.p.HikariPool                       : HikariPool-1 - Added connection conn0: url=jdbc:h2:mem:testdb user=SA
2026-03-10T00:38:44.333-05:00  INFO 23424 --- [tv-looker-test] [           main] c.z.h.HikariDataSource                   : HikariPool-1 - Start completed.
2026-03-10T00:38:44.620-05:00  INFO 23424 --- [tv-looker-test] [           main] o.h.o.jpa                                : HHH008540: Processing PersistenceUnitInfo [name: default]
2026-03-10T00:38:44.843-05:00  INFO 23424 --- [tv-looker-test] [           main] o.h.o.core                               : HHH000001: Hibernate ORM core version 7.2.1.Final
2026-03-10T00:38:45.515-05:00  INFO 23424 --- [tv-looker-test] [           main] o.s.o.j.p.SpringPersistenceUnitInfo      : No LoadTimeWeaver setup: ignoring JPA class transformer
2026-03-10T00:38:45.575-05:00  WARN 23424 --- [tv-looker-test] [           main] o.h.o.deprecation                        : HHH90000025: H2Dialect does not need to be specified explicitly using 'hibernate.dialect' (remove the property setting and it will be selected by default)
2026-03-10T00:38:45.596-05:00  INFO 23424 --- [tv-looker-test] [           main] o.h.o.c.pooling                          : HHH10001005: Database info:
	Database JDBC URL [jdbc:h2:mem:testdb]
	Database driver: H2 JDBC Driver
	Database dialect: H2Dialect
	Database version: 2.4.240
	Default catalog/schema: testdb/public
	Autocommit mode: undefined/unknown
	Isolation level: READ_COMMITTED [default READ_COMMITTED]
	JDBC fetch size: 100
	Pool: DataSourceConnectionProvider
	Minimum pool size: undefined/unknown
	Maximum pool size: undefined/unknown
2026-03-10T00:38:46.963-05:00  INFO 23424 --- [tv-looker-test] [           main] o.h.o.core                               : HHH000489: No JTA platform available (set 'hibernate.transaction.jta.platform' to enable JTA platform integration)
2026-03-10T00:38:46.991-05:00 DEBUG 23424 --- [tv-looker-test] [           main] o.h.SQL                                  : 
    drop table if exists actors cascade 
Hibernate: 
    drop table if exists actors cascade 
2026-03-10T00:38:46.992-05:00 DEBUG 23424 --- [tv-looker-test] [           main] o.h.SQL                                  : 
    drop table if exists actors_items cascade 
Hibernate: 
    drop table if exists actors_items cascade 
2026-03-10T00:38:46.993-05:00 DEBUG 23424 --- [tv-looker-test] [           main] o.h.SQL                                  : 
    drop table if exists directors cascade 
Hibernate: 
    drop table if exists directors cascade 
2026-03-10T00:38:46.993-05:00 DEBUG 23424 --- [tv-looker-test] [           main] o.h.SQL                                  : 
    drop table if exists directors_items cascade 
Hibernate: 
    drop table if exists directors_items cascade 
2026-03-10T00:38:46.995-05:00 DEBUG 23424 --- [tv-looker-test] [           main] o.h.SQL                                  : 
    drop table if exists favorite_items cascade 
Hibernate: 
    drop table if exists favorite_items cascade 
2026-03-10T00:38:46.995-05:00 DEBUG 23424 --- [tv-looker-test] [           main] o.h.SQL                                  : 
    drop table if exists genres cascade 
Hibernate: 
    drop table if exists genres cascade 
2026-03-10T00:38:46.996-05:00 DEBUG 23424 --- [tv-looker-test] [           main] o.h.SQL                                  : 
    drop table if exists genres_items cascade 
Hibernate: 
    drop table if exists genres_items cascade 
2026-03-10T00:38:46.996-05:00 DEBUG 23424 --- [tv-looker-test] [           main] o.h.SQL                                  : 
    drop table if exists interactions cascade 
Hibernate: 
    drop table if exists interactions cascade 
2026-03-10T00:38:46.997-05:00 DEBUG 23424 --- [tv-looker-test] [           main] o.h.SQL                                  : 
    drop table if exists items cascade 
Hibernate: 
    drop table if exists items cascade 
2026-03-10T00:38:46.997-05:00 DEBUG 23424 --- [tv-looker-test] [           main] o.h.SQL                                  : 
    drop table if exists list_favorites cascade 
Hibernate: 
    drop table if exists list_favorites cascade 
2026-03-10T00:38:46.997-05:00 DEBUG 23424 --- [tv-looker-test] [           main] o.h.SQL                                  : 
    drop table if exists reviews cascade 
Hibernate: 
    drop table if exists reviews cascade 
2026-03-10T00:38:46.997-05:00 DEBUG 23424 --- [tv-looker-test] [           main] o.h.SQL                                  : 
    drop table if exists users cascade 
Hibernate: 
    drop table if exists users cascade 
2026-03-10T00:38:47.006-05:00 DEBUG 23424 --- [tv-looker-test] [           main] o.h.SQL                                  : 
    create table actors (
        actor_id_pk bigint generated by default as identity,
        tmdb_id bigint not null unique,
        name varchar(255) not null,
        primary key (actor_id_pk)
    )
Hibernate: 
    create table actors (
        actor_id_pk bigint generated by default as identity,
        tmdb_id bigint not null unique,
        name varchar(255) not null,
        primary key (actor_id_pk)
    )
2026-03-10T00:38:47.012-05:00 DEBUG 23424 --- [tv-looker-test] [           main] o.h.SQL                                  : 
    create table actors_items (
        actor_id_fk bigint not null,
        item_id_fk bigint not null,
        primary key (actor_id_fk, item_id_fk)
    )
Hibernate: 
    create table actors_items (
        actor_id_fk bigint not null,
        item_id_fk bigint not null,
        primary key (actor_id_fk, item_id_fk)
    )
2026-03-10T00:38:47.013-05:00 DEBUG 23424 --- [tv-looker-test] [           main] o.h.SQL                                  : 
    create table directors (
        director_id_pk bigint generated by default as identity,
        tmdb_id bigint not null unique,
        name varchar(255) not null,
        primary key (director_id_pk)
    )
Hibernate: 
    create table directors (
        director_id_pk bigint generated by default as identity,
        tmdb_id bigint not null unique,
        name varchar(255) not null,
        primary key (director_id_pk)
    )
2026-03-10T00:38:47.015-05:00 DEBUG 23424 --- [tv-looker-test] [           main] o.h.SQL                                  : 
    create table directors_items (
        director_id_fk bigint not null,
        item_id_fk bigint not null,
        primary key (director_id_fk, item_id_fk)
    )
Hibernate: 
    create table directors_items (
        director_id_fk bigint not null,
        item_id_fk bigint not null,
        primary key (director_id_fk, item_id_fk)
    )
2026-03-10T00:38:47.020-05:00 DEBUG 23424 --- [tv-looker-test] [           main] o.h.SQL                                  : 
    create table favorite_items (
        item_id_fk bigint not null,
        list_id_fk bigint not null,
        primary key (item_id_fk, list_id_fk)
    )
Hibernate: 
    create table favorite_items (
        item_id_fk bigint not null,
        list_id_fk bigint not null,
        primary key (item_id_fk, list_id_fk)
    )
2026-03-10T00:38:47.021-05:00 DEBUG 23424 --- [tv-looker-test] [           main] o.h.SQL                                  : 
    create table genres (
        genre_id_pk bigint generated by default as identity,
        tmdb_id bigint unique,
        name varchar(255) not null,
        primary key (genre_id_pk)
    )
Hibernate: 
    create table genres (
        genre_id_pk bigint generated by default as identity,
        tmdb_id bigint unique,
        name varchar(255) not null,
        primary key (genre_id_pk)
    )
2026-03-10T00:38:47.022-05:00 DEBUG 23424 --- [tv-looker-test] [           main] o.h.SQL                                  : 
    create table genres_items (
        genre_id_fk bigint not null,
        item_id_fk bigint not null,
        primary key (genre_id_fk, item_id_fk)
    )
Hibernate: 
    create table genres_items (
        genre_id_fk bigint not null,
        item_id_fk bigint not null,
        primary key (genre_id_fk, item_id_fk)
    )
2026-03-10T00:38:47.029-05:00 DEBUG 23424 --- [tv-looker-test] [           main] o.h.SQL                                  : 
    create table interactions (
        created_at timestamp(6) not null,
        interaction_id_pk bigint not null,
        item_id_pk bigint not null,
        review_id_pk bigint,
        user_id_fk uuid not null,
        interaction_type enum ('CLICK','LIKE','RATING','RESEARCH','REVIEW','VIEW') not null,
        primary key (interaction_id_pk)
    )
Hibernate: 
    create table interactions (
        created_at timestamp(6) not null,
        interaction_id_pk bigint not null,
        item_id_pk bigint not null,
        review_id_pk bigint,
        user_id_fk uuid not null,
        interaction_type enum ('CLICK','LIKE','RATING','RESEARCH','REVIEW','VIEW') not null,
        primary key (interaction_id_pk)
    )
2026-03-10T00:38:47.031-05:00 DEBUG 23424 --- [tv-looker-test] [           main] o.h.SQL                                  : 
    create table items (
        popularity numeric(10,4),
        release_date date,
        vote_average numeric(3,2),
        created_at timestamp(6) not null,
        item_id_pk bigint generated by default as identity,
        tmdb_id bigint not null unique,
        overview TEXT,
        title varchar(255) not null,
        tmdb_type enum ('MOVIE','TV') not null,
        primary key (item_id_pk)
    )
Hibernate: 
    create table items (
        popularity numeric(10,4),
        release_date date,
        vote_average numeric(3,2),
        created_at timestamp(6) not null,
        item_id_pk bigint generated by default as identity,
        tmdb_id bigint not null unique,
        overview TEXT,
        title varchar(255) not null,
        tmdb_type enum ('MOVIE','TV') not null,
        primary key (item_id_pk)
    )
2026-03-10T00:38:47.034-05:00 DEBUG 23424 --- [tv-looker-test] [           main] o.h.SQL                                  : 
    create table list_favorites (
        list_favorite_id_pk bigint generated by default as identity,
        user_id_fk uuid not null,
        name varchar(30) not null unique,
        description varchar(200),
        primary key (list_favorite_id_pk)
    )
Hibernate: 
    create table list_favorites (
        list_favorite_id_pk bigint generated by default as identity,
        user_id_fk uuid not null,
        name varchar(30) not null unique,
        description varchar(200),
        primary key (list_favorite_id_pk)
    )
2026-03-10T00:38:47.036-05:00 DEBUG 23424 --- [tv-looker-test] [           main] o.h.SQL                                  : 
    create table reviews (
        score integer not null,
        item_id_fk bigint not null,
        review_id_pk bigint generated by default as identity,
        user_id_fk uuid not null,
        review_text TEXT,
        primary key (review_id_pk)
    )
Hibernate: 
    create table reviews (
        score integer not null,
        item_id_fk bigint not null,
        review_id_pk bigint generated by default as identity,
        user_id_fk uuid not null,
        review_text TEXT,
        primary key (review_id_pk)
    )
2026-03-10T00:38:47.037-05:00 DEBUG 23424 --- [tv-looker-test] [           main] o.h.SQL                                  : 
    create table users (
        created_at timestamp(6) not null,
        user_id_pk uuid not null,
        password varchar(255) not null,
        username varchar(255) not null unique,
        primary key (user_id_pk)
    )
Hibernate: 
    create table users (
        created_at timestamp(6) not null,
        user_id_pk uuid not null,
        password varchar(255) not null,
        username varchar(255) not null unique,
        primary key (user_id_pk)
    )
2026-03-10T00:38:47.040-05:00 DEBUG 23424 --- [tv-looker-test] [           main] o.h.SQL                                  : 
    alter table if exists actors_items 
       add constraint FKoqattyq95mwmybnvuav0htcsb 
       foreign key (actor_id_fk) 
       references actors
Hibernate: 
    alter table if exists actors_items 
       add constraint FKoqattyq95mwmybnvuav0htcsb 
       foreign key (actor_id_fk) 
       references actors
2026-03-10T00:38:47.042-05:00 DEBUG 23424 --- [tv-looker-test] [           main] o.h.SQL                                  : 
    alter table if exists actors_items 
       add constraint FK3k8cg84jngo36y6rohubnelha 
       foreign key (item_id_fk) 
       references items
Hibernate: 
    alter table if exists actors_items 
       add constraint FK3k8cg84jngo36y6rohubnelha 
       foreign key (item_id_fk) 
       references items
2026-03-10T00:38:47.043-05:00 DEBUG 23424 --- [tv-looker-test] [           main] o.h.SQL                                  : 
    alter table if exists directors_items 
       add constraint FKoskuexklbwag0gwufiq525mux 
       foreign key (director_id_fk) 
       references directors
Hibernate: 
    alter table if exists directors_items 
       add constraint FKoskuexklbwag0gwufiq525mux 
       foreign key (director_id_fk) 
       references directors
2026-03-10T00:38:47.045-05:00 DEBUG 23424 --- [tv-looker-test] [           main] o.h.SQL                                  : 
    alter table if exists directors_items 
       add constraint FKp47tmlnxuikt2ec0rdmvkk72f 
       foreign key (item_id_fk) 
       references items
Hibernate: 
    alter table if exists directors_items 
       add constraint FKp47tmlnxuikt2ec0rdmvkk72f 
       foreign key (item_id_fk) 
       references items
2026-03-10T00:38:47.047-05:00 DEBUG 23424 --- [tv-looker-test] [           main] o.h.SQL                                  : 
    alter table if exists favorite_items 
       add constraint FK8o52pde5nbxok1d4xb9q4sc1i 
       foreign key (item_id_fk) 
       references items
Hibernate: 
    alter table if exists favorite_items 
       add constraint FK8o52pde5nbxok1d4xb9q4sc1i 
       foreign key (item_id_fk) 
       references items
2026-03-10T00:38:47.049-05:00 DEBUG 23424 --- [tv-looker-test] [           main] o.h.SQL                                  : 
    alter table if exists favorite_items 
       add constraint FK1ie4lngjchmpe0x11n5e2n618 
       foreign key (list_id_fk) 
       references list_favorites
Hibernate: 
    alter table if exists favorite_items 
       add constraint FK1ie4lngjchmpe0x11n5e2n618 
       foreign key (list_id_fk) 
       references list_favorites
2026-03-10T00:38:47.052-05:00 DEBUG 23424 --- [tv-looker-test] [           main] o.h.SQL                                  : 
    alter table if exists genres_items 
       add constraint FKa4gk0x3yvn2wrkr52r7b8skda 
       foreign key (genre_id_fk) 
       references genres
Hibernate: 
    alter table if exists genres_items 
       add constraint FKa4gk0x3yvn2wrkr52r7b8skda 
       foreign key (genre_id_fk) 
       references genres
2026-03-10T00:38:47.053-05:00 DEBUG 23424 --- [tv-looker-test] [           main] o.h.SQL                                  : 
    alter table if exists genres_items 
       add constraint FKi0cww84bmajlv1ik1oa6g3l53 
       foreign key (item_id_fk) 
       references items
Hibernate: 
    alter table if exists genres_items 
       add constraint FKi0cww84bmajlv1ik1oa6g3l53 
       foreign key (item_id_fk) 
       references items
2026-03-10T00:38:47.056-05:00 DEBUG 23424 --- [tv-looker-test] [           main] o.h.SQL                                  : 
    alter table if exists interactions 
       add constraint FKpfbejxnfkvc2sw3g3wntlg3st 
       foreign key (item_id_pk) 
       references items
Hibernate: 
    alter table if exists interactions 
       add constraint FKpfbejxnfkvc2sw3g3wntlg3st 
       foreign key (item_id_pk) 
       references items
2026-03-10T00:38:47.057-05:00 DEBUG 23424 --- [tv-looker-test] [           main] o.h.SQL                                  : 
    alter table if exists interactions 
       add constraint FK3cj3hj0uxv7qc9bx4rubde2jt 
       foreign key (review_id_pk) 
       references reviews
Hibernate: 
    alter table if exists interactions 
       add constraint FK3cj3hj0uxv7qc9bx4rubde2jt 
       foreign key (review_id_pk) 
       references reviews
2026-03-10T00:38:47.059-05:00 DEBUG 23424 --- [tv-looker-test] [           main] o.h.SQL                                  : 
    alter table if exists interactions 
       add constraint FK5nnl2rxntej1tr0sr4bw0ekmh 
       foreign key (user_id_fk) 
       references users
Hibernate: 
    alter table if exists interactions 
       add constraint FK5nnl2rxntej1tr0sr4bw0ekmh 
       foreign key (user_id_fk) 
       references users
2026-03-10T00:38:47.061-05:00 DEBUG 23424 --- [tv-looker-test] [           main] o.h.SQL                                  : 
    alter table if exists list_favorites 
       add constraint FKsa0qufk8afbaa8nl25xf3dtg1 
       foreign key (user_id_fk) 
       references users
Hibernate: 
    alter table if exists list_favorites 
       add constraint FKsa0qufk8afbaa8nl25xf3dtg1 
       foreign key (user_id_fk) 
       references users
2026-03-10T00:38:47.063-05:00 DEBUG 23424 --- [tv-looker-test] [           main] o.h.SQL                                  : 
    alter table if exists reviews 
       add constraint FKnjm26alfvdafa7v64qaspygwy 
       foreign key (item_id_fk) 
       references items
Hibernate: 
    alter table if exists reviews 
       add constraint FKnjm26alfvdafa7v64qaspygwy 
       foreign key (item_id_fk) 
       references items
2026-03-10T00:38:47.065-05:00 DEBUG 23424 --- [tv-looker-test] [           main] o.h.SQL                                  : 
    alter table if exists reviews 
       add constraint FKmww6ufjf3moflgniv5g0m77co 
       foreign key (user_id_fk) 
       references users
Hibernate: 
    alter table if exists reviews 
       add constraint FKmww6ufjf3moflgniv5g0m77co 
       foreign key (user_id_fk) 
       references users
2026-03-10T00:38:47.071-05:00  INFO 23424 --- [tv-looker-test] [           main] j.LocalContainerEntityManagerFactoryBean : Initialized JPA EntityManagerFactory for persistence unit 'default'
2026-03-10T00:38:47.588-05:00  WARN 23424 --- [tv-looker-test] [           main] JpaBaseConfiguration$JpaWebConfiguration : spring.jpa.open-in-view is enabled by default. Therefore, database queries may be performed during view rendering. Explicitly configure spring.jpa.open-in-view to disable this warning
2026-03-10T00:38:47.911-05:00 DEBUG 23424 --- [tv-looker-test] [           main] s.w.s.m.m.a.RequestMappingHandlerMapping : 2 mappings in 'requestMappingHandlerMapping'
2026-03-10T00:38:47.979-05:00 DEBUG 23424 --- [tv-looker-test] [           main] o.s.w.s.h.SimpleUrlHandlerMapping        : Patterns [/webjars/**, /**] in 'resourceHandlerMapping'
2026-03-10T00:38:48.037-05:00 DEBUG 23424 --- [tv-looker-test] [           main] s.w.s.m.m.a.RequestMappingHandlerAdapter : ControllerAdvice beans: 0 @ModelAttribute, 0 @InitBinder, 2 RequestBodyAdvice, 1 ResponseBodyAdvice
2026-03-10T00:38:48.133-05:00 DEBUG 23424 --- [tv-looker-test] [           main] .m.m.a.ExceptionHandlerExceptionResolver : ControllerAdvice beans: 0 @ExceptionHandler, 1 ResponseBodyAdvice
2026-03-10T00:38:48.563-05:00  INFO 23424 --- [tv-looker-test] [           main] o.s.d.j.r.q.QueryEnhancerFactories       : Hibernate is in classpath; If applicable, HQL parser will be used.
2026-03-10T00:38:49.289-05:00  INFO 23424 --- [tv-looker-test] [           main] o.s.b.a.e.w.EndpointLinksResolver        : Exposing 1 endpoint beneath base path '/actuator'
2026-03-10T00:38:49.393-05:00 DEBUG 23424 --- [tv-looker-test] [           main] .s.b.a.l.ConditionEvaluationReportLogger : 


============================
CONDITIONS EVALUATION REPORT
============================


Positive matches:
-----------------

   AopAutoConfiguration matched:
      - @ConditionalOnBooleanProperty (spring.aop.auto=true) matched (OnPropertyCondition)

   AopAutoConfiguration.AspectJAutoProxyingConfiguration matched:
      - @ConditionalOnClass found required class 'org.aspectj.weaver.Advice' (OnClassCondition)

   AopAutoConfiguration.AspectJAutoProxyingConfiguration.CglibAutoProxyConfiguration matched:
      - @ConditionalOnBooleanProperty (spring.aop.proxy-target-class=true) matched (OnPropertyCondition)

   ApplicationAvailabilityAutoConfiguration#applicationAvailability matched:
      - @ConditionalOnMissingBean (types: org.springframework.boot.availability.ApplicationAvailability; SearchStrategy: all) did not find any beans (OnBeanCondition)

   AvailabilityHealthContributorAutoConfiguration matched:
      - @ConditionalOnClass found required class 'org.springframework.boot.health.contributor.Health' (OnClassCondition)

   AvailabilityProbesAutoConfiguration matched:
      - @ConditionalOnClass found required class 'org.springframework.boot.actuate.endpoint.annotation.Endpoint' (OnClassCondition)
      - @ConditionalOnBooleanProperty (management.endpoint.health.probes.enabled=true) matched (OnPropertyCondition)

   AvailabilityProbesAutoConfiguration#livenessStateHealthIndicator matched:
      - @ConditionalOnMissingBean (names: livenessStateHealthIndicator; SearchStrategy: all) did not find any beans (OnBeanCondition)

   AvailabilityProbesAutoConfiguration#readinessStateHealthIndicator matched:
      - @ConditionalOnMissingBean (names: readinessStateHealthIndicator; SearchStrategy: all) did not find any beans (OnBeanCondition)

   CompositeMeterRegistryAutoConfiguration matched:
      - @ConditionalOnClass found required class 'io.micrometer.core.instrument.composite.CompositeMeterRegistry' (OnClassCondition)

   DataJpaRepositoriesAutoConfiguration matched:
      - @ConditionalOnClass found required class 'org.springframework.data.jpa.repository.JpaRepository' (OnClassCondition)
      - @ConditionalOnBooleanProperty (spring.data.jpa.repositories.enabled=true) matched (OnPropertyCondition)
      - @ConditionalOnBean (types: javax.sql.DataSource; SearchStrategy: all) found bean 'dataSource'; @ConditionalOnMissingBean (types: org.springframework.data.jpa.repository.support.JpaRepositoryFactoryBean,org.springframework.data.jpa.repository.config.JpaRepositoryConfigExtension; SearchStrategy: all) did not find any beans (OnBeanCondition)

   DataRepositoryMetricsAutoConfiguration matched:
      - @ConditionalOnClass found required class 'org.springframework.data.repository.Repository' (OnClassCondition)
      - @ConditionalOnBean (types: io.micrometer.core.instrument.MeterRegistry; SearchStrategy: all) found bean 'simpleMeterRegistry' (OnBeanCondition)

   DataRepositoryMetricsAutoConfiguration#metricsRepositoryMethodInvocationListener matched:
      - @ConditionalOnMissingBean (types: org.springframework.boot.data.metrics.MetricsRepositoryMethodInvocationListener; SearchStrategy: all) did not find any beans (OnBeanCondition)

   DataRepositoryMetricsAutoConfiguration#repositoryTagsProvider matched:
      - @ConditionalOnMissingBean (types: org.springframework.boot.data.metrics.RepositoryTagsProvider; SearchStrategy: all) did not find any beans (OnBeanCondition)

   DataSourceAutoConfiguration matched:
      - @ConditionalOnClass found required classes 'javax.sql.DataSource', 'org.springframework.jdbc.datasource.embedded.EmbeddedDatabaseType' (OnClassCondition)
      - @ConditionalOnMissingBean (types: io.r2dbc.spi.ConnectionFactory; SearchStrategy: all) did not find any beans (OnBeanCondition)

   DataSourceAutoConfiguration.PooledDataSourceConfiguration matched:
      - AnyNestedCondition 1 matched 1 did not; NestedCondition on DataSourceAutoConfiguration.PooledDataSourceCondition.PooledDataSourceAvailable PooledDataSource found supported DataSource; NestedCondition on DataSourceAutoConfiguration.PooledDataSourceCondition.ExplicitType @ConditionalOnProperty (spring.datasource.type) did not find property 'spring.datasource.type' (DataSourceAutoConfiguration.PooledDataSourceCondition)
      - @ConditionalOnMissingBean (types: javax.sql.DataSource,javax.sql.XADataSource; SearchStrategy: all) did not find any beans (OnBeanCondition)

   DataSourceAutoConfiguration.PooledDataSourceConfiguration#jdbcConnectionDetails matched:
      - @ConditionalOnMissingBean (types: org.springframework.boot.jdbc.autoconfigure.JdbcConnectionDetails; SearchStrategy: all) did not find any beans (OnBeanCondition)

   DataSourceConfiguration.Hikari matched:
      - @ConditionalOnClass found required class 'com.zaxxer.hikari.HikariDataSource' (OnClassCondition)
      - @ConditionalOnProperty (spring.datasource.type=com.zaxxer.hikari.HikariDataSource) matched (OnPropertyCondition)
      - @ConditionalOnMissingBean (types: javax.sql.DataSource; SearchStrategy: all) did not find any beans (OnBeanCondition)

   DataSourceHealthContributorAutoConfiguration matched:
      - @ConditionalOnClass found required classes 'org.springframework.jdbc.core.JdbcTemplate', 'org.springframework.jdbc.datasource.lookup.AbstractRoutingDataSource', 'org.springframework.boot.health.autoconfigure.contributor.ConditionalOnEnabledHealthIndicator' (OnClassCondition)
      - @ConditionalOnEnabledHealthIndicator management.health.defaults.enabled is considered true (OnEnabledHealthIndicatorCondition)
      - @ConditionalOnBean (types: javax.sql.DataSource; SearchStrategy: all) found bean 'dataSource' (OnBeanCondition)

   DataSourceHealthContributorAutoConfiguration#dbHealthContributor matched:
      - @ConditionalOnMissingBean (names: dbHealthIndicator,dbHealthContributor; SearchStrategy: all) did not find any beans (OnBeanCondition)

   DataSourceInitializationAutoConfiguration matched:
      - @ConditionalOnClass found required class 'org.springframework.jdbc.datasource.init.DatabasePopulator' (OnClassCondition)
      - SQL InitializationDatabase Initialization default value is EMBEDDED (OnSqlInitializationCondition)
      - @ConditionalOnSingleCandidate (types: javax.sql.DataSource; SearchStrategy: all) found a single bean 'dataSource'; @ConditionalOnMissingBean (types: org.springframework.boot.sql.autoconfigure.init.ApplicationScriptDatabaseInitializer; SearchStrategy: all) did not find any beans (OnBeanCondition)

   DataSourcePoolMetadataProvidersConfiguration.HikariPoolDataSourceMetadataProviderConfiguration matched:
      - @ConditionalOnClass found required class 'com.zaxxer.hikari.HikariDataSource' (OnClassCondition)

   DataSourcePoolMetricsAutoConfiguration matched:
      - @ConditionalOnClass found required classes 'javax.sql.DataSource', 'io.micrometer.core.instrument.MeterRegistry' (OnClassCondition)
      - @ConditionalOnBean (types: javax.sql.DataSource,io.micrometer.core.instrument.MeterRegistry; SearchStrategy: all) found beans 'simpleMeterRegistry', 'dataSource' (OnBeanCondition)

   DataSourcePoolMetricsAutoConfiguration.DataSourcePoolMetadataMetricsConfiguration matched:
      - @ConditionalOnBean (types: org.springframework.boot.jdbc.metadata.DataSourcePoolMetadataProvider; SearchStrategy: all) found bean 'hikariPoolDataSourceMetadataProvider' (OnBeanCondition)

   DataSourcePoolMetricsAutoConfiguration.HikariDataSourceMetricsConfiguration matched:
      - @ConditionalOnClass found required class 'com.zaxxer.hikari.HikariDataSource' (OnClassCondition)

   DataSourceTransactionManagerAutoConfiguration matched:
      - @ConditionalOnClass found required classes 'javax.sql.DataSource', 'org.springframework.jdbc.core.JdbcTemplate', 'org.springframework.transaction.TransactionManager' (OnClassCondition)

   DataSourceTransactionManagerAutoConfiguration.JdbcTransactionManagerConfiguration matched:
      - @ConditionalOnSingleCandidate (types: javax.sql.DataSource; SearchStrategy: all) found a single bean 'dataSource' (OnBeanCondition)

   DataWebAutoConfiguration matched:
      - @ConditionalOnClass found required classes 'org.springframework.data.web.PageableHandlerMethodArgumentResolver', 'org.springframework.web.servlet.config.annotation.WebMvcConfigurer' (OnClassCondition)
      - found 'session' scope (OnWebApplicationCondition)
      - @ConditionalOnMissingBean (types: org.springframework.data.web.PageableHandlerMethodArgumentResolver; SearchStrategy: all) did not find any beans (OnBeanCondition)

   DataWebAutoConfiguration#pageableCustomizer matched:
      - @ConditionalOnMissingBean (types: org.springframework.data.web.config.PageableHandlerMethodArgumentResolverCustomizer; SearchStrategy: all) did not find any beans (OnBeanCondition)

   DataWebAutoConfiguration#sortCustomizer matched:
      - @ConditionalOnMissingBean (types: org.springframework.data.web.config.SortHandlerMethodArgumentResolverCustomizer; SearchStrategy: all) did not find any beans (OnBeanCondition)

   DataWebAutoConfiguration#springDataWebSettings matched:
      - @ConditionalOnMissingBean (types: org.springframework.data.web.config.SpringDataWebSettings; SearchStrategy: all) did not find any beans (OnBeanCondition)

   DiskSpaceHealthContributorAutoConfiguration matched:
      - @ConditionalOnClass found required class 'org.springframework.boot.health.contributor.Health' (OnClassCondition)
      - @ConditionalOnEnabledHealthIndicator management.health.defaults.enabled is considered true (OnEnabledHealthIndicatorCondition)

   DiskSpaceHealthContributorAutoConfiguration#diskSpaceHealthIndicator matched:
      - @ConditionalOnMissingBean (names: diskSpaceHealthIndicator; SearchStrategy: all) did not find any beans (OnBeanCondition)

   DispatcherServletAutoConfiguration matched:
      - @ConditionalOnClass found required class 'org.springframework.web.servlet.DispatcherServlet' (OnClassCondition)
      - found 'session' scope (OnWebApplicationCondition)

   DispatcherServletAutoConfiguration.DispatcherServletConfiguration matched:
      - @ConditionalOnClass found required class 'jakarta.servlet.ServletRegistration' (OnClassCondition)
      - Default DispatcherServlet did not find dispatcher servlet beans (DispatcherServletAutoConfiguration.DefaultDispatcherServletCondition)

   DispatcherServletAutoConfiguration.DispatcherServletRegistrationConfiguration matched:
      - @ConditionalOnClass found required class 'jakarta.servlet.ServletRegistration' (OnClassCondition)
      - DispatcherServlet Registration did not find servlet registration bean (DispatcherServletAutoConfiguration.DispatcherServletRegistrationCondition)

   DispatcherServletAutoConfiguration.DispatcherServletRegistrationConfiguration#dispatcherServletRegistration matched:
      - @ConditionalOnBean (names: dispatcherServlet types: org.springframework.web.servlet.DispatcherServlet; SearchStrategy: all) found bean 'dispatcherServlet' (OnBeanCondition)

   EndpointAutoConfiguration#endpointCachingOperationInvokerAdvisor matched:
      - @ConditionalOnMissingBean (types: org.springframework.boot.actuate.endpoint.invoker.cache.CachingOperationInvokerAdvisor; SearchStrategy: all) did not find any beans (OnBeanCondition)

   EndpointAutoConfiguration#endpointOperationParameterMapper matched:
      - @ConditionalOnMissingBean (types: org.springframework.boot.actuate.endpoint.invoke.ParameterValueMapper; SearchStrategy: all) did not find any beans (OnBeanCondition)

   EndpointAutoConfiguration#propertiesEndpointAccessResolver matched:
      - @ConditionalOnMissingBean (types: org.springframework.boot.actuate.endpoint.EndpointAccessResolver; SearchStrategy: all) did not find any beans (OnBeanCondition)

   ErrorMvcAutoConfiguration matched:
      - @ConditionalOnClass found required classes 'jakarta.servlet.Servlet', 'org.springframework.web.servlet.DispatcherServlet' (OnClassCondition)
      - found 'session' scope (OnWebApplicationCondition)

   ErrorMvcAutoConfiguration#basicErrorController matched:
      - @ConditionalOnMissingBean (types: org.springframework.boot.webmvc.error.ErrorController; SearchStrategy: current) did not find any beans (OnBeanCondition)

   ErrorMvcAutoConfiguration#errorAttributes matched:
      - @ConditionalOnMissingBean (types: org.springframework.boot.webmvc.error.ErrorAttributes; SearchStrategy: current) did not find any beans (OnBeanCondition)

   ErrorMvcAutoConfiguration.DefaultErrorViewResolverConfiguration#conventionErrorViewResolver matched:
      - @ConditionalOnBean (types: org.springframework.web.servlet.DispatcherServlet; SearchStrategy: all) found bean 'dispatcherServlet'; @ConditionalOnMissingBean (types: org.springframework.boot.webmvc.autoconfigure.error.ErrorViewResolver; SearchStrategy: all) did not find any beans (OnBeanCondition)

   ErrorMvcAutoConfiguration.WhitelabelErrorViewConfiguration matched:
      - @ConditionalOnBooleanProperty (spring.web.error.whitelabel.enabled=true) matched (OnPropertyCondition)
      - ErrorTemplate Missing did not find error template view (ErrorMvcAutoConfiguration.ErrorTemplateMissingCondition)

   ErrorMvcAutoConfiguration.WhitelabelErrorViewConfiguration#beanNameViewResolver matched:
      - @ConditionalOnMissingBean (types: org.springframework.web.servlet.view.BeanNameViewResolver; SearchStrategy: all) did not find any beans (OnBeanCondition)

   ErrorMvcAutoConfiguration.WhitelabelErrorViewConfiguration#defaultErrorView matched:
      - @ConditionalOnMissingBean (names: error; SearchStrategy: all) did not find any beans (OnBeanCondition)

   HealthContributorAutoConfiguration#pingHealthContributor matched:
      - @ConditionalOnEnabledHealthIndicator management.health.defaults.enabled is considered true (OnEnabledHealthIndicatorCondition)

   HealthContributorRegistryAutoConfiguration#healthContributorRegistry matched:
      - @ConditionalOnMissingBean (types: org.springframework.boot.health.registry.HealthContributorRegistry; SearchStrategy: all) did not find any beans (OnBeanCondition)

   HealthEndpointAutoConfiguration matched:
      - @ConditionalOnClass found required class 'org.springframework.boot.actuate.endpoint.annotation.Endpoint' (OnClassCondition)
      - @ConditionalOnAvailableEndpoint marked as exposed by a 'management.endpoints.web.exposure' property (OnAvailableEndpointCondition)
      - @ConditionalOnBean (types: org.springframework.boot.health.registry.HealthContributorRegistry; SearchStrategy: all) found bean 'healthContributorRegistry' (OnBeanCondition)

   HealthEndpointConfiguration#healthEndpoint matched:
      - @ConditionalOnMissingBean (types: org.springframework.boot.health.actuate.endpoint.HealthEndpoint; SearchStrategy: all) did not find any beans (OnBeanCondition)

   HealthEndpointConfiguration#healthEndpointGroupMembershipValidator matched:
      - @ConditionalOnBooleanProperty (management.endpoint.health.validate-group-membership=true) matched (OnPropertyCondition)

   HealthEndpointConfiguration#healthEndpointGroups matched:
      - @ConditionalOnMissingBean (types: org.springframework.boot.health.actuate.endpoint.HealthEndpointGroups; SearchStrategy: all) did not find any beans (OnBeanCondition)

   HealthEndpointConfiguration#healthHttpCodeStatusMapper matched:
      - @ConditionalOnMissingBean (types: org.springframework.boot.health.actuate.endpoint.HttpCodeStatusMapper; SearchStrategy: all) did not find any beans (OnBeanCondition)

   HealthEndpointConfiguration#healthStatusAggregator matched:
      - @ConditionalOnMissingBean (types: org.springframework.boot.health.actuate.endpoint.StatusAggregator; SearchStrategy: all) did not find any beans (OnBeanCondition)

   HealthEndpointWebExtensionConfiguration matched:
      - found 'session' scope (OnWebApplicationCondition)
      - @ConditionalOnAvailableEndpoint marked as exposed by a 'management.endpoints.web.exposure' property (OnAvailableEndpointCondition)
      - @ConditionalOnBean (types: org.springframework.boot.health.actuate.endpoint.HealthEndpoint; SearchStrategy: all) found bean 'healthEndpoint' (OnBeanCondition)

   HealthEndpointWebExtensionConfiguration#healthEndpointWebExtension matched:
      - @ConditionalOnMissingBean (types: org.springframework.boot.health.actuate.endpoint.HealthEndpointWebExtension; SearchStrategy: all) did not find any beans (OnBeanCondition)

   HibernateJpaAutoConfiguration matched:
      - @ConditionalOnClass found required classes 'org.springframework.orm.jpa.LocalContainerEntityManagerFactoryBean', 'jakarta.persistence.EntityManager', 'org.hibernate.engine.spi.SessionImplementor' (OnClassCondition)

   HibernateJpaConfiguration matched:
      - @ConditionalOnSingleCandidate (types: javax.sql.DataSource; SearchStrategy: all) found a single bean 'dataSource' (OnBeanCondition)

   HttpEncodingAutoConfiguration matched:
      - @ConditionalOnClass found required class 'org.springframework.web.filter.CharacterEncodingFilter' (OnClassCondition)
      - found 'session' scope (OnWebApplicationCondition)
      - @ConditionalOnBooleanProperty (spring.servlet.encoding.enabled=true) matched (OnPropertyCondition)

   HttpEncodingAutoConfiguration#characterEncodingFilter matched:
      - @ConditionalOnMissingBean (types: org.springframework.web.filter.CharacterEncodingFilter; SearchStrategy: all) did not find any beans (OnBeanCondition)

   HttpMessageConvertersAutoConfiguration matched:
      - @ConditionalOnClass found required class 'org.springframework.http.converter.HttpMessageConverter' (OnClassCondition)
      - NoneNestedConditions 0 matched 1 did not; NestedCondition on HttpMessageConvertersAutoConfiguration.NotReactiveWebApplicationCondition.ReactiveWebApplication did not find reactive web application classes (HttpMessageConvertersAutoConfiguration.NotReactiveWebApplicationCondition)

   HttpMessageConvertersAutoConfiguration.StringHttpMessageConverterConfiguration#stringHttpMessageConvertersCustomizer matched:
      - @ConditionalOnMissingBean (types: org.springframework.http.converter.StringHttpMessageConverter; SearchStrategy: all) did not find any beans (OnBeanCondition)

   JacksonAutoConfiguration matched:
      - @ConditionalOnClass found required class 'tools.jackson.databind.json.JsonMapper' (OnClassCondition)

   JacksonAutoConfiguration#jacksonJsonMapper matched:
      - @ConditionalOnMissingBean (types: tools.jackson.databind.json.JsonMapper; SearchStrategy: all) did not find any beans (OnBeanCondition)

   JacksonAutoConfiguration#jsonMapperBuilder matched:
      - @ConditionalOnMissingBean (types: tools.jackson.databind.json.JsonMapper$Builder; SearchStrategy: all) did not find any beans (OnBeanCondition)

   JacksonAutoConfiguration.JsonProblemDetailsConfiguration matched:
      - @ConditionalOnClass found required class 'org.springframework.http.ProblemDetail' (OnClassCondition)

   JacksonEndpointAutoConfiguration matched:
      - @ConditionalOnClass found required class 'tools.jackson.databind.json.JsonMapper' (OnClassCondition)

   JacksonEndpointAutoConfiguration#endpointJsonMapper matched:
      - @ConditionalOnBooleanProperty (management.endpoints.jackson.isolated-json-mapper=true) matched (OnPropertyCondition)

   JacksonHttpMessageConvertersConfiguration.JacksonJsonHttpMessageConverterConfiguration matched:
      - @ConditionalOnClass found required class 'tools.jackson.databind.json.JsonMapper' (OnClassCondition)
      - @ConditionalOnProperty (spring.http.converters.preferred-json-mapper=jackson) matched (OnPropertyCondition)
      - @ConditionalOnBean (types: tools.jackson.databind.json.JsonMapper; SearchStrategy: all) found bean 'jacksonJsonMapper' (OnBeanCondition)

   JacksonHttpMessageConvertersConfiguration.JacksonJsonHttpMessageConverterConfiguration#jacksonJsonHttpMessageConvertersCustomizer matched:
      - @ConditionalOnMissingBean (types: org.springframework.http.converter.json.JacksonJsonHttpMessageConverter ignored: org.springframework.hateoas.server.mvc.TypeConstrainedJacksonJsonHttpMessageConverter,org.springframework.data.rest.webmvc.alps.AlpsJacksonJsonHttpMessageConverter; SearchStrategy: all) did not find any beans (OnBeanCondition)

   JdbcClientAutoConfiguration matched:
      - @ConditionalOnSingleCandidate (types: org.springframework.jdbc.core.namedparam.NamedParameterJdbcTemplate; SearchStrategy: all) found a single bean 'namedParameterJdbcTemplate'; @ConditionalOnMissingBean (types: org.springframework.jdbc.core.simple.JdbcClient; SearchStrategy: all) did not find any beans (OnBeanCondition)

   JdbcSessionAutoConfiguration matched:
      - @ConditionalOnClass found required classes 'org.springframework.session.Session', 'org.springframework.jdbc.core.JdbcTemplate', 'org.springframework.session.jdbc.JdbcIndexedSessionRepository' (OnClassCondition)
      - found 'session' scope (OnWebApplicationCondition)
      - @ConditionalOnBean (types: javax.sql.DataSource; SearchStrategy: all) found bean 'dataSource'; @ConditionalOnMissingBean (types: org.springframework.session.SessionRepository; SearchStrategy: all) did not find any beans (OnBeanCondition)

   JdbcSessionAutoConfiguration#jdbcSessionDataSourceScriptDatabaseInitializer matched:
      - Jdbc SessionDatabase Initialization default value is EMBEDDED (JdbcSessionAutoConfiguration.OnJdbcSessionDatasourceInitializationCondition)
      - @ConditionalOnMissingBean (types: org.springframework.boot.session.jdbc.autoconfigure.JdbcSessionDataSourceScriptDatabaseInitializer; SearchStrategy: all) did not find any beans (OnBeanCondition)

   JdbcTemplateAutoConfiguration matched:
      - @ConditionalOnClass found required classes 'javax.sql.DataSource', 'org.springframework.jdbc.core.JdbcTemplate' (OnClassCondition)
      - @ConditionalOnSingleCandidate (types: javax.sql.DataSource; SearchStrategy: all) found a single bean 'dataSource' (OnBeanCondition)

   JdbcTemplateConfiguration matched:
      - @ConditionalOnMissingBean (types: org.springframework.jdbc.core.JdbcOperations; SearchStrategy: all) did not find any beans (OnBeanCondition)

   JpaBaseConfiguration#entityManagerFactory matched:
      - @ConditionalOnMissingBean (types: org.springframework.orm.jpa.LocalContainerEntityManagerFactoryBean,jakarta.persistence.EntityManagerFactory; SearchStrategy: all) did not find any beans (OnBeanCondition)

   JpaBaseConfiguration#entityManagerFactoryBuilder matched:
      - @ConditionalOnMissingBean (types: org.springframework.boot.jpa.EntityManagerFactoryBuilder; SearchStrategy: all) did not find any beans (OnBeanCondition)

   JpaBaseConfiguration#jpaVendorAdapter matched:
      - @ConditionalOnMissingBean (types: org.springframework.orm.jpa.JpaVendorAdapter; SearchStrategy: all) did not find any beans (OnBeanCondition)

   JpaBaseConfiguration#transactionManager matched:
      - @ConditionalOnMissingBean (types: org.springframework.transaction.TransactionManager; SearchStrategy: all) did not find any beans (OnBeanCondition)

   JpaBaseConfiguration.JpaWebConfiguration matched:
      - @ConditionalOnClass found required class 'org.springframework.web.servlet.config.annotation.WebMvcConfigurer' (OnClassCondition)
      - found 'session' scope (OnWebApplicationCondition)
      - @ConditionalOnBooleanProperty (spring.jpa.open-in-view=true) matched (OnPropertyCondition)
      - @ConditionalOnMissingBean (types: org.springframework.orm.jpa.support.OpenEntityManagerInViewInterceptor,org.springframework.orm.jpa.support.OpenEntityManagerInViewFilter; SearchStrategy: all) did not find any beans (OnBeanCondition)

   JpaBaseConfiguration.PersistenceManagedTypesConfiguration matched:
      - @ConditionalOnMissingBean (types: org.springframework.orm.jpa.LocalContainerEntityManagerFactoryBean,jakarta.persistence.EntityManagerFactory; SearchStrategy: all) did not find any beans (OnBeanCondition)

   JpaBaseConfiguration.PersistenceManagedTypesConfiguration#persistenceManagedTypes matched:
      - @ConditionalOnMissingBean (types: org.springframework.orm.jpa.persistenceunit.PersistenceManagedTypes; SearchStrategy: all) did not find any beans (OnBeanCondition)

   JtaAutoConfiguration matched:
      - @ConditionalOnClass found required class 'jakarta.transaction.Transaction' (OnClassCondition)
      - @ConditionalOnBooleanProperty (spring.jta.enabled=true) matched (OnPropertyCondition)

   JvmMetricsAutoConfiguration matched:
      - @ConditionalOnClass found required class 'io.micrometer.core.instrument.MeterRegistry' (OnClassCondition)
      - @ConditionalOnBean (types: io.micrometer.core.instrument.MeterRegistry; SearchStrategy: all) found bean 'simpleMeterRegistry' (OnBeanCondition)

   JvmMetricsAutoConfiguration#classLoaderMetrics matched:
      - @ConditionalOnMissingBean (types: io.micrometer.core.instrument.binder.jvm.ClassLoaderMetrics; SearchStrategy: all) did not find any beans (OnBeanCondition)

   JvmMetricsAutoConfiguration#jvmCompilationMetrics matched:
      - @ConditionalOnMissingBean (types: io.micrometer.core.instrument.binder.jvm.JvmCompilationMetrics; SearchStrategy: all) did not find any beans (OnBeanCondition)

   JvmMetricsAutoConfiguration#jvmGcMetrics matched:
      - @ConditionalOnMissingBean (types: io.micrometer.core.instrument.binder.jvm.JvmGcMetrics; SearchStrategy: all) did not find any beans (OnBeanCondition)

   JvmMetricsAutoConfiguration#jvmHeapPressureMetrics matched:
      - @ConditionalOnMissingBean (types: io.micrometer.core.instrument.binder.jvm.JvmHeapPressureMetrics; SearchStrategy: all) did not find any beans (OnBeanCondition)

   JvmMetricsAutoConfiguration#jvmInfoMetrics matched:
      - @ConditionalOnMissingBean (types: io.micrometer.core.instrument.binder.jvm.JvmInfoMetrics; SearchStrategy: all) did not find any beans (OnBeanCondition)

   JvmMetricsAutoConfiguration#jvmMemoryMetrics matched:
      - @ConditionalOnMissingBean (types: io.micrometer.core.instrument.binder.jvm.JvmMemoryMetrics; SearchStrategy: all) did not find any beans (OnBeanCondition)

   JvmMetricsAutoConfiguration#jvmThreadMetrics matched:
      - @ConditionalOnMissingBean (types: io.micrometer.core.instrument.binder.jvm.JvmThreadMetrics; SearchStrategy: all) did not find any beans (OnBeanCondition)

   LifecycleAutoConfiguration#defaultLifecycleProcessor matched:
      - @ConditionalOnMissingBean (names: lifecycleProcessor; SearchStrategy: current) did not find any beans (OnBeanCondition)

   Log4J2MetricsAutoConfiguration matched:
      - @ConditionalOnClass found required classes 'io.micrometer.core.instrument.binder.logging.Log4j2Metrics', 'org.apache.logging.log4j.LogManager', 'org.apache.logging.log4j.core.LoggerContext' (OnClassCondition)
      - LoggerContext was an instance of org.apache.logging.log4j.core.LoggerContext (Log4J2MetricsAutoConfiguration.Log4JCoreLoggerContextCondition)
      - @ConditionalOnBean (types: io.micrometer.core.instrument.MeterRegistry; SearchStrategy: all) found bean 'simpleMeterRegistry' (OnBeanCondition)

   Log4J2MetricsAutoConfiguration#log4j2Metrics matched:
      - @ConditionalOnMissingBean (types: io.micrometer.core.instrument.binder.logging.Log4j2Metrics; SearchStrategy: all) did not find any beans (OnBeanCondition)

   ManagementContextAutoConfiguration.SameManagementContextConfiguration matched:
      - Management Port actual port type (SAME) matched required type (OnManagementPortCondition)

   MetricsAutoConfiguration matched:
      - @ConditionalOnClass found required class 'io.micrometer.core.annotation.Timed' (OnClassCondition)

   MetricsAutoConfiguration#micrometerClock matched:
      - @ConditionalOnMissingBean (types: io.micrometer.core.instrument.Clock; SearchStrategy: all) did not find any beans (OnBeanCondition)

   MultipartAutoConfiguration matched:
      - @ConditionalOnClass found required classes 'jakarta.servlet.Servlet', 'org.springframework.web.multipart.support.StandardServletMultipartResolver', 'jakarta.servlet.MultipartConfigElement' (OnClassCondition)
      - found 'session' scope (OnWebApplicationCondition)
      - @ConditionalOnBooleanProperty (spring.servlet.multipart.enabled=true) matched (OnPropertyCondition)

   MultipartAutoConfiguration#multipartConfigElement matched:
      - @ConditionalOnMissingBean (types: jakarta.servlet.MultipartConfigElement; SearchStrategy: all) did not find any beans (OnBeanCondition)

   MultipartAutoConfiguration#multipartResolver matched:
      - @ConditionalOnMissingBean (types: org.springframework.web.multipart.MultipartResolver; SearchStrategy: all) did not find any beans (OnBeanCondition)

   NamedParameterJdbcTemplateConfiguration matched:
      - @ConditionalOnSingleCandidate (types: org.springframework.jdbc.core.JdbcTemplate; SearchStrategy: all) found a single bean 'jdbcTemplate'; @ConditionalOnMissingBean (types: org.springframework.jdbc.core.namedparam.NamedParameterJdbcOperations; SearchStrategy: all) did not find any beans (OnBeanCondition)

   ObservationAutoConfiguration matched:
      - @ConditionalOnClass found required class 'io.micrometer.observation.ObservationRegistry' (OnClassCondition)

   ObservationAutoConfiguration#observationRegistry matched:
      - @ConditionalOnMissingBean (types: io.micrometer.observation.ObservationRegistry; SearchStrategy: all) did not find any beans (OnBeanCondition)

   ObservationAutoConfiguration#spelValueExpressionResolver matched:
      - @ConditionalOnMissingBean (types: io.micrometer.common.annotation.ValueExpressionResolver; SearchStrategy: all) did not find any beans (OnBeanCondition)

   PersistenceExceptionTranslationAutoConfiguration matched:
      - @ConditionalOnClass found required class 'org.springframework.dao.annotation.PersistenceExceptionTranslationPostProcessor' (OnClassCondition)

   PersistenceExceptionTranslationAutoConfiguration#persistenceExceptionTranslationPostProcessor matched:
      - @ConditionalOnBooleanProperty (spring.persistence.exceptiontranslation.enabled=true) matched (OnPropertyCondition)
      - @ConditionalOnMissingBean (types: org.springframework.dao.annotation.PersistenceExceptionTranslationPostProcessor; SearchStrategy: all) did not find any beans (OnBeanCondition)

   PropertyPlaceholderAutoConfiguration#propertySourcesPlaceholderConfigurer matched:
      - @ConditionalOnMissingBean (types: org.springframework.context.support.PropertySourcesPlaceholderConfigurer; SearchStrategy: current) did not find any beans (OnBeanCondition)

   RecommendationConfig#popularityStrategy matched:
      - @ConditionalOnProperty (recommendation.strategies.popularity.enabled=true) matched (OnPropertyCondition)

   ScheduledTasksObservationAutoConfiguration matched:
      - @ConditionalOnClass found required class 'org.springframework.scheduling.concurrent.ThreadPoolTaskScheduler' (OnClassCondition)
      - @ConditionalOnBean (types: io.micrometer.observation.ObservationRegistry; SearchStrategy: all) found bean 'observationRegistry' (OnBeanCondition)

   ServletEndpointManagementContextConfiguration matched:
      - found 'session' scope (OnWebApplicationCondition)

   ServletManagementContextAutoConfiguration matched:
      - @ConditionalOnClass found required classes 'jakarta.servlet.Servlet', 'org.springframework.boot.actuate.autoconfigure.endpoint.web.WebEndpointProperties' (OnClassCondition)
      - found 'session' scope (OnWebApplicationCondition)

   SessionAutoConfiguration matched:
      - @ConditionalOnClass found required class 'org.springframework.session.Session' (OnClassCondition)
      - @ConditionalOnWebApplication (required) found 'session' scope (OnWebApplicationCondition)

   SessionAutoConfiguration.ServletSessionConfiguration matched:
      - found 'session' scope (OnWebApplicationCondition)

   SessionAutoConfiguration.ServletSessionConfiguration.WarDepoymentConfiguration matched:
      - Application is deployed as a WAR file. (OnWarDeploymentCondition)

   SessionAutoConfiguration.ServletSessionConfiguration.WarDepoymentConfiguration#cookieSerializer matched:
      - AnyNestedCondition 1 matched 1 did not; NestedCondition on SessionAutoConfiguration.DefaultCookieSerializerCondition.CookieHttpSessionIdResolverAvailable found non-matching nested conditions @ConditionalOnBean (types: org.springframework.session.web.http.CookieHttpSessionIdResolver; SearchStrategy: all) did not find any beans of type org.springframework.session.web.http.CookieHttpSessionIdResolver, @ConditionalOnBean (types: org.springframework.session.web.http.CookieHttpSessionIdResolver; SearchStrategy: all) did not find any beans of type org.springframework.session.web.http.CookieHttpSessionIdResolver; NestedCondition on SessionAutoConfiguration.DefaultCookieSerializerCondition.NoComponentsAvailable @ConditionalOnMissingBean (types: org.springframework.session.web.http.HttpSessionIdResolver,org.springframework.session.web.http.CookieSerializer; SearchStrategy: all) did not find any beans (SessionAutoConfiguration.DefaultCookieSerializerCondition)

   SessionRepositoryFilterConfiguration matched:
      - @ConditionalOnBean (types: org.springframework.session.web.http.SessionRepositoryFilter; SearchStrategy: all) found bean 'springSessionRepositoryFilter' (OnBeanCondition)

   SimpleMetricsExportAutoConfiguration matched:
      - @ConditionalOnEnabledMetricsExport management.simple.metrics.export.enabled is true (OnMetricsExportEnabledCondition)
      - @ConditionalOnBean (types: io.micrometer.core.instrument.Clock; SearchStrategy: all) found bean 'micrometerClock'; @ConditionalOnMissingBean (types: io.micrometer.core.instrument.MeterRegistry; SearchStrategy: all) did not find any beans (OnBeanCondition)

   SimpleMetricsExportAutoConfiguration#simpleConfig matched:
      - @ConditionalOnMissingBean (types: io.micrometer.core.instrument.simple.SimpleConfig; SearchStrategy: all) did not find any beans (OnBeanCondition)

   SslAutoConfiguration#sslBundleRegistry matched:
      - @ConditionalOnMissingBean (types: org.springframework.boot.ssl.SslBundleRegistry,org.springframework.boot.ssl.SslBundles; SearchStrategy: all) did not find any beans (OnBeanCondition)

   SslHealthContributorAutoConfiguration matched:
      - @ConditionalOnClass found required class 'org.springframework.boot.health.contributor.Health' (OnClassCondition)
      - @ConditionalOnEnabledHealthIndicator management.health.defaults.enabled is considered true (OnEnabledHealthIndicatorCondition)

   SslHealthContributorAutoConfiguration#sslHealthIndicator matched:
      - @ConditionalOnMissingBean (names: sslHealthIndicator; SearchStrategy: all) did not find any beans (OnBeanCondition)

   SslHealthContributorAutoConfiguration#sslInfo matched:
      - @ConditionalOnMissingBean (types: org.springframework.boot.info.SslInfo; SearchStrategy: all) did not find any beans (OnBeanCondition)

   SslMetricsAutoConfiguration matched:
      - @ConditionalOnClass found required class 'io.micrometer.core.instrument.MeterRegistry' (OnClassCondition)
      - @ConditionalOnBean (types: io.micrometer.core.instrument.MeterRegistry,org.springframework.boot.ssl.SslBundles; SearchStrategy: all) found beans 'sslBundleRegistry', 'simpleMeterRegistry' (OnBeanCondition)

   StartupTimeMetricsListenerAutoConfiguration matched:
      - @ConditionalOnClass found required class 'io.micrometer.core.instrument.MeterRegistry' (OnClassCondition)
      - @ConditionalOnBean (types: io.micrometer.core.instrument.MeterRegistry; SearchStrategy: all) found bean 'simpleMeterRegistry' (OnBeanCondition)

   StartupTimeMetricsListenerAutoConfiguration#startupTimeMetrics matched:
      - @ConditionalOnMissingBean (types: org.springframework.boot.micrometer.metrics.startup.StartupTimeMetricsListener; SearchStrategy: all) did not find any beans (OnBeanCondition)

   SystemMetricsAutoConfiguration matched:
      - @ConditionalOnClass found required class 'io.micrometer.core.instrument.MeterRegistry' (OnClassCondition)
      - @ConditionalOnBean (types: io.micrometer.core.instrument.MeterRegistry; SearchStrategy: all) found bean 'simpleMeterRegistry' (OnBeanCondition)

   SystemMetricsAutoConfiguration#diskSpaceMetrics matched:
      - @ConditionalOnMissingBean (types: org.springframework.boot.micrometer.metrics.system.DiskSpaceMetricsBinder; SearchStrategy: all) did not find any beans (OnBeanCondition)

   SystemMetricsAutoConfiguration#fileDescriptorMetrics matched:
      - @ConditionalOnMissingBean (types: io.micrometer.core.instrument.binder.system.FileDescriptorMetrics; SearchStrategy: all) did not find any beans (OnBeanCondition)

   SystemMetricsAutoConfiguration#processorMetrics matched:
      - @ConditionalOnMissingBean (types: io.micrometer.core.instrument.binder.system.ProcessorMetrics; SearchStrategy: all) did not find any beans (OnBeanCondition)

   SystemMetricsAutoConfiguration#uptimeMetrics matched:
      - @ConditionalOnMissingBean (types: io.micrometer.core.instrument.binder.system.UptimeMetrics; SearchStrategy: all) did not find any beans (OnBeanCondition)

   TaskExecutionAutoConfiguration matched:
      - @ConditionalOnClass found required class 'org.springframework.scheduling.concurrent.ThreadPoolTaskExecutor' (OnClassCondition)

   TaskExecutorConfigurations.AsyncConfigurerConfiguration matched:
      - @ConditionalOnMissingBean (types: org.springframework.scheduling.annotation.AsyncConfigurer; SearchStrategy: all) did not find any beans (OnBeanCondition)

   TaskExecutorConfigurations.SimpleAsyncTaskExecutorBuilderConfiguration#simpleAsyncTaskExecutorBuilder matched:
      - @ConditionalOnMissingBean (types: org.springframework.boot.task.SimpleAsyncTaskExecutorBuilder; SearchStrategy: all) did not find any beans (OnBeanCondition)
      - @ConditionalOnThreading found PLATFORM (OnThreadingCondition)

   TaskExecutorConfigurations.TaskExecutorConfiguration matched:
      - AnyNestedCondition 1 matched 1 did not; NestedCondition on TaskExecutorConfigurations.OnExecutorCondition.ModelCondition @ConditionalOnProperty (spring.task.execution.mode=force) did not find property 'spring.task.execution.mode'; NestedCondition on TaskExecutorConfigurations.OnExecutorCondition.ExecutorBeanCondition @ConditionalOnMissingBean (types: java.util.concurrent.Executor; SearchStrategy: all) did not find any beans (TaskExecutorConfigurations.OnExecutorCondition)

   TaskExecutorConfigurations.TaskExecutorConfiguration#applicationTaskExecutor matched:
      - @ConditionalOnThreading found PLATFORM (OnThreadingCondition)

   TaskExecutorConfigurations.ThreadPoolTaskExecutorBuilderConfiguration#threadPoolTaskExecutorBuilder matched:
      - @ConditionalOnMissingBean (types: org.springframework.boot.task.ThreadPoolTaskExecutorBuilder; SearchStrategy: all) did not find any beans (OnBeanCondition)

   TaskExecutorMetricsAutoConfiguration matched:
      - @ConditionalOnClass found required class 'io.micrometer.core.instrument.binder.jvm.ExecutorServiceMetrics' (OnClassCondition)
      - @ConditionalOnBean (types: java.util.concurrent.Executor,io.micrometer.core.instrument.MeterRegistry; SearchStrategy: all) found beans 'applicationTaskExecutor', 'simpleMeterRegistry', 'taskScheduler' (OnBeanCondition)

   TaskSchedulingAutoConfiguration matched:
      - @ConditionalOnClass found required class 'org.springframework.scheduling.concurrent.ThreadPoolTaskScheduler' (OnClassCondition)

   TaskSchedulingAutoConfiguration#scheduledBeanLazyInitializationExcludeFilter matched:
      - @ConditionalOnBean (names: org.springframework.scheduling.config.internalScheduledAnnotationProcessor; SearchStrategy: all) found bean 'org.springframework.scheduling.config.internalScheduledAnnotationProcessor' (OnBeanCondition)

   TaskSchedulingConfigurations.SimpleAsyncTaskSchedulerBuilderConfiguration#simpleAsyncTaskSchedulerBuilder matched:
      - @ConditionalOnMissingBean (types: org.springframework.boot.task.SimpleAsyncTaskSchedulerBuilder; SearchStrategy: all) did not find any beans (OnBeanCondition)
      - @ConditionalOnThreading found PLATFORM (OnThreadingCondition)

   TaskSchedulingConfigurations.TaskSchedulerConfiguration matched:
      - @ConditionalOnBean (names: org.springframework.scheduling.config.internalScheduledAnnotationProcessor; SearchStrategy: all) found bean 'org.springframework.scheduling.config.internalScheduledAnnotationProcessor'; @ConditionalOnMissingBean (types: org.springframework.scheduling.TaskScheduler,java.util.concurrent.ScheduledExecutorService; SearchStrategy: all) did not find any beans (OnBeanCondition)

   TaskSchedulingConfigurations.TaskSchedulerConfiguration#taskScheduler matched:
      - @ConditionalOnThreading found PLATFORM (OnThreadingCondition)

   TaskSchedulingConfigurations.ThreadPoolTaskSchedulerBuilderConfiguration#threadPoolTaskSchedulerBuilder matched:
      - @ConditionalOnMissingBean (types: org.springframework.boot.task.ThreadPoolTaskSchedulerBuilder; SearchStrategy: all) did not find any beans (OnBeanCondition)

   TomcatMetricsAutoConfiguration matched:
      - @ConditionalOnClass found required classes 'io.micrometer.core.instrument.binder.tomcat.TomcatMetrics', 'org.apache.catalina.Manager', 'io.micrometer.core.instrument.MeterRegistry' (OnClassCondition)
      - @ConditionalOnWebApplication (required) found 'session' scope (OnWebApplicationCondition)

   TomcatMetricsAutoConfiguration#tomcatMetricsBinder matched:
      - @ConditionalOnBean (types: io.micrometer.core.instrument.MeterRegistry; SearchStrategy: all) found bean 'simpleMeterRegistry'; @ConditionalOnMissingBean (types: io.micrometer.core.instrument.binder.tomcat.TomcatMetrics,org.springframework.boot.tomcat.metrics.TomcatMetricsBinder; SearchStrategy: all) did not find any beans (OnBeanCondition)

   TomcatServletWebServerAutoConfiguration matched:
      - @ConditionalOnClass found required classes 'jakarta.servlet.ServletRequest', 'org.apache.catalina.startup.Tomcat', 'org.apache.coyote.UpgradeProtocol', 'org.springframework.boot.tomcat.servlet.TomcatServletWebServerFactory' (OnClassCondition)
      - found 'session' scope (OnWebApplicationCondition)

   TomcatServletWebServerAutoConfiguration#tomcatServletWebServerFactory matched:
      - @ConditionalOnMissingBean (types: org.springframework.boot.web.server.servlet.ServletWebServerFactory; SearchStrategy: current) did not find any beans (OnBeanCondition)

   TransactionAutoConfiguration matched:
      - @ConditionalOnClass found required class 'org.springframework.transaction.PlatformTransactionManager' (OnClassCondition)

   TransactionAutoConfiguration.EnableTransactionManagementConfiguration matched:
      - @ConditionalOnBean (types: org.springframework.transaction.TransactionManager; SearchStrategy: all) found bean 'transactionManager'; @ConditionalOnMissingBean (types: org.springframework.transaction.annotation.AbstractTransactionManagementConfiguration; SearchStrategy: all) did not find any beans (OnBeanCondition)

   TransactionAutoConfiguration.EnableTransactionManagementConfiguration.CglibAutoProxyConfiguration matched:
      - @ConditionalOnBooleanProperty (spring.aop.proxy-target-class=true) matched (OnPropertyCondition)

   TransactionAutoConfiguration.TransactionTemplateConfiguration matched:
      - @ConditionalOnSingleCandidate (types: org.springframework.transaction.PlatformTransactionManager; SearchStrategy: all) found a single bean 'transactionManager' (OnBeanCondition)

   TransactionAutoConfiguration.TransactionTemplateConfiguration#transactionTemplate matched:
      - @ConditionalOnMissingBean (types: org.springframework.transaction.support.TransactionOperations; SearchStrategy: all) did not find any beans (OnBeanCondition)

   TransactionManagerCustomizationAutoConfiguration matched:
      - @ConditionalOnClass found required class 'org.springframework.transaction.PlatformTransactionManager' (OnClassCondition)

   TransactionManagerCustomizationAutoConfiguration#platformTransactionManagerCustomizers matched:
      - @ConditionalOnMissingBean (types: org.springframework.boot.transaction.autoconfigure.TransactionManagerCustomizers; SearchStrategy: all) did not find any beans (OnBeanCondition)

   ValidationAutoConfiguration matched:
      - @ConditionalOnClass found required class 'jakarta.validation.executable.ExecutableValidator' (OnClassCondition)
      - @ConditionalOnResource found location classpath:META-INF/services/jakarta.validation.spi.ValidationProvider (OnResourceCondition)

   ValidationAutoConfiguration#defaultValidator matched:
      - @ConditionalOnMissingBean (types: jakarta.validation.Validator; SearchStrategy: all) did not find any beans (OnBeanCondition)

   ValidationAutoConfiguration#methodValidationPostProcessor matched:
      - @ConditionalOnMissingBean (types: org.springframework.validation.beanvalidation.MethodValidationPostProcessor; SearchStrategy: current) did not find any beans (OnBeanCondition)

   WebEndpointAutoConfiguration matched:
      - @ConditionalOnWebApplication (required) found 'session' scope (OnWebApplicationCondition)

   WebEndpointAutoConfiguration#controllerEndpointDiscoverer matched:
      - @ConditionalOnMissingBean (types: org.springframework.boot.actuate.endpoint.web.annotation.ControllerEndpointsSupplier; SearchStrategy: all) did not find any beans (OnBeanCondition)

   WebEndpointAutoConfiguration#endpointMediaTypes matched:
      - @ConditionalOnMissingBean (types: org.springframework.boot.actuate.endpoint.web.EndpointMediaTypes; SearchStrategy: all) did not find any beans (OnBeanCondition)

   WebEndpointAutoConfiguration#pathMappedEndpoints matched:
      - @ConditionalOnMissingBean (types: org.springframework.boot.actuate.endpoint.web.PathMappedEndpoints; SearchStrategy: all) did not find any beans (OnBeanCondition)

   WebEndpointAutoConfiguration#webEndpointDiscoverer matched:
      - @ConditionalOnMissingBean (types: org.springframework.boot.actuate.endpoint.web.WebEndpointsSupplier; SearchStrategy: all) did not find any beans (OnBeanCondition)

   WebEndpointAutoConfiguration.WebEndpointServletConfiguration matched:
      - found 'session' scope (OnWebApplicationCondition)

   WebEndpointAutoConfiguration.WebEndpointServletConfiguration#servletEndpointDiscoverer matched:
      - @ConditionalOnMissingBean (types: org.springframework.boot.actuate.endpoint.web.annotation.ServletEndpointsSupplier; SearchStrategy: all) did not find any beans (OnBeanCondition)

   WebMvcAutoConfiguration matched:
      - @ConditionalOnClass found required classes 'jakarta.servlet.Servlet', 'org.springframework.web.servlet.DispatcherServlet', 'org.springframework.web.servlet.config.annotation.WebMvcConfigurer' (OnClassCondition)
      - found 'session' scope (OnWebApplicationCondition)
      - @ConditionalOnMissingBean (types: org.springframework.web.servlet.config.annotation.WebMvcConfigurationSupport; SearchStrategy: all) did not find any beans (OnBeanCondition)

   WebMvcAutoConfiguration#formContentFilter matched:
      - @ConditionalOnBooleanProperty (spring.mvc.formcontent.filter.enabled=true) matched (OnPropertyCondition)
      - @ConditionalOnMissingBean (types: org.springframework.web.filter.FormContentFilter; SearchStrategy: all) did not find any beans (OnBeanCondition)

   WebMvcAutoConfiguration.EnableWebMvcConfiguration#flashMapManager matched:
      - @ConditionalOnMissingBean (names: flashMapManager; SearchStrategy: all) did not find any beans (OnBeanCondition)

   WebMvcAutoConfiguration.EnableWebMvcConfiguration#localeResolver matched:
      - @ConditionalOnMissingBean (names: localeResolver; SearchStrategy: all) did not find any beans (OnBeanCondition)

   WebMvcAutoConfiguration.EnableWebMvcConfiguration#viewNameTranslator matched:
      - @ConditionalOnMissingBean (names: viewNameTranslator; SearchStrategy: all) did not find any beans (OnBeanCondition)

   WebMvcAutoConfiguration.WebMvcAutoConfigurationAdapter#defaultViewResolver matched:
      - @ConditionalOnMissingBean (types: org.springframework.web.servlet.view.InternalResourceViewResolver; SearchStrategy: all) did not find any beans (OnBeanCondition)

   WebMvcAutoConfiguration.WebMvcAutoConfigurationAdapter#requestContextFilter matched:
      - @ConditionalOnMissingBean (types: org.springframework.web.context.request.RequestContextListener,org.springframework.web.filter.RequestContextFilter; SearchStrategy: all) did not find any beans (OnBeanCondition)

   WebMvcAutoConfiguration.WebMvcAutoConfigurationAdapter#viewResolver matched:
      - @ConditionalOnBean (types: org.springframework.web.servlet.ViewResolver; SearchStrategy: all) found beans 'defaultViewResolver', 'beanNameViewResolver', 'mvcViewResolver'; @ConditionalOnMissingBean (names: viewResolver types: org.springframework.web.servlet.view.ContentNegotiatingViewResolver; SearchStrategy: all) did not find any beans (OnBeanCondition)

   WebMvcEndpointManagementContextConfiguration matched:
      - found 'session' scope (OnWebApplicationCondition)
      - @ConditionalOnBean (types: org.springframework.web.servlet.DispatcherServlet,org.springframework.boot.actuate.endpoint.web.WebEndpointsSupplier; SearchStrategy: all) found beans 'webEndpointDiscoverer', 'dispatcherServlet' (OnBeanCondition)

   WebMvcEndpointManagementContextConfiguration#controllerEndpointHandlerMapping matched:
      - @ConditionalOnMissingBean (types: org.springframework.boot.webmvc.actuate.endpoint.web.ControllerEndpointHandlerMapping; SearchStrategy: all) did not find any beans (OnBeanCondition)

   WebMvcEndpointManagementContextConfiguration#endpointJsonMapperWebMvcConfigurer matched:
      - @ConditionalOnBean (types: org.springframework.boot.actuate.endpoint.jackson.EndpointJsonMapper; SearchStrategy: all) found bean 'endpointJsonMapper' (OnBeanCondition)

   WebMvcEndpointManagementContextConfiguration#webEndpointServletHandlerMapping matched:
      - @ConditionalOnMissingBean (types: org.springframework.boot.webmvc.actuate.endpoint.web.WebMvcEndpointHandlerMapping; SearchStrategy: all) did not find any beans (OnBeanCondition)

   WebMvcHealthEndpointExtensionAutoConfiguration matched:
      - @ConditionalOnClass found required class 'org.springframework.boot.health.actuate.endpoint.HealthEndpoint' (OnClassCondition)
      - found 'session' scope (OnWebApplicationCondition)
      - @ConditionalOnAvailableEndpoint marked as exposed by a 'management.endpoints.web.exposure' property (OnAvailableEndpointCondition)
      - @ConditionalOnBean (types: org.springframework.boot.health.actuate.endpoint.HealthEndpoint,org.springframework.boot.actuate.endpoint.web.WebEndpointsSupplier,org.springframework.boot.health.actuate.endpoint.HealthEndpointGroups; SearchStrategy: all) found beans 'webEndpointDiscoverer', 'healthEndpoint', 'healthEndpointGroups' (OnBeanCondition)

   WebMvcObservationAutoConfiguration matched:
      - @ConditionalOnClass found required classes 'org.springframework.web.servlet.DispatcherServlet', 'io.micrometer.observation.Observation', 'org.springframework.boot.micrometer.observation.autoconfigure.ObservationProperties' (OnClassCondition)
      - found 'session' scope (OnWebApplicationCondition)
      - @ConditionalOnBean (types: io.micrometer.observation.ObservationRegistry; SearchStrategy: all) found bean 'observationRegistry' (OnBeanCondition)

   WebMvcObservationAutoConfiguration#webMvcObservationFilter matched:
      - @ConditionalOnMissingBean (types: org.springframework.web.filter.ServerHttpObservationFilter; SearchStrategy: all) did not find any beans (OnBeanCondition)

   WebMvcObservationAutoConfiguration.MeterFilterConfiguration matched:
      - @ConditionalOnClass found required classes 'io.micrometer.core.instrument.MeterRegistry', 'org.springframework.boot.micrometer.metrics.autoconfigure.MetricsProperties' (OnClassCondition)
      - @ConditionalOnBean (types: io.micrometer.core.instrument.MeterRegistry; SearchStrategy: all) found bean 'simpleMeterRegistry' (OnBeanCondition)


Negative matches:
-----------------

   AopAutoConfiguration.AspectJAutoProxyingConfiguration.JdkDynamicAutoProxyConfiguration:
      Did not match:
         - @ConditionalOnBooleanProperty (spring.aop.proxy-target-class=false) did not find property 'spring.aop.proxy-target-class' (OnPropertyCondition)

   AopAutoConfiguration.ClassProxyingConfiguration:
      Did not match:
         - @ConditionalOnMissingClass found unwanted class 'org.aspectj.weaver.Advice' (OnClassCondition)

   AppOpticsMetricsExportAutoConfiguration:
      Did not match:
         - @ConditionalOnClass did not find required class 'io.micrometer.appoptics.AppOpticsMeterRegistry' (OnClassCondition)

   AtlasMetricsExportAutoConfiguration:
      Did not match:
         - @ConditionalOnClass did not find required class 'io.micrometer.atlas.AtlasMeterRegistry' (OnClassCondition)

   AuditAutoConfiguration:
      Did not match:
         - @ConditionalOnBean (types: org.springframework.boot.actuate.audit.AuditEventRepository; SearchStrategy: all) did not find any beans of type org.springframework.boot.actuate.audit.AuditEventRepository (OnBeanCondition)
      Matched:
         - @ConditionalOnBooleanProperty (management.auditevents.enabled=true) matched (OnPropertyCondition)

   AuditEventsEndpointAutoConfiguration:
      Did not match:
         - @ConditionalOnAvailableEndpoint not exposed (OnAvailableEndpointCondition)

   AvailabilityHealthContributorAutoConfiguration#livenessStateHealthIndicator:
      Did not match:
         - @ConditionalOnBooleanProperty (management.health.livenessstate.enabled=true) did not find property 'management.health.livenessstate.enabled' (OnPropertyCondition)

   AvailabilityHealthContributorAutoConfiguration#readinessStateHealthIndicator:
      Did not match:
         - @ConditionalOnBooleanProperty (management.health.readinessstate.enabled=true) did not find property 'management.health.readinessstate.enabled' (OnPropertyCondition)

   BeansEndpointAutoConfiguration:
      Did not match:
         - @ConditionalOnAvailableEndpoint not exposed (OnAvailableEndpointCondition)

   CompositeMeterRegistryConfiguration:
      Did not match:
         - NoneNestedConditions 1 matched 1 did not; NestedCondition on CompositeMeterRegistryConfiguration.MultipleNonPrimaryMeterRegistriesCondition.SingleInjectableMeterRegistry @ConditionalOnSingleCandidate (types: io.micrometer.core.instrument.MeterRegistry; SearchStrategy: all) found a single bean 'simpleMeterRegistry'; NestedCondition on CompositeMeterRegistryConfiguration.MultipleNonPrimaryMeterRegistriesCondition.NoMeterRegistryCondition @ConditionalOnMissingBean (types: io.micrometer.core.instrument.MeterRegistry; SearchStrategy: all) found beans of type 'io.micrometer.core.instrument.MeterRegistry' simpleMeterRegistry (CompositeMeterRegistryConfiguration.MultipleNonPrimaryMeterRegistriesCondition)

   ConditionsReportEndpointAutoConfiguration:
      Did not match:
         - @ConditionalOnAvailableEndpoint not exposed (OnAvailableEndpointCondition)

   ConfigurationPropertiesReportEndpointAutoConfiguration:
      Did not match:
         - @ConditionalOnAvailableEndpoint not exposed (OnAvailableEndpointCondition)

   DataJpaRepositoriesAutoConfiguration#entityManagerFactoryBootstrapExecutorCustomizer:
      Did not match:
         - AnyNestedCondition 0 matched 2 did not; NestedCondition on DataJpaRepositoriesAutoConfiguration.BootstrapExecutorCondition.LazyBootstrapMode @ConditionalOnProperty (spring.data.jpa.repositories.bootstrap-mode=lazy) did not find property 'spring.data.jpa.repositories.bootstrap-mode'; NestedCondition on DataJpaRepositoriesAutoConfiguration.BootstrapExecutorCondition.DeferredBootstrapMode @ConditionalOnProperty (spring.data.jpa.repositories.bootstrap-mode=deferred) did not find property 'spring.data.jpa.repositories.bootstrap-mode' (DataJpaRepositoriesAutoConfiguration.BootstrapExecutorCondition)

   DataSourceAutoConfiguration.EmbeddedDatabaseConfiguration:
      Did not match:
         - EmbeddedDataSource spring.datasource.url is set (DataSourceAutoConfiguration.EmbeddedDatabaseCondition)

   DataSourceCheckpointRestoreConfiguration:
      Did not match:
         - @ConditionalOnClass did not find required class 'org.crac.Resource' (OnClassCondition)

   DataSourceConfiguration.Dbcp2:
      Did not match:
         - @ConditionalOnClass did not find required class 'org.apache.commons.dbcp2.BasicDataSource' (OnClassCondition)

   DataSourceConfiguration.Generic:
      Did not match:
         - @ConditionalOnProperty (spring.datasource.type) did not find property 'spring.datasource.type' (OnPropertyCondition)

   DataSourceConfiguration.OracleUcp:
      Did not match:
         - @ConditionalOnClass did not find required classes 'oracle.ucp.jdbc.PoolDataSourceImpl', 'oracle.jdbc.OracleConnection' (OnClassCondition)

   DataSourceConfiguration.Tomcat:
      Did not match:
         - @ConditionalOnClass did not find required class 'org.apache.tomcat.jdbc.pool.DataSource' (OnClassCondition)

   DataSourceJmxConfiguration:
      Did not match:
         - @ConditionalOnBooleanProperty (spring.jmx.enabled=true) found different value in property 'spring.jmx.enabled' (OnPropertyCondition)

   DataSourcePoolMetadataProvidersConfiguration.CommonsDbcp2PoolDataSourceMetadataProviderConfiguration:
      Did not match:
         - @ConditionalOnClass did not find required class 'org.apache.commons.dbcp2.BasicDataSource' (OnClassCondition)

   DataSourcePoolMetadataProvidersConfiguration.OracleUcpPoolDataSourceMetadataProviderConfiguration:
      Did not match:
         - @ConditionalOnClass did not find required classes 'oracle.ucp.jdbc.PoolDataSource', 'oracle.jdbc.OracleConnection' (OnClassCondition)

   DataSourcePoolMetadataProvidersConfiguration.TomcatDataSourcePoolMetadataProviderConfiguration:
      Did not match:
         - @ConditionalOnClass did not find required class 'org.apache.tomcat.jdbc.pool.DataSource' (OnClassCondition)

   DataSourceTransactionManagerAutoConfiguration.JdbcTransactionManagerConfiguration#transactionManager:
      Did not match:
         - @ConditionalOnMissingBean (types: org.springframework.transaction.TransactionManager; SearchStrategy: all) found beans of type 'org.springframework.transaction.TransactionManager' transactionManager (OnBeanCondition)

   DatadogMetricsExportAutoConfiguration:
      Did not match:
         - @ConditionalOnClass did not find required class 'io.micrometer.datadog.DatadogMeterRegistry' (OnClassCondition)

   DevToolsDataSourceAutoConfiguration:
      Did not match:
         - Devtools devtools is disabled for current context. (OnEnabledDevToolsCondition)
      Matched:
         - @ConditionalOnClass found required class 'javax.sql.DataSource' (OnClassCondition)

   DevToolsR2dbcAutoConfiguration:
      Did not match:
         - @ConditionalOnClass did not find required class 'io.r2dbc.spi.ConnectionFactory' (OnClassCondition)

   DispatcherServletAutoConfiguration.DispatcherServletConfiguration#multipartResolver:
      Did not match:
         - @ConditionalOnBean (types: org.springframework.web.multipart.MultipartResolver; SearchStrategy: all) did not find any beans of type org.springframework.web.multipart.MultipartResolver (OnBeanCondition)

   DynatraceMetricsExportAutoConfiguration:
      Did not match:
         - @ConditionalOnClass did not find required class 'io.micrometer.dynatrace.DynatraceMeterRegistry' (OnClassCondition)

   ElasticMetricsExportAutoConfiguration:
      Did not match:
         - @ConditionalOnClass did not find required class 'io.micrometer.elastic.ElasticMeterRegistry' (OnClassCondition)

   EnvironmentEndpointAutoConfiguration:
      Did not match:
         - @ConditionalOnAvailableEndpoint not exposed (OnAvailableEndpointCondition)

   GangliaMetricsExportAutoConfiguration:
      Did not match:
         - @ConditionalOnClass did not find required class 'io.micrometer.ganglia.GangliaMeterRegistry' (OnClassCondition)

   GraphiteMetricsExportAutoConfiguration:
      Did not match:
         - @ConditionalOnClass did not find required class 'io.micrometer.graphite.GraphiteMeterRegistry' (OnClassCondition)

   GsonHttpMessageConvertersConfiguration:
      Did not match:
         - @ConditionalOnClass did not find required class 'com.google.gson.Gson' (OnClassCondition)

   H2ConsoleAutoConfiguration:
      Did not match:
         - @ConditionalOnBooleanProperty (spring.h2.console.enabled=true) found different value in property 'spring.h2.console.enabled' (OnPropertyCondition)
      Matched:
         - @ConditionalOnClass found required class 'org.h2.server.web.JakartaWebServlet' (OnClassCondition)
         - found 'session' scope (OnWebApplicationCondition)

   HealthContributorRegistryAutoConfiguration.ReactiveHealthContributorRegistryConfiguration:
      Did not match:
         - @ConditionalOnClass did not find required class 'reactor.core.publisher.Flux' (OnClassCondition)

   HealthEndpointReactiveWebExtensionConfiguration:
      Did not match:
         - did not find reactive web application classes (OnWebApplicationCondition)

   HeapDumpWebEndpointAutoConfiguration:
      Did not match:
         - @ConditionalOnAvailableEndpoint the configured access for endpoint 'heapdump' is NONE (OnAvailableEndpointCondition)

   HibernateMetricsAutoConfiguration:
      Did not match:
         - @ConditionalOnClass did not find required class 'org.hibernate.stat.HibernateMetrics' (OnClassCondition)

   HttpExchangesEndpointAutoConfiguration:
      Did not match:
         - @ConditionalOnAvailableEndpoint not exposed (OnAvailableEndpointCondition)

   HumioMetricsExportAutoConfiguration:
      Did not match:
         - @ConditionalOnClass did not find required class 'io.micrometer.humio.HumioMeterRegistry' (OnClassCondition)

   InfluxMetricsExportAutoConfiguration:
      Did not match:
         - @ConditionalOnClass did not find required class 'io.micrometer.influx.InfluxMeterRegistry' (OnClassCondition)

   InfoContributorAutoConfiguration#buildInfoContributor:
      Did not match:
         - @ConditionalOnSingleCandidate (types: org.springframework.boot.info.BuildProperties; SearchStrategy: all) did not find any beans (OnBeanCondition)
      Matched:
         - @ConditionalOnEnabledInfoContributor management.info.defaults.enabled is considered true (OnEnabledInfoContributorCondition)

   InfoContributorAutoConfiguration#envInfoContributor:
      Did not match:
         - @ConditionalOnEnabledInfoContributor management.info.env.enabled is not true (OnEnabledInfoContributorCondition)

   InfoContributorAutoConfiguration#gitInfoContributor:
      Did not match:
         - @ConditionalOnSingleCandidate (types: org.springframework.boot.info.GitProperties; SearchStrategy: all) did not find any beans (OnBeanCondition)
      Matched:
         - @ConditionalOnEnabledInfoContributor management.info.defaults.enabled is considered true (OnEnabledInfoContributorCondition)

   InfoContributorAutoConfiguration#javaInfoContributor:
      Did not match:
         - @ConditionalOnEnabledInfoContributor management.info.java.enabled is not true (OnEnabledInfoContributorCondition)

   InfoContributorAutoConfiguration#osInfoContributor:
      Did not match:
         - @ConditionalOnEnabledInfoContributor management.info.os.enabled is not true (OnEnabledInfoContributorCondition)

   InfoContributorAutoConfiguration#processInfoContributor:
      Did not match:
         - @ConditionalOnEnabledInfoContributor management.info.process.enabled is not true (OnEnabledInfoContributorCondition)

   InfoContributorAutoConfiguration#sslInfo:
      Did not match:
         - @ConditionalOnEnabledInfoContributor management.info.ssl.enabled is not true (OnEnabledInfoContributorCondition)
      Matched:
         - @ConditionalOnMissingBean (types: org.springframework.boot.info.SslInfo; SearchStrategy: all) did not find any beans (OnBeanCondition)

   InfoContributorAutoConfiguration#sslInfoContributor:
      Did not match:
         - @ConditionalOnEnabledInfoContributor management.info.ssl.enabled is not true (OnEnabledInfoContributorCondition)

   InfoEndpointAutoConfiguration:
      Did not match:
         - @ConditionalOnAvailableEndpoint not exposed (OnAvailableEndpointCondition)

   Jackson2EndpointAutoConfiguration:
      Did not match:
         - @ConditionalOnClass did not find required class 'com.fasterxml.jackson.databind.ObjectMapper' (OnClassCondition)

   Jackson2HttpMessageConvertersConfiguration.MappingJackson2HttpMessageConverterConfiguration:
      Did not match:
         - @ConditionalOnClass did not find required class 'com.fasterxml.jackson.databind.ObjectMapper' (OnClassCondition)

   Jackson2HttpMessageConvertersConfiguration.MappingJackson2XmlHttpMessageConverterConfiguration:
      Did not match:
         - @ConditionalOnClass did not find required class 'tools.jackson.dataformat.xml.XmlMapper' (OnClassCondition)

   JacksonAutoConfiguration.CborConfiguration:
      Did not match:
         - @ConditionalOnClass did not find required class 'tools.jackson.dataformat.cbor.CBORMapper' (OnClassCondition)

   JacksonAutoConfiguration.XmlConfiguration:
      Did not match:
         - @ConditionalOnClass did not find required class 'tools.jackson.dataformat.xml.XmlMapper' (OnClassCondition)

   JacksonHttpMessageConvertersConfiguration.JacksonXmlHttpMessageConverterConfiguration:
      Did not match:
         - @ConditionalOnClass did not find required class 'tools.jackson.dataformat.xml.XmlMapper' (OnClassCondition)

   JmxAutoConfiguration:
      Did not match:
         - @ConditionalOnBooleanProperty (spring.jmx.enabled=true) found different value in property 'spring.jmx.enabled' (OnPropertyCondition)
      Matched:
         - @ConditionalOnClass found required class 'org.springframework.jmx.export.MBeanExporter' (OnClassCondition)

   JmxEndpointAutoConfiguration:
      Did not match:
         - @ConditionalOnBooleanProperty (spring.jmx.enabled=true) found different value in property 'spring.jmx.enabled' (OnPropertyCondition)

   JmxMetricsExportAutoConfiguration:
      Did not match:
         - @ConditionalOnClass did not find required class 'io.micrometer.jmx.JmxMeterRegistry' (OnClassCondition)

   JndiDataSourceAutoConfiguration:
      Did not match:
         - @ConditionalOnProperty (spring.datasource.jndi-name) did not find property 'spring.datasource.jndi-name' (OnPropertyCondition)
      Matched:
         - @ConditionalOnClass found required classes 'javax.sql.DataSource', 'org.springframework.jdbc.datasource.embedded.EmbeddedDatabaseType' (OnClassCondition)

   JndiJtaConfiguration:
      Did not match:
         - @ConditionalOnJndi JNDI environment is not available (OnJndiCondition)
      Matched:
         - @ConditionalOnClass found required class 'org.springframework.transaction.jta.JtaTransactionManager' (OnClassCondition)

   JsonbHttpMessageConvertersConfiguration:
      Did not match:
         - @ConditionalOnClass did not find required class 'jakarta.json.bind.Jsonb' (OnClassCondition)

   JvmMetricsAutoConfiguration.VirtualThreadMetricsConfiguration:
      Did not match:
         - @ConditionalOnClass did not find required class 'io.micrometer.java21.instrument.binder.jdk.VirtualThreadMetrics' (OnClassCondition)

   KairosMetricsExportAutoConfiguration:
      Did not match:
         - @ConditionalOnClass did not find required class 'io.micrometer.kairos.KairosMeterRegistry' (OnClassCondition)

   KotlinSerializationHttpMessageConvertersConfiguration:
      Did not match:
         - @ConditionalOnClass did not find required classes 'kotlinx.serialization.Serializable', 'kotlinx.serialization.json.Json' (OnClassCondition)

   LocalDevToolsAutoConfiguration:
      Did not match:
         - Initialized Restarter Condition initialized without URLs (OnInitializedRestarterCondition)

   LogFileWebEndpointAutoConfiguration:
      Did not match:
         - @ConditionalOnAvailableEndpoint not exposed (OnAvailableEndpointCondition)

   LogbackMetricsAutoConfiguration:
      Did not match:
         - @ConditionalOnClass did not find required class 'ch.qos.logback.classic.LoggerContext' (OnClassCondition)

   LoggersEndpointAutoConfiguration:
      Did not match:
         - @ConditionalOnAvailableEndpoint not exposed (OnAvailableEndpointCondition)

   ManagementContextAutoConfiguration.DifferentManagementContextConfiguration:
      Did not match:
         - Management Port actual port type (SAME) did not match required type (DIFFERENT) (OnManagementPortCondition)

   MappingsEndpointAutoConfiguration:
      Did not match:
         - @ConditionalOnAvailableEndpoint not exposed (OnAvailableEndpointCondition)

   MessageSourceAutoConfiguration:
      Did not match:
         - ResourceBundle did not find bundle with basename messages (MessageSourceAutoConfiguration.ResourceBundleCondition)

   MetricsAspectsAutoConfiguration:
      Did not match:
         - @ConditionalOnBooleanProperty (management.observations.annotations.enabled=true) did not find property 'management.observations.annotations.enabled' (OnPropertyCondition)
      Matched:
         - @ConditionalOnClass found required classes 'io.micrometer.core.instrument.MeterRegistry', 'org.aspectj.weaver.Advice' (OnClassCondition)

   MetricsEndpointAutoConfiguration:
      Did not match:
         - @ConditionalOnAvailableEndpoint not exposed (OnAvailableEndpointCondition)
      Matched:
         - @ConditionalOnClass found required classes 'org.springframework.boot.actuate.autoconfigure.endpoint.condition.ConditionalOnAvailableEndpoint', 'io.micrometer.core.annotation.Timed' (OnClassCondition)

   NewRelicMetricsExportAutoConfiguration:
      Did not match:
         - @ConditionalOnClass did not find required class 'io.micrometer.newrelic.NewRelicMeterRegistry' (OnClassCondition)

   NoOpMeterRegistryConfiguration:
      Did not match:
         - @ConditionalOnMissingBean (types: io.micrometer.core.instrument.MeterRegistry; SearchStrategy: all) found beans of type 'io.micrometer.core.instrument.MeterRegistry' simpleMeterRegistry (OnBeanCondition)

   ObservationAutoConfiguration.ObservedAspectConfiguration:
      Did not match:
         - @ConditionalOnBooleanProperty (management.observations.annotations.enabled=true) did not find property 'management.observations.annotations.enabled' (OnPropertyCondition)
      Matched:
         - @ConditionalOnClass found required class 'org.aspectj.weaver.Advice' (OnClassCondition)

   OtlpMetricsExportAutoConfiguration:
      Did not match:
         - @ConditionalOnClass did not find required class 'io.micrometer.registry.otlp.OtlpMeterRegistry' (OnClassCondition)

   ProjectInfoAutoConfiguration#buildProperties:
      Did not match:
         - @ConditionalOnResource did not find resource '${spring.info.build.location:classpath:META-INF/build-info.properties}' (OnResourceCondition)

   ProjectInfoAutoConfiguration#gitProperties:
      Did not match:
         - GitResource did not find git info at classpath:git.properties (ProjectInfoAutoConfiguration.GitResourceAvailableCondition)

   PrometheusMetricsExportAutoConfiguration:
      Did not match:
         - @ConditionalOnClass did not find required class 'io.micrometer.prometheusmetrics.PrometheusMeterRegistry' (OnClassCondition)

   RemoteDevToolsAutoConfiguration:
      Did not match:
         - @ConditionalOnProperty (spring.devtools.remote.secret) did not find property 'spring.devtools.remote.secret' (OnPropertyCondition)
      Matched:
         - @ConditionalOnClass found required classes 'jakarta.servlet.Filter', 'org.springframework.http.server.ServerHttpRequest', 'org.springframework.boot.web.server.autoconfigure.ServerProperties' (OnClassCondition)

   SbomEndpointAutoConfiguration:
      Did not match:
         - @ConditionalOnAvailableEndpoint not exposed (OnAvailableEndpointCondition)

   ScheduledTasksEndpointAutoConfiguration:
      Did not match:
         - @ConditionalOnAvailableEndpoint not exposed (OnAvailableEndpointCondition)

   ServletHttpExchangesAutoConfiguration:
      Did not match:
         - @ConditionalOnBean (types: org.springframework.boot.actuate.web.exchanges.HttpExchangeRepository; SearchStrategy: all) did not find any beans of type org.springframework.boot.actuate.web.exchanges.HttpExchangeRepository (OnBeanCondition)
      Matched:
         - found 'session' scope (OnWebApplicationCondition)
         - @ConditionalOnBooleanProperty (management.httpexchanges.recording.enabled=true) matched (OnPropertyCondition)

   ServletManagementContextAutoConfiguration.ApplicationContextFilterConfiguration:
      Did not match:
         - @ConditionalOnBooleanProperty (management.server.add-application-context-header=true) did not find property 'management.server.add-application-context-header' (OnPropertyCondition)

   ServletMappingsAutoConfiguration:
      Did not match:
         - @ConditionalOnAvailableEndpoint not exposed (OnAvailableEndpointCondition)
      Matched:
         - @ConditionalOnClass found required classes 'org.springframework.boot.actuate.autoconfigure.endpoint.condition.ConditionalOnAvailableEndpoint', 'org.springframework.boot.actuate.web.mappings.MappingsEndpoint' (OnClassCondition)
         - found 'session' scope (OnWebApplicationCondition)

   ServletWebServerConfiguration#forwardedHeaderFilter:
      Did not match:
         - @ConditionalOnProperty (server.forward-headers-strategy=framework) did not find property 'server.forward-headers-strategy' (OnPropertyCondition)

   SessionAutoConfiguration.ReactiveSessionConfiguration:
      Did not match:
         - did not find reactive web application classes (OnWebApplicationCondition)

   SessionAutoConfiguration.ServletSessionConfiguration.EmbeddedWebServerConfiguration:
      Did not match:
         - Application is deployed as a WAR file. (OnWarDeploymentCondition)

   SessionAutoConfiguration.ServletSessionConfiguration.RememberMeServicesConfiguration:
      Did not match:
         - @ConditionalOnClass did not find required class 'org.springframework.security.web.authentication.RememberMeServices' (OnClassCondition)

   SessionsEndpointAutoConfiguration:
      Did not match:
         - @ConditionalOnAvailableEndpoint not exposed (OnAvailableEndpointCondition)
      Matched:
         - @ConditionalOnClass found required classes 'org.springframework.session.Session', 'org.springframework.boot.session.actuate.endpoint.SessionsEndpoint', 'org.springframework.boot.actuate.autoconfigure.endpoint.condition.ConditionalOnAvailableEndpoint' (OnClassCondition)

   ShutdownEndpointAutoConfiguration:
      Did not match:
         - @ConditionalOnAvailableEndpoint the configured access for endpoint 'shutdown' is NONE (OnAvailableEndpointCondition)

   SpringApplicationAdminJmxAutoConfiguration:
      Did not match:
         - @ConditionalOnBooleanProperty (spring.application.admin.enabled=true) did not find property 'spring.application.admin.enabled' (OnPropertyCondition)

   StackdriverMetricsExportAutoConfiguration:
      Did not match:
         - @ConditionalOnClass did not find required class 'io.micrometer.stackdriver.StackdriverMeterRegistry' (OnClassCondition)

   StartupEndpointAutoConfiguration:
      Did not match:
         - ApplicationStartup configured applicationStartup is of type class org.springframework.core.metrics.DefaultApplicationStartup, expected BufferingApplicationStartup. (StartupEndpointAutoConfiguration.ApplicationStartupCondition)

   StatsdMetricsExportAutoConfiguration:
      Did not match:
         - @ConditionalOnClass did not find required class 'io.micrometer.statsd.StatsdMeterRegistry' (OnClassCondition)

   TaskExecutorConfigurations.AsyncConfigurerWrapperConfiguration:
      Did not match:
         - @ConditionalOnBean (types: org.springframework.scheduling.annotation.AsyncConfigurer; SearchStrategy: all) did not find any beans of type org.springframework.scheduling.annotation.AsyncConfigurer (OnBeanCondition)

   TaskExecutorConfigurations.SimpleAsyncTaskExecutorBuilderConfiguration#simpleAsyncTaskExecutorBuilderVirtualThreads:
      Did not match:
         - @ConditionalOnMissingBean (types: org.springframework.boot.task.SimpleAsyncTaskExecutorBuilder; SearchStrategy: all) found beans of type 'org.springframework.boot.task.SimpleAsyncTaskExecutorBuilder' simpleAsyncTaskExecutorBuilder (OnBeanCondition)

   TaskExecutorConfigurations.TaskExecutorConfiguration#applicationTaskExecutorVirtualThreads:
      Did not match:
         - @ConditionalOnThreading did not find VIRTUAL (OnThreadingCondition)

   TaskSchedulingConfigurations.SimpleAsyncTaskSchedulerBuilderConfiguration#simpleAsyncTaskSchedulerBuilderVirtualThreads:
      Did not match:
         - @ConditionalOnMissingBean (types: org.springframework.boot.task.SimpleAsyncTaskSchedulerBuilder; SearchStrategy: all) found beans of type 'org.springframework.boot.task.SimpleAsyncTaskSchedulerBuilder' simpleAsyncTaskSchedulerBuilder (OnBeanCondition)

   TaskSchedulingConfigurations.TaskSchedulerConfiguration#taskSchedulerVirtualThreads:
      Did not match:
         - @ConditionalOnThreading did not find VIRTUAL (OnThreadingCondition)

   ThreadDumpEndpointAutoConfiguration:
      Did not match:
         - @ConditionalOnAvailableEndpoint not exposed (OnAvailableEndpointCondition)

   TmdbDataCollector:
      Did not match:
         - @ConditionalOnProperty (tmdb.collector.run-on-startup=true) found different value in property 'tmdb.collector.run-on-startup' (OnPropertyCondition)

   TmdbDataSynchronizer:
      Did not match:
         - @ConditionalOnProperty (tmdb.sync.enabled=true) found different value in property 'tmdb.sync.enabled' (OnPropertyCondition)

   TomcatReactiveManagementContextAutoConfiguration:
      Did not match:
         - @ConditionalOnWebApplication did not find reactive web application classes (OnWebApplicationCondition)

   TomcatReactiveWebServerAutoConfiguration:
      Did not match:
         - @ConditionalOnWebApplication did not find reactive web application classes (OnWebApplicationCondition)

   TomcatServletManagementContextAutoConfiguration:
      Did not match:
         - Management Port actual port type (SAME) did not match required type (DIFFERENT) (OnManagementPortCondition)
      Matched:
         - @ConditionalOnClass found required class 'org.springframework.boot.actuate.autoconfigure.web.server.ManagementContextFactory' (OnClassCondition)
         - found 'session' scope (OnWebApplicationCondition)

   TomcatServletWebServerAutoConfiguration#tomcatForwardedHeaderFilterCustomizer:
      Did not match:
         - @ConditionalOnProperty (server.forward-headers-strategy=framework) did not find property 'server.forward-headers-strategy' (OnPropertyCondition)

   TomcatWebServerConfiguration:
      Did not match:
         - Application is deployed as a WAR file. (OnWarDeploymentCondition)

   TransactionAutoConfiguration#transactionalOperator:
      Did not match:
         - @ConditionalOnSingleCandidate (types: org.springframework.transaction.ReactiveTransactionManager; SearchStrategy: all) did not find any beans (OnBeanCondition)

   TransactionAutoConfiguration.AspectJTransactionManagementConfiguration:
      Did not match:
         - @ConditionalOnBean (types: org.springframework.transaction.aspectj.AbstractTransactionAspect; SearchStrategy: all) did not find any beans of type org.springframework.transaction.aspectj.AbstractTransactionAspect (OnBeanCondition)

   TransactionAutoConfiguration.EnableTransactionManagementConfiguration.JdkDynamicAutoProxyConfiguration:
      Did not match:
         - @ConditionalOnBooleanProperty (spring.aop.proxy-target-class=false) did not find property 'spring.aop.proxy-target-class' (OnPropertyCondition)

   WebMvcAutoConfiguration#hiddenHttpMethodFilter:
      Did not match:
         - @ConditionalOnBooleanProperty (spring.mvc.hiddenmethod.filter.enabled=true) did not find property 'spring.mvc.hiddenmethod.filter.enabled' (OnPropertyCondition)

   WebMvcAutoConfiguration.ProblemDetailsErrorHandlingConfiguration:
      Did not match:
         - @ConditionalOnBooleanProperty (spring.mvc.problemdetails.enabled=true) did not find property 'spring.mvc.problemdetails.enabled' (OnPropertyCondition)

   WebMvcAutoConfiguration.ResourceChainCustomizerConfiguration:
      Did not match:
         - @ConditionalOnEnabledResourceChain did not find class org.webjars.WebJarVersionLocator (OnEnabledResourceChainCondition)

   WebMvcAutoConfiguration.WebMvcAutoConfigurationAdapter#beanNameViewResolver:
      Did not match:
         - @ConditionalOnMissingBean (types: org.springframework.web.servlet.view.BeanNameViewResolver; SearchStrategy: all) found beans of type 'org.springframework.web.servlet.view.BeanNameViewResolver' beanNameViewResolver (OnBeanCondition)

   WebMvcEndpointManagementContextConfiguration#endpointJackson2ObjectMapperWebMvcConfigurer:
      Did not match:
         - @ConditionalOnBean (types: org.springframework.boot.actuate.endpoint.jackson.EndpointJackson2ObjectMapper; SearchStrategy: all) did not find any beans of type org.springframework.boot.actuate.endpoint.jackson.EndpointJackson2ObjectMapper (OnBeanCondition)

   WebMvcEndpointManagementContextConfiguration#managementHealthEndpointWebMvcHandlerMapping:
      Did not match:
         - Management Port actual port type (SAME) did not match required type (DIFFERENT) (OnManagementPortCondition)

   WebMvcMappingsAutoConfiguration:
      Did not match:
         - @ConditionalOnAvailableEndpoint not exposed (OnAvailableEndpointCondition)
      Matched:
         - @ConditionalOnClass found required classes 'org.springframework.boot.actuate.autoconfigure.endpoint.condition.ConditionalOnAvailableEndpoint', 'org.springframework.web.servlet.DispatcherServlet', 'org.springframework.boot.actuate.web.mappings.MappingsEndpoint' (OnClassCondition)
         - found 'session' scope (OnWebApplicationCondition)

   XADataSourceAutoConfiguration:
      Did not match:
         - @ConditionalOnBean (types: org.springframework.boot.jdbc.XADataSourceWrapper; SearchStrategy: all) did not find any beans of type org.springframework.boot.jdbc.XADataSourceWrapper (OnBeanCondition)
      Matched:
         - @ConditionalOnClass found required classes 'javax.sql.DataSource', 'jakarta.transaction.TransactionManager', 'org.springframework.jdbc.datasource.embedded.EmbeddedDatabaseType' (OnClassCondition)


Exclusions:
-----------

    None


Unconditional classes:
----------------------

    org.springframework.boot.health.autoconfigure.registry.HealthContributorRegistryAutoConfiguration

    org.springframework.boot.autoconfigure.context.ConfigurationPropertiesAutoConfiguration

    org.springframework.boot.autoconfigure.ssl.SslAutoConfiguration

    org.springframework.boot.actuate.autoconfigure.info.InfoContributorAutoConfiguration

    org.springframework.boot.autoconfigure.context.PropertyPlaceholderAutoConfiguration

    org.springframework.boot.autoconfigure.context.LifecycleAutoConfiguration

    org.springframework.boot.actuate.autoconfigure.endpoint.EndpointAutoConfiguration

    org.springframework.boot.health.autoconfigure.contributor.HealthContributorAutoConfiguration

    org.springframework.boot.autoconfigure.availability.ApplicationAvailabilityAutoConfiguration

    org.springframework.boot.autoconfigure.info.ProjectInfoAutoConfiguration

    org.springframework.boot.actuate.autoconfigure.web.server.ManagementContextAutoConfiguration



2026-03-10T00:38:49.403-05:00  INFO 23424 --- [tv-looker-test] [           main] o.t.t.d.m.ReviewPersistenceTest          : Started ReviewPersistenceTest in 8.389 seconds (process running for 10.69)
2026-03-10T00:38:49.508-05:00 DEBUG 23424 --- [tv-looker-test] [           main] o.s.b.a.ApplicationAvailabilityBean      : Application availability state LivenessState changed to CORRECT
2026-03-10T00:38:49.510-05:00 DEBUG 23424 --- [tv-looker-test] [           main] o.s.b.d.r.Restarter                      : Creating new Restarter for thread Thread[#1,main,5,main]
2026-03-10T00:38:49.511-05:00 DEBUG 23424 --- [tv-looker-test] [           main] o.s.b.a.ApplicationAvailabilityBean      : Application availability state ReadinessState changed to ACCEPTING_TRAFFIC
2026-03-10T00:38:49.963-05:00 DEBUG 23424 --- [tv-looker-test] [           main] o.s.j.c.JdbcTemplate                     : Executing SQL statement [DELETE FROM reviews]
2026-03-10T00:38:49.965-05:00 DEBUG 23424 --- [tv-looker-test] [           main] o.s.j.c.JdbcTemplate                     : Executing SQL statement [DELETE FROM items]
2026-03-10T00:38:49.965-05:00 DEBUG 23424 --- [tv-looker-test] [           main] o.s.j.c.JdbcTemplate                     : Executing SQL statement [DELETE FROM users]
2026-03-10T00:38:49.966-05:00 DEBUG 23424 --- [tv-looker-test] [           main] o.s.j.c.JdbcTemplate                     : Executing SQL statement [ALTER TABLE reviews ALTER COLUMN review_id_pk RESTART WITH 1]
2026-03-10T00:38:49.969-05:00 DEBUG 23424 --- [tv-looker-test] [           main] o.s.j.c.JdbcTemplate                     : Executing SQL statement [ALTER TABLE items ALTER COLUMN item_id_pk RESTART WITH 1]
2026-03-10T00:38:49.975-05:00 DEBUG 23424 --- [tv-looker-test] [           main] o.s.j.c.JdbcTemplate                     : Executing prepared SQL update
2026-03-10T00:38:49.975-05:00 DEBUG 23424 --- [tv-looker-test] [           main] o.s.j.c.JdbcTemplate                     : Executing prepared SQL statement [INSERT INTO items (tmdb_id, tmdb_type, title, overview, release_date, popularity, vote_average, created_at) VALUES (?, ?, ?, ?, ?, ?, ?, ?)]
2026-03-10T00:38:49.994-05:00 DEBUG 23424 --- [tv-looker-test] [           main] o.s.j.c.JdbcTemplate                     : Executing prepared SQL query
2026-03-10T00:38:49.995-05:00 DEBUG 23424 --- [tv-looker-test] [           main] o.s.j.c.JdbcTemplate                     : Executing prepared SQL statement [SELECT COUNT(*) FROM items WHERE tmdb_id = ?]
2026-03-10T00:38:50.009-05:00 DEBUG 23424 --- [tv-looker-test] [           main] o.s.j.c.JdbcTemplate                     : Executing prepared SQL query
2026-03-10T00:38:50.010-05:00 DEBUG 23424 --- [tv-looker-test] [           main] o.s.j.c.JdbcTemplate                     : Executing prepared SQL statement [SELECT tmdb_id, tmdb_type, title, overview, release_date, popularity, vote_average FROM items WHERE tmdb_id = ?]
2026-03-10T00:38:50.013-05:00 DEBUG 23424 --- [tv-looker-test] [           main] o.s.j.c.JdbcTemplate                     : Executing SQL statement [DELETE FROM reviews]
2026-03-10T00:38:50.014-05:00 DEBUG 23424 --- [tv-looker-test] [           main] o.s.j.c.JdbcTemplate                     : Executing SQL statement [DELETE FROM items]
2026-03-10T00:38:50.014-05:00 DEBUG 23424 --- [tv-looker-test] [           main] o.s.j.c.JdbcTemplate                     : Executing SQL statement [DELETE FROM users]
2026-03-10T00:38:50.037-05:00 DEBUG 23424 --- [tv-looker-test] [           main] o.s.j.c.JdbcTemplate                     : Executing SQL statement [DELETE FROM reviews]
2026-03-10T00:38:50.037-05:00 DEBUG 23424 --- [tv-looker-test] [           main] o.s.j.c.JdbcTemplate                     : Executing SQL statement [DELETE FROM items]
2026-03-10T00:38:50.037-05:00 DEBUG 23424 --- [tv-looker-test] [           main] o.s.j.c.JdbcTemplate                     : Executing SQL statement [DELETE FROM users]
2026-03-10T00:38:50.038-05:00 DEBUG 23424 --- [tv-looker-test] [           main] o.s.j.c.JdbcTemplate                     : Executing SQL statement [ALTER TABLE reviews ALTER COLUMN review_id_pk RESTART WITH 1]
2026-03-10T00:38:50.038-05:00 DEBUG 23424 --- [tv-looker-test] [           main] o.s.j.c.JdbcTemplate                     : Executing SQL statement [ALTER TABLE items ALTER COLUMN item_id_pk RESTART WITH 1]
2026-03-10T00:38:50.039-05:00 DEBUG 23424 --- [tv-looker-test] [           main] o.s.j.c.JdbcTemplate                     : Executing prepared SQL update
2026-03-10T00:38:50.039-05:00 DEBUG 23424 --- [tv-looker-test] [           main] o.s.j.c.JdbcTemplate                     : Executing prepared SQL statement [INSERT INTO users (user_id_pk, username, password, created_at) VALUES (?, ?, ?, ?)]
2026-03-10T00:38:50.040-05:00 DEBUG 23424 --- [tv-looker-test] [           main] o.s.j.c.JdbcTemplate                     : Executing prepared SQL query
2026-03-10T00:38:50.040-05:00 DEBUG 23424 --- [tv-looker-test] [           main] o.s.j.c.JdbcTemplate                     : Executing prepared SQL statement [SELECT COUNT(*) FROM users WHERE username = ?]
2026-03-10T00:38:50.041-05:00 DEBUG 23424 --- [tv-looker-test] [           main] o.s.j.c.JdbcTemplate                     : Executing prepared SQL query
2026-03-10T00:38:50.041-05:00 DEBUG 23424 --- [tv-looker-test] [           main] o.s.j.c.JdbcTemplate                     : Executing prepared SQL statement [SELECT username, password, created_at FROM users WHERE username = ?]
2026-03-10T00:38:50.042-05:00 DEBUG 23424 --- [tv-looker-test] [           main] o.s.j.c.JdbcTemplate                     : Executing SQL statement [DELETE FROM reviews]
2026-03-10T00:38:50.042-05:00 DEBUG 23424 --- [tv-looker-test] [           main] o.s.j.c.JdbcTemplate                     : Executing SQL statement [DELETE FROM items]
2026-03-10T00:38:50.043-05:00 DEBUG 23424 --- [tv-looker-test] [           main] o.s.j.c.JdbcTemplate                     : Executing SQL statement [DELETE FROM users]
2026-03-10T00:38:50.053-05:00 DEBUG 23424 --- [tv-looker-test] [           main] o.s.j.c.JdbcTemplate                     : Executing SQL statement [DELETE FROM reviews]
2026-03-10T00:38:50.053-05:00 DEBUG 23424 --- [tv-looker-test] [           main] o.s.j.c.JdbcTemplate                     : Executing SQL statement [DELETE FROM items]
2026-03-10T00:38:50.054-05:00 DEBUG 23424 --- [tv-looker-test] [           main] o.s.j.c.JdbcTemplate                     : Executing SQL statement [DELETE FROM users]
2026-03-10T00:38:50.054-05:00 DEBUG 23424 --- [tv-looker-test] [           main] o.s.j.c.JdbcTemplate                     : Executing SQL statement [ALTER TABLE reviews ALTER COLUMN review_id_pk RESTART WITH 1]
2026-03-10T00:38:50.055-05:00 DEBUG 23424 --- [tv-looker-test] [           main] o.s.j.c.JdbcTemplate                     : Executing SQL statement [ALTER TABLE items ALTER COLUMN item_id_pk RESTART WITH 1]
2026-03-10T00:38:50.057-05:00 DEBUG 23424 --- [tv-looker-test] [           main] o.s.j.c.JdbcTemplate                     : Executing prepared SQL update
2026-03-10T00:38:50.057-05:00 DEBUG 23424 --- [tv-looker-test] [           main] o.s.j.c.JdbcTemplate                     : Executing prepared SQL statement [INSERT INTO users (user_id_pk, username, password, created_at) VALUES (?, ?, ?, ?)]
2026-03-10T00:38:50.058-05:00 DEBUG 23424 --- [tv-looker-test] [           main] o.s.j.c.JdbcTemplate                     : Executing prepared SQL update
2026-03-10T00:38:50.058-05:00 DEBUG 23424 --- [tv-looker-test] [           main] o.s.j.c.JdbcTemplate                     : Executing prepared SQL statement [INSERT INTO items (tmdb_id, tmdb_type, title, overview, release_date, popularity, vote_average, created_at) VALUES (?, ?, ?, ?, ?, ?, ?, ?)]
2026-03-10T00:38:50.060-05:00 DEBUG 23424 --- [tv-looker-test] [           main] o.s.j.c.JdbcTemplate                     : Executing prepared SQL query
2026-03-10T00:38:50.060-05:00 DEBUG 23424 --- [tv-looker-test] [           main] o.s.j.c.JdbcTemplate                     : Executing prepared SQL statement [SELECT item_id_pk FROM items WHERE tmdb_id = ?]
2026-03-10T00:38:50.061-05:00 DEBUG 23424 --- [tv-looker-test] [           main] o.s.j.c.JdbcTemplate                     : Executing prepared SQL update
2026-03-10T00:38:50.061-05:00 DEBUG 23424 --- [tv-looker-test] [           main] o.s.j.c.JdbcTemplate                     : Executing prepared SQL statement [INSERT INTO reviews (review_text, score, item_id_fk, user_id_fk) VALUES (?, ?, ?, ?)]
2026-03-10T00:38:50.061-05:00 DEBUG 23424 --- [tv-looker-test] [           main] o.s.j.c.JdbcTemplate                     : Executing prepared SQL query
2026-03-10T00:38:50.062-05:00 DEBUG 23424 --- [tv-looker-test] [           main] o.s.j.c.JdbcTemplate                     : Executing prepared SQL statement [SELECT COUNT(*) FROM reviews WHERE item_id_fk = ? AND user_id_fk = ?]
2026-03-10T00:38:50.064-05:00 DEBUG 23424 --- [tv-looker-test] [           main] o.s.j.c.JdbcTemplate                     : Executing prepared SQL query
2026-03-10T00:38:50.064-05:00 DEBUG 23424 --- [tv-looker-test] [           main] o.s.j.c.JdbcTemplate                     : Executing prepared SQL statement [SELECT r.review_text, r.score, u.username, i.title FROM reviews r JOIN users u ON r.user_id_fk = u.user_id_pk JOIN items i ON r.item_id_fk = i.item_id_pk WHERE r.item_id_fk = ? AND r.user_id_fk = ?]
2026-03-10T00:38:50.074-05:00 DEBUG 23424 --- [tv-looker-test] [           main] o.s.j.c.JdbcTemplate                     : Executing SQL statement [DELETE FROM reviews]
2026-03-10T00:38:50.075-05:00 DEBUG 23424 --- [tv-looker-test] [           main] o.s.j.c.JdbcTemplate                     : Executing SQL statement [DELETE FROM items]
2026-03-10T00:38:50.075-05:00 DEBUG 23424 --- [tv-looker-test] [           main] o.s.j.c.JdbcTemplate                     : Executing SQL statement [DELETE FROM users]
2026-03-10T00:38:50.086-05:00 DEBUG 23424 --- [tv-looker-test] [           main] o.s.j.c.JdbcTemplate                     : Executing SQL statement [DELETE FROM reviews]
2026-03-10T00:38:50.087-05:00 DEBUG 23424 --- [tv-looker-test] [           main] o.s.j.c.JdbcTemplate                     : Executing SQL statement [DELETE FROM items]
2026-03-10T00:38:50.088-05:00 DEBUG 23424 --- [tv-looker-test] [           main] o.s.j.c.JdbcTemplate                     : Executing SQL statement [DELETE FROM users]
2026-03-10T00:38:50.088-05:00 DEBUG 23424 --- [tv-looker-test] [           main] o.s.j.c.JdbcTemplate                     : Executing SQL statement [ALTER TABLE reviews ALTER COLUMN review_id_pk RESTART WITH 1]
2026-03-10T00:38:50.088-05:00 DEBUG 23424 --- [tv-looker-test] [           main] o.s.j.c.JdbcTemplate                     : Executing SQL statement [ALTER TABLE items ALTER COLUMN item_id_pk RESTART WITH 1]
2026-03-10T00:38:50.089-05:00 DEBUG 23424 --- [tv-looker-test] [           main] o.s.j.c.JdbcTemplate                     : Executing prepared SQL update
2026-03-10T00:38:50.089-05:00 DEBUG 23424 --- [tv-looker-test] [           main] o.s.j.c.JdbcTemplate                     : Executing prepared SQL statement [INSERT INTO users (user_id_pk, username, password, created_at) VALUES (?, ?, ?, ?)]
2026-03-10T00:38:50.089-05:00 DEBUG 23424 --- [tv-looker-test] [           main] o.s.j.c.JdbcTemplate                     : Executing prepared SQL update
2026-03-10T00:38:50.090-05:00 DEBUG 23424 --- [tv-looker-test] [           main] o.s.j.c.JdbcTemplate                     : Executing prepared SQL statement [INSERT INTO users (user_id_pk, username, password, created_at) VALUES (?, ?, ?, ?)]
2026-03-10T00:38:50.090-05:00 DEBUG 23424 --- [tv-looker-test] [           main] o.s.j.c.JdbcTemplate                     : Executing prepared SQL update
2026-03-10T00:38:50.090-05:00 DEBUG 23424 --- [tv-looker-test] [           main] o.s.j.c.JdbcTemplate                     : Executing prepared SQL statement [INSERT INTO items (tmdb_id, tmdb_type, title, overview, release_date, popularity, vote_average, created_at) VALUES (?, ?, ?, ?, ?, ?, ?, ?)]
2026-03-10T00:38:50.091-05:00 DEBUG 23424 --- [tv-looker-test] [           main] o.s.j.c.JdbcTemplate                     : Executing prepared SQL update
2026-03-10T00:38:50.091-05:00 DEBUG 23424 --- [tv-looker-test] [           main] o.s.j.c.JdbcTemplate                     : Executing prepared SQL statement [INSERT INTO items (tmdb_id, tmdb_type, title, overview, release_date, popularity, vote_average, created_at) VALUES (?, ?, ?, ?, ?, ?, ?, ?)]
2026-03-10T00:38:50.091-05:00 DEBUG 23424 --- [tv-looker-test] [           main] o.s.j.c.JdbcTemplate                     : Executing prepared SQL query
2026-03-10T00:38:50.091-05:00 DEBUG 23424 --- [tv-looker-test] [           main] o.s.j.c.JdbcTemplate                     : Executing prepared SQL statement [SELECT item_id_pk FROM items WHERE tmdb_id = ?]
2026-03-10T00:38:50.092-05:00 DEBUG 23424 --- [tv-looker-test] [           main] o.s.j.c.JdbcTemplate                     : Executing prepared SQL query
2026-03-10T00:38:50.092-05:00 DEBUG 23424 --- [tv-looker-test] [           main] o.s.j.c.JdbcTemplate                     : Executing prepared SQL statement [SELECT item_id_pk FROM items WHERE tmdb_id = ?]
2026-03-10T00:38:50.092-05:00 DEBUG 23424 --- [tv-looker-test] [           main] o.s.j.c.JdbcTemplate                     : Executing prepared SQL update
2026-03-10T00:38:50.092-05:00 DEBUG 23424 --- [tv-looker-test] [           main] o.s.j.c.JdbcTemplate                     : Executing prepared SQL statement [INSERT INTO reviews (review_text, score, item_id_fk, user_id_fk) VALUES (?, ?, ?, ?)]
2026-03-10T00:38:50.093-05:00 DEBUG 23424 --- [tv-looker-test] [           main] o.s.j.c.JdbcTemplate                     : Executing prepared SQL update
2026-03-10T00:38:50.093-05:00 DEBUG 23424 --- [tv-looker-test] [           main] o.s.j.c.JdbcTemplate                     : Executing prepared SQL statement [INSERT INTO reviews (review_text, score, item_id_fk, user_id_fk) VALUES (?, ?, ?, ?)]
2026-03-10T00:38:50.093-05:00 DEBUG 23424 --- [tv-looker-test] [           main] o.s.j.c.JdbcTemplate                     : Executing prepared SQL update
2026-03-10T00:38:50.093-05:00 DEBUG 23424 --- [tv-looker-test] [           main] o.s.j.c.JdbcTemplate                     : Executing prepared SQL statement [INSERT INTO reviews (review_text, score, item_id_fk, user_id_fk) VALUES (?, ?, ?, ?)]
2026-03-10T00:38:50.093-05:00 DEBUG 23424 --- [tv-looker-test] [           main] o.s.j.c.JdbcTemplate                     : Executing SQL query [SELECT u.username, i.title, i.tmdb_type, r.review_text, r.score FROM reviews r INNER JOIN users u ON r.user_id_fk = u.user_id_pk INNER JOIN items i ON r.item_id_fk = i.item_id_pk ORDER BY r.score DESC]
2026-03-10T00:38:50.103-05:00 DEBUG 23424 --- [tv-looker-test] [           main] o.s.j.c.JdbcTemplate                     : Executing SQL statement [DELETE FROM reviews]
2026-03-10T00:38:50.103-05:00 DEBUG 23424 --- [tv-looker-test] [           main] o.s.j.c.JdbcTemplate                     : Executing SQL statement [DELETE FROM items]
2026-03-10T00:38:50.104-05:00 DEBUG 23424 --- [tv-looker-test] [           main] o.s.j.c.JdbcTemplate                     : Executing SQL statement [DELETE FROM users]
2026-03-10T00:38:50.114-05:00 DEBUG 23424 --- [tv-looker-test] [           main] o.s.j.c.JdbcTemplate                     : Executing SQL statement [DELETE FROM reviews]
2026-03-10T00:38:50.114-05:00 DEBUG 23424 --- [tv-looker-test] [           main] o.s.j.c.JdbcTemplate                     : Executing SQL statement [DELETE FROM items]
2026-03-10T00:38:50.115-05:00 DEBUG 23424 --- [tv-looker-test] [           main] o.s.j.c.JdbcTemplate                     : Executing SQL statement [DELETE FROM users]
2026-03-10T00:38:50.115-05:00 DEBUG 23424 --- [tv-looker-test] [           main] o.s.j.c.JdbcTemplate                     : Executing SQL statement [ALTER TABLE reviews ALTER COLUMN review_id_pk RESTART WITH 1]
2026-03-10T00:38:50.115-05:00 DEBUG 23424 --- [tv-looker-test] [           main] o.s.j.c.JdbcTemplate                     : Executing SQL statement [ALTER TABLE items ALTER COLUMN item_id_pk RESTART WITH 1]
2026-03-10T00:38:50.116-05:00 DEBUG 23424 --- [tv-looker-test] [           main] o.s.j.c.JdbcTemplate                     : Executing prepared SQL update
2026-03-10T00:38:50.116-05:00 DEBUG 23424 --- [tv-looker-test] [           main] o.s.j.c.JdbcTemplate                     : Executing prepared SQL statement [INSERT INTO users (user_id_pk, username, password, created_at) VALUES (?, ?, ?, ?)]
2026-03-10T00:38:50.117-05:00 DEBUG 23424 --- [tv-looker-test] [           main] o.s.j.c.JdbcTemplate                     : Executing prepared SQL update
2026-03-10T00:38:50.117-05:00 DEBUG 23424 --- [tv-looker-test] [           main] o.s.j.c.JdbcTemplate                     : Executing prepared SQL statement [INSERT INTO items (tmdb_id, tmdb_type, title, overview, release_date, popularity, vote_average, created_at) VALUES (?, ?, ?, ?, ?, ?, ?, ?)]
2026-03-10T00:38:50.118-05:00 DEBUG 23424 --- [tv-looker-test] [           main] o.s.j.c.JdbcTemplate                     : Executing prepared SQL query
2026-03-10T00:38:50.118-05:00 DEBUG 23424 --- [tv-looker-test] [           main] o.s.j.c.JdbcTemplate                     : Executing prepared SQL statement [SELECT item_id_pk FROM items WHERE tmdb_id = ?]
2026-03-10T00:38:50.118-05:00 DEBUG 23424 --- [tv-looker-test] [           main] o.s.j.c.JdbcTemplate                     : Executing prepared SQL update
2026-03-10T00:38:50.119-05:00 DEBUG 23424 --- [tv-looker-test] [           main] o.s.j.c.JdbcTemplate                     : Executing prepared SQL statement [INSERT INTO reviews (review_text, score, item_id_fk, user_id_fk) VALUES (?, ?, ?, ?)]
2026-03-10T00:38:50.124-05:00 DEBUG 23424 --- [tv-looker-test] [           main] o.s.j.c.JdbcTemplate                     : Executing prepared SQL query
2026-03-10T00:38:50.124-05:00 DEBUG 23424 --- [tv-looker-test] [           main] o.s.j.c.JdbcTemplate                     : Executing prepared SQL statement [SELECT review_text, score FROM reviews WHERE item_id_fk = ? AND user_id_fk = ?]
2026-03-10T00:38:50.128-05:00 DEBUG 23424 --- [tv-looker-test] [           main] o.s.j.c.JdbcTemplate                     : Executing SQL statement [DELETE FROM reviews]
2026-03-10T00:38:50.129-05:00 DEBUG 23424 --- [tv-looker-test] [           main] o.s.j.c.JdbcTemplate                     : Executing SQL statement [DELETE FROM items]
2026-03-10T00:38:50.129-05:00 DEBUG 23424 --- [tv-looker-test] [           main] o.s.j.c.JdbcTemplate                     : Executing SQL statement [DELETE FROM users]
2026-03-10T00:38:50.139-05:00 DEBUG 23424 --- [tv-looker-test] [           main] o.s.j.c.JdbcTemplate                     : Executing SQL statement [DELETE FROM reviews]
2026-03-10T00:38:50.140-05:00 DEBUG 23424 --- [tv-looker-test] [           main] o.s.j.c.JdbcTemplate                     : Executing SQL statement [DELETE FROM items]
2026-03-10T00:38:50.141-05:00 DEBUG 23424 --- [tv-looker-test] [           main] o.s.j.c.JdbcTemplate                     : Executing SQL statement [DELETE FROM users]
2026-03-10T00:38:50.141-05:00 DEBUG 23424 --- [tv-looker-test] [           main] o.s.j.c.JdbcTemplate                     : Executing SQL statement [ALTER TABLE reviews ALTER COLUMN review_id_pk RESTART WITH 1]
2026-03-10T00:38:50.142-05:00 DEBUG 23424 --- [tv-looker-test] [           main] o.s.j.c.JdbcTemplate                     : Executing SQL statement [ALTER TABLE items ALTER COLUMN item_id_pk RESTART WITH 1]
2026-03-10T00:38:50.143-05:00 DEBUG 23424 --- [tv-looker-test] [           main] o.s.j.c.JdbcTemplate                     : Executing prepared SQL update
2026-03-10T00:38:50.143-05:00 DEBUG 23424 --- [tv-looker-test] [           main] o.s.j.c.JdbcTemplate                     : Executing prepared SQL statement [INSERT INTO users (user_id_pk, username, password, created_at) VALUES (?, ?, ?, ?)]
2026-03-10T00:38:50.144-05:00 DEBUG 23424 --- [tv-looker-test] [           main] o.s.j.c.JdbcTemplate                     : Executing prepared SQL update
2026-03-10T00:38:50.144-05:00 DEBUG 23424 --- [tv-looker-test] [           main] o.s.j.c.JdbcTemplate                     : Executing prepared SQL statement [INSERT INTO items (tmdb_id, tmdb_type, title, overview, release_date, popularity, vote_average, created_at) VALUES (?, ?, ?, ?, ?, ?, ?, ?)]
2026-03-10T00:38:50.145-05:00 DEBUG 23424 --- [tv-looker-test] [           main] o.s.j.c.JdbcTemplate                     : Executing prepared SQL query
2026-03-10T00:38:50.145-05:00 DEBUG 23424 --- [tv-looker-test] [           main] o.s.j.c.JdbcTemplate                     : Executing prepared SQL statement [SELECT item_id_pk FROM items WHERE tmdb_id = ?]
2026-03-10T00:38:50.146-05:00 DEBUG 23424 --- [tv-looker-test] [           main] o.s.j.c.JdbcTemplate                     : Executing prepared SQL update
2026-03-10T00:38:50.146-05:00 DEBUG 23424 --- [tv-looker-test] [           main] o.s.j.c.JdbcTemplate                     : Executing prepared SQL statement [INSERT INTO reviews (review_text, score, item_id_fk, user_id_fk) VALUES (?, ?, ?, ?)]
2026-03-10T00:38:50.147-05:00 DEBUG 23424 --- [tv-looker-test] [           main] o.s.j.c.JdbcTemplate                     : Executing prepared SQL query
2026-03-10T00:38:50.148-05:00 DEBUG 23424 --- [tv-looker-test] [           main] o.s.j.c.JdbcTemplate                     : Executing prepared SQL statement [SELECT review_id_pk FROM reviews WHERE item_id_fk = ? AND user_id_fk = ?]
2026-03-10T00:38:50.149-05:00 DEBUG 23424 --- [tv-looker-test] [           main] o.s.j.c.JdbcTemplate                     : Executing prepared SQL update
2026-03-10T00:38:50.149-05:00 DEBUG 23424 --- [tv-looker-test] [           main] o.s.j.c.JdbcTemplate                     : Executing prepared SQL statement [UPDATE reviews SET review_text = ?, score = ? WHERE review_id_pk = ?]
2026-03-10T00:38:50.156-05:00 DEBUG 23424 --- [tv-looker-test] [           main] o.s.j.c.JdbcTemplate                     : Executing prepared SQL query
2026-03-10T00:38:50.157-05:00 DEBUG 23424 --- [tv-looker-test] [           main] o.s.j.c.JdbcTemplate                     : Executing prepared SQL statement [SELECT review_text, score FROM reviews WHERE review_id_pk = ?]
2026-03-10T00:38:50.158-05:00 DEBUG 23424 --- [tv-looker-test] [           main] o.s.j.c.JdbcTemplate                     : Executing SQL statement [DELETE FROM reviews]
2026-03-10T00:38:50.159-05:00 DEBUG 23424 --- [tv-looker-test] [           main] o.s.j.c.JdbcTemplate                     : Executing SQL statement [DELETE FROM items]
2026-03-10T00:38:50.159-05:00 DEBUG 23424 --- [tv-looker-test] [           main] o.s.j.c.JdbcTemplate                     : Executing SQL statement [DELETE FROM users]
2026-03-10T00:38:50.171-05:00 DEBUG 23424 --- [tv-looker-test] [           main] o.s.j.c.JdbcTemplate                     : Executing SQL statement [DELETE FROM reviews]
2026-03-10T00:38:50.171-05:00 DEBUG 23424 --- [tv-looker-test] [           main] o.s.j.c.JdbcTemplate                     : Executing SQL statement [DELETE FROM items]
2026-03-10T00:38:50.172-05:00 DEBUG 23424 --- [tv-looker-test] [           main] o.s.j.c.JdbcTemplate                     : Executing SQL statement [DELETE FROM users]
2026-03-10T00:38:50.172-05:00 DEBUG 23424 --- [tv-looker-test] [           main] o.s.j.c.JdbcTemplate                     : Executing SQL statement [ALTER TABLE reviews ALTER COLUMN review_id_pk RESTART WITH 1]
2026-03-10T00:38:50.173-05:00 DEBUG 23424 --- [tv-looker-test] [           main] o.s.j.c.JdbcTemplate                     : Executing SQL statement [ALTER TABLE items ALTER COLUMN item_id_pk RESTART WITH 1]
2026-03-10T00:38:50.175-05:00 DEBUG 23424 --- [tv-looker-test] [           main] o.s.j.c.JdbcTemplate                     : Executing prepared SQL update
2026-03-10T00:38:50.175-05:00 DEBUG 23424 --- [tv-looker-test] [           main] o.s.j.c.JdbcTemplate                     : Executing prepared SQL statement [INSERT INTO users (user_id_pk, username, password, created_at) VALUES (?, ?, ?, ?)]
2026-03-10T00:38:50.176-05:00 DEBUG 23424 --- [tv-looker-test] [           main] o.s.j.c.JdbcTemplate                     : Executing prepared SQL update
2026-03-10T00:38:50.176-05:00 DEBUG 23424 --- [tv-looker-test] [           main] o.s.j.c.JdbcTemplate                     : Executing prepared SQL statement [INSERT INTO items (tmdb_id, tmdb_type, title, overview, release_date, popularity, vote_average, created_at) VALUES (?, ?, ?, ?, ?, ?, ?, ?)]
2026-03-10T00:38:50.176-05:00 DEBUG 23424 --- [tv-looker-test] [           main] o.s.j.c.JdbcTemplate                     : Executing prepared SQL query
2026-03-10T00:38:50.176-05:00 DEBUG 23424 --- [tv-looker-test] [           main] o.s.j.c.JdbcTemplate                     : Executing prepared SQL statement [SELECT item_id_pk FROM items WHERE tmdb_id = ?]
2026-03-10T00:38:50.177-05:00 DEBUG 23424 --- [tv-looker-test] [           main] o.s.j.c.JdbcTemplate                     : Executing prepared SQL update
2026-03-10T00:38:50.178-05:00 DEBUG 23424 --- [tv-looker-test] [           main] o.s.j.c.JdbcTemplate                     : Executing prepared SQL statement [INSERT INTO reviews (review_text, score, item_id_fk, user_id_fk) VALUES (?, ?, ?, ?)]
2026-03-10T00:38:50.179-05:00 DEBUG 23424 --- [tv-looker-test] [           main] o.s.j.c.JdbcTemplate                     : Executing prepared SQL query
2026-03-10T00:38:50.180-05:00 DEBUG 23424 --- [tv-looker-test] [           main] o.s.j.c.JdbcTemplate                     : Executing prepared SQL statement [SELECT review_id_pk FROM reviews WHERE item_id_fk = ? AND user_id_fk = ?]
2026-03-10T00:38:50.180-05:00 DEBUG 23424 --- [tv-looker-test] [           main] o.s.j.c.JdbcTemplate                     : Executing prepared SQL update
2026-03-10T00:38:50.181-05:00 DEBUG 23424 --- [tv-looker-test] [           main] o.s.j.c.JdbcTemplate                     : Executing prepared SQL statement [DELETE FROM reviews WHERE review_id_pk = ?]
2026-03-10T00:38:50.181-05:00 DEBUG 23424 --- [tv-looker-test] [           main] o.s.j.c.JdbcTemplate                     : Executing prepared SQL query
2026-03-10T00:38:50.181-05:00 DEBUG 23424 --- [tv-looker-test] [           main] o.s.j.c.JdbcTemplate                     : Executing prepared SQL statement [SELECT COUNT(*) FROM reviews WHERE review_id_pk = ?]
2026-03-10T00:38:50.182-05:00 DEBUG 23424 --- [tv-looker-test] [           main] o.s.j.c.JdbcTemplate                     : Executing prepared SQL query
2026-03-10T00:38:50.182-05:00 DEBUG 23424 --- [tv-looker-test] [           main] o.s.j.c.JdbcTemplate                     : Executing prepared SQL statement [SELECT COUNT(*) FROM users WHERE user_id_pk = ?]
2026-03-10T00:38:50.183-05:00 DEBUG 23424 --- [tv-looker-test] [           main] o.s.j.c.JdbcTemplate                     : Executing SQL statement [DELETE FROM reviews]
2026-03-10T00:38:50.184-05:00 DEBUG 23424 --- [tv-looker-test] [           main] o.s.j.c.JdbcTemplate                     : Executing SQL statement [DELETE FROM items]
2026-03-10T00:38:50.185-05:00 DEBUG 23424 --- [tv-looker-test] [           main] o.s.j.c.JdbcTemplate                     : Executing SQL statement [DELETE FROM users]
2026-03-10T00:38:50.195-05:00 DEBUG 23424 --- [tv-looker-test] [           main] o.s.j.c.JdbcTemplate                     : Executing SQL statement [DELETE FROM reviews]
2026-03-10T00:38:50.196-05:00 DEBUG 23424 --- [tv-looker-test] [           main] o.s.j.c.JdbcTemplate                     : Executing SQL statement [DELETE FROM items]
2026-03-10T00:38:50.196-05:00 DEBUG 23424 --- [tv-looker-test] [           main] o.s.j.c.JdbcTemplate                     : Executing SQL statement [DELETE FROM users]
2026-03-10T00:38:50.197-05:00 DEBUG 23424 --- [tv-looker-test] [           main] o.s.j.c.JdbcTemplate                     : Executing SQL statement [ALTER TABLE reviews ALTER COLUMN review_id_pk RESTART WITH 1]
2026-03-10T00:38:50.197-05:00 DEBUG 23424 --- [tv-looker-test] [           main] o.s.j.c.JdbcTemplate                     : Executing SQL statement [ALTER TABLE items ALTER COLUMN item_id_pk RESTART WITH 1]
2026-03-10T00:38:50.198-05:00 DEBUG 23424 --- [tv-looker-test] [           main] o.s.j.c.JdbcTemplate                     : Executing prepared SQL update
2026-03-10T00:38:50.198-05:00 DEBUG 23424 --- [tv-looker-test] [           main] o.s.j.c.JdbcTemplate                     : Executing prepared SQL statement [INSERT INTO items (tmdb_id, tmdb_type, title, overview, release_date, popularity, vote_average, created_at) VALUES (?, ?, ?, ?, ?, ?, ?, ?)]
2026-03-10T00:38:50.199-05:00 DEBUG 23424 --- [tv-looker-test] [           main] o.s.j.c.JdbcTemplate                     : Executing prepared SQL query
2026-03-10T00:38:50.199-05:00 DEBUG 23424 --- [tv-looker-test] [           main] o.s.j.c.JdbcTemplate                     : Executing prepared SQL statement [SELECT item_id_pk FROM items WHERE tmdb_id = ?]
2026-03-10T00:38:50.200-05:00 DEBUG 23424 --- [tv-looker-test] [           main] o.s.j.c.JdbcTemplate                     : Executing prepared SQL update
2026-03-10T00:38:50.200-05:00 DEBUG 23424 --- [tv-looker-test] [           main] o.s.j.c.JdbcTemplate                     : Executing prepared SQL statement [INSERT INTO users (user_id_pk, username, password, created_at) VALUES (?, ?, ?, ?)]
2026-03-10T00:38:50.201-05:00 DEBUG 23424 --- [tv-looker-test] [           main] o.s.j.c.JdbcTemplate                     : Executing prepared SQL update
2026-03-10T00:38:50.201-05:00 DEBUG 23424 --- [tv-looker-test] [           main] o.s.j.c.JdbcTemplate                     : Executing prepared SQL statement [INSERT INTO users (user_id_pk, username, password, created_at) VALUES (?, ?, ?, ?)]
2026-03-10T00:38:50.202-05:00 DEBUG 23424 --- [tv-looker-test] [           main] o.s.j.c.JdbcTemplate                     : Executing prepared SQL update
2026-03-10T00:38:50.202-05:00 DEBUG 23424 --- [tv-looker-test] [           main] o.s.j.c.JdbcTemplate                     : Executing prepared SQL statement [INSERT INTO users (user_id_pk, username, password, created_at) VALUES (?, ?, ?, ?)]
2026-03-10T00:38:50.202-05:00 DEBUG 23424 --- [tv-looker-test] [           main] o.s.j.c.JdbcTemplate                     : Executing prepared SQL update
2026-03-10T00:38:50.202-05:00 DEBUG 23424 --- [tv-looker-test] [           main] o.s.j.c.JdbcTemplate                     : Executing prepared SQL statement [INSERT INTO reviews (review_text, score, item_id_fk, user_id_fk) VALUES (?, ?, ?, ?)]
2026-03-10T00:38:50.203-05:00 DEBUG 23424 --- [tv-looker-test] [           main] o.s.j.c.JdbcTemplate                     : Executing prepared SQL update
2026-03-10T00:38:50.203-05:00 DEBUG 23424 --- [tv-looker-test] [           main] o.s.j.c.JdbcTemplate                     : Executing prepared SQL statement [INSERT INTO reviews (review_text, score, item_id_fk, user_id_fk) VALUES (?, ?, ?, ?)]
2026-03-10T00:38:50.204-05:00 DEBUG 23424 --- [tv-looker-test] [           main] o.s.j.c.JdbcTemplate                     : Executing prepared SQL update
2026-03-10T00:38:50.205-05:00 DEBUG 23424 --- [tv-looker-test] [           main] o.s.j.c.JdbcTemplate                     : Executing prepared SQL statement [INSERT INTO reviews (review_text, score, item_id_fk, user_id_fk) VALUES (?, ?, ?, ?)]
2026-03-10T00:38:50.205-05:00 DEBUG 23424 --- [tv-looker-test] [           main] o.s.j.c.JdbcTemplate                     : Executing prepared SQL query
2026-03-10T00:38:50.205-05:00 DEBUG 23424 --- [tv-looker-test] [           main] o.s.j.c.JdbcTemplate                     : Executing prepared SQL statement [SELECT COUNT(*) FROM reviews WHERE item_id_fk = ?]
2026-03-10T00:38:50.206-05:00 DEBUG 23424 --- [tv-looker-test] [           main] o.s.j.c.JdbcTemplate                     : Executing prepared SQL query
2026-03-10T00:38:50.206-05:00 DEBUG 23424 --- [tv-looker-test] [           main] o.s.j.c.JdbcTemplate                     : Executing prepared SQL statement [SELECT AVG(CAST(score AS DOUBLE)) FROM reviews WHERE item_id_fk = ?]
2026-03-10T00:38:50.211-05:00 DEBUG 23424 --- [tv-looker-test] [           main] o.s.j.c.JdbcTemplate                     : Executing SQL statement [DELETE FROM reviews]
2026-03-10T00:38:50.212-05:00 DEBUG 23424 --- [tv-looker-test] [           main] o.s.j.c.JdbcTemplate                     : Executing SQL statement [DELETE FROM items]
2026-03-10T00:38:50.213-05:00 DEBUG 23424 --- [tv-looker-test] [           main] o.s.j.c.JdbcTemplate                     : Executing SQL statement [DELETE FROM users]
2026-03-10T00:38:50.224-05:00 DEBUG 23424 --- [tv-looker-test] [           main] o.s.j.c.JdbcTemplate                     : Executing SQL statement [DELETE FROM reviews]
2026-03-10T00:38:50.224-05:00 DEBUG 23424 --- [tv-looker-test] [           main] o.s.j.c.JdbcTemplate                     : Executing SQL statement [DELETE FROM items]
2026-03-10T00:38:50.225-05:00 DEBUG 23424 --- [tv-looker-test] [           main] o.s.j.c.JdbcTemplate                     : Executing SQL statement [DELETE FROM users]
2026-03-10T00:38:50.226-05:00 DEBUG 23424 --- [tv-looker-test] [           main] o.s.j.c.JdbcTemplate                     : Executing SQL statement [ALTER TABLE reviews ALTER COLUMN review_id_pk RESTART WITH 1]
2026-03-10T00:38:50.227-05:00 DEBUG 23424 --- [tv-looker-test] [           main] o.s.j.c.JdbcTemplate                     : Executing SQL statement [ALTER TABLE items ALTER COLUMN item_id_pk RESTART WITH 1]
2026-03-10T00:38:50.228-05:00 DEBUG 23424 --- [tv-looker-test] [           main] o.s.j.c.JdbcTemplate                     : Executing prepared SQL update
2026-03-10T00:38:50.228-05:00 DEBUG 23424 --- [tv-looker-test] [           main] o.s.j.c.JdbcTemplate                     : Executing prepared SQL statement [INSERT INTO items (tmdb_id, tmdb_type, title, overview, release_date, popularity, vote_average, created_at) VALUES (?, ?, ?, ?, ?, ?, ?, ?)]
2026-03-10T00:38:50.229-05:00 DEBUG 23424 --- [tv-looker-test] [           main] o.s.j.c.JdbcTemplate                     : Executing prepared SQL query
2026-03-10T00:38:50.229-05:00 DEBUG 23424 --- [tv-looker-test] [           main] o.s.j.c.JdbcTemplate                     : Executing prepared SQL statement [SELECT item_id_pk FROM items WHERE tmdb_id = ?]
2026-03-10T00:38:50.230-05:00 DEBUG 23424 --- [tv-looker-test] [           main] o.s.j.c.JdbcTemplate                     : Executing prepared SQL update
2026-03-10T00:38:50.230-05:00 DEBUG 23424 --- [tv-looker-test] [           main] o.s.j.c.JdbcTemplate                     : Executing prepared SQL statement [INSERT INTO reviews (review_text, score, item_id_fk, user_id_fk) VALUES (?, ?, ?, ?)]
2026-03-10T00:38:50.238-05:00 DEBUG 23424 --- [tv-looker-test] [           main] o.s.j.c.JdbcTemplate                     : Executing SQL statement [DELETE FROM reviews]
2026-03-10T00:38:50.238-05:00 DEBUG 23424 --- [tv-looker-test] [           main] o.s.j.c.JdbcTemplate                     : Executing SQL statement [DELETE FROM items]
2026-03-10T00:38:50.239-05:00 DEBUG 23424 --- [tv-looker-test] [           main] o.s.j.c.JdbcTemplate                     : Executing SQL statement [DELETE FROM users]
[INFO] Tests run: 9, Failures: 0, Errors: 0, Skipped: 0, Time elapsed: 10.19 s -- in Pruebas de Persistencia para Review con JDBC
[INFO] Running HybridRecommendationEngine Tests
2026-03-10T00:38:50.290-05:00  INFO 23424 --- [tv-looker-test] [           main] o.t.t.d.m.HybridRecommendationEngine     : Strategy popularity returned 4 recommendations for user 30d95f5f-59ed-4c94-9355-b77a66f91aa3
2026-03-10T00:38:50.903-05:00  INFO 23424 --- [tv-looker-test] [           main] o.t.t.d.m.HybridRecommendationEngine     : Strategy popularity returned 3 recommendations for user d94d9edc-c414-4844-82e8-9fef89803af1
2026-03-10T00:38:50.932-05:00  WARN 23424 --- [tv-looker-test] [           main] o.t.t.d.m.HybridRecommendationEngine     : Strategy failing-strategy failed for user d94d9edc-c414-4844-82e8-9fef89803af1: Strategy failed
2026-03-10T00:38:50.952-05:00  INFO 23424 --- [tv-looker-test] [           main] o.t.t.d.m.HybridRecommendationEngine     : Strategy popularity returned 0 recommendations for user dacc6827-b33b-4e1e-a634-443105de4412
2026-03-10T00:38:50.975-05:00  WARN 23424 --- [tv-looker-test] [           main] o.t.t.d.m.HybridRecommendationEngine     : Strategy failing-strategy-1 failed for user b662dac3-2988-486a-9739-bc0b266160f1: Strategy 1 failed
2026-03-10T00:38:50.978-05:00  WARN 23424 --- [tv-looker-test] [           main] o.t.t.d.m.HybridRecommendationEngine     : Strategy failing-strategy-2 failed for user b662dac3-2988-486a-9739-bc0b266160f1: Strategy 2 failed
2026-03-10T00:38:50.998-05:00  INFO 23424 --- [tv-looker-test] [           main] o.t.t.d.m.HybridRecommendationEngine     : Strategy popularity returned 3 recommendations for user 42b36ffb-0881-4ade-81db-8a7e8332e266
2026-03-10T00:38:50.999-05:00  INFO 23424 --- [tv-looker-test] [           main] o.t.t.d.m.HybridRecommendationEngine     : Strategy test-strategy returned 0 recommendations for user 42b36ffb-0881-4ade-81db-8a7e8332e266
2026-03-10T00:38:51.075-05:00  INFO 23424 --- [tv-looker-test] [           main] o.t.t.d.m.HybridRecommendationEngine     : Strategy popularity returned 5 recommendations for user c7b76414-398d-4ede-adef-390ff0456019
2026-03-10T00:38:51.086-05:00  INFO 23424 --- [tv-looker-test] [           main] o.t.t.d.m.HybridRecommendationEngine     : Strategy popularity returned 100 recommendations for user 02a88b3e-1a7a-4e23-b9cc-8caa7f56ef18
2026-03-10T00:38:51.110-05:00  INFO 23424 --- [tv-looker-test] [           main] o.t.t.d.m.HybridRecommendationEngine     : Strategy popularity returned 5 recommendations for user dd5474f6-bd76-4021-8b64-efef3c7427f8
2026-03-10T00:38:51.111-05:00  INFO 23424 --- [tv-looker-test] [           main] o.t.t.d.m.HybridRecommendationEngine     : Strategy collaborative returned 0 recommendations for user dd5474f6-bd76-4021-8b64-efef3c7427f8
2026-03-10T00:38:51.120-05:00  INFO 23424 --- [tv-looker-test] [           main] o.t.t.d.m.HybridRecommendationEngine     : Strategy popularity returned 3 recommendations for user b3fff579-83ad-43d7-bb1e-a9a5b125a3d5
2026-03-10T00:38:51.126-05:00  INFO 23424 --- [tv-looker-test] [           main] o.t.t.d.m.HybridRecommendationEngine     : Strategy popularity returned 10 recommendations for user d25c1ae6-88dd-4156-9fb9-b49de0b78deb
2026-03-10T00:38:51.133-05:00  INFO 23424 --- [tv-looker-test] [           main] o.t.t.d.m.HybridRecommendationEngine     : Strategy popularity returned 5 recommendations for user 281ecf0a-cfb5-4f43-a12f-34e44b660d0f
2026-03-10T00:38:51.146-05:00  INFO 23424 --- [tv-looker-test] [           main] o.t.t.d.m.HybridRecommendationEngine     : Strategy popularity returned 5 recommendations for user 358984c5-b28c-4ab2-bd70-ffa1fbc1a124
[INFO] Tests run: 19, Failures: 0, Errors: 0, Skipped: 0, Time elapsed: 0.887 s -- in HybridRecommendationEngine Tests
[INFO] Running ItemPopularityProvider Tests
[INFO] Tests run: 16, Failures: 0, Errors: 0, Skipped: 0, Time elapsed: 0.123 s -- in ItemPopularityProvider Tests
[INFO] Running ConstantConvexAggregation Tests
[INFO] Tests run: 16, Failures: 0, Errors: 0, Skipped: 0, Time elapsed: 0.112 s -- in ConstantConvexAggregation Tests
[INFO] Running PopularityStrategy Tests
[INFO] Tests run: 18, Failures: 0, Errors: 0, Skipped: 0, Time elapsed: 0.062 s -- in PopularityStrategy Tests
[INFO] Running org.tvl.tvlooker.TvLookerApplicationTests
2026-03-10T00:38:51.469-05:00 DEBUG 23424 --- [tv-looker-test] [           main] .b.t.c.SpringBootTestContextBootstrapper : Neither @ContextConfiguration nor @ContextHierarchy found for test class [TvLookerApplicationTests]: using SpringBootContextLoader
2026-03-10T00:38:51.472-05:00  INFO 23424 --- [tv-looker-test] [           main] t.c.s.AnnotationConfigContextLoaderUtils : Could not detect default configuration classes for test class [org.tvl.tvlooker.TvLookerApplicationTests]: TvLookerApplicationTests does not declare any static, non-private, non-final, nested classes annotated with @Configuration.
2026-03-10T00:38:51.477-05:00 DEBUG 23424 --- [tv-looker-test] [           main] .b.t.c.SpringBootTestContextBootstrapper : Using ContextCustomizerFactory implementations for test class [TvLookerApplicationTests]: [ImportsContextCustomizerFactory, PropertyMappingContextCustomizerFactory, ExcludeFilterContextCustomizerFactory, TypeExcludeFiltersContextCustomizerFactory, DisableReactorResourceFactoryGlobalResourcesContextCustomizerFactory, DuplicateJsonObjectContextCustomizerFactory, OnFailureConditionReportContextCustomizerFactory, OverrideAutoConfigurationContextCustomizerFactory, BeanOverrideContextCustomizerFactory, MockServerContainerContextCustomizerFactory, DynamicPropertiesContextCustomizerFactory, MetricsContextCustomizerFactory, WebDriverContextCustomizerFactory, SpringBootTestRandomPortContextCustomizerFactory]
2026-03-10T00:38:51.480-05:00 DEBUG 23424 --- [tv-looker-test] [           main] .b.t.c.SpringBootTestContextBootstrapper : Using ContextCustomizers for test class [TvLookerApplicationTests]: [PropertyMappingContextCustomizer, ExcludeFilterContextCustomizer, DuplicateJsonObjectContextCustomizer, OnFailureConditionReportContextCustomizer, DynamicPropertiesContextCustomizer, DisableMetricsExportContextCustomizer, WebDriverContextCustomizer, SpringBootTestRandomPortContextCustomizer]
2026-03-10T00:38:51.519-05:00  INFO 23424 --- [tv-looker-test] [           main] .b.t.c.SpringBootTestContextBootstrapper : Found @SpringBootConfiguration org.tvl.tvlooker.TvLookerApplication for test class org.tvl.tvlooker.TvLookerApplicationTests
2026-03-10T00:38:51.524-05:00 DEBUG 23424 --- [tv-looker-test] [           main] .b.t.c.SpringBootTestContextBootstrapper : Using TestExecutionListeners for test class [TvLookerApplicationTests]: [ServletTestExecutionListener, DirtiesContextBeforeModesTestExecutionListener, ApplicationEventsTestExecutionListener, BeanOverrideTestExecutionListener, DependencyInjectionTestExecutionListener, DirtiesContextTestExecutionListener, CommonCachesTestExecutionListener, TransactionalTestExecutionListener, SqlScriptsTestExecutionListener, EventPublishingTestExecutionListener, MockitoResetTestExecutionListener, RestDocsTestExecutionListener, MockMvcPrintOnlyOnFailureTestExecutionListener, WebDriverTestExecutionListener]
2026-03-10T00:38:51.545-05:00  INFO 23424 --- [tv-looker-test] [           main] o.s.b.d.r.RestartApplicationListener     : Restart disabled due to context in which it is running

  .   ____          _            __ _ _
 /\\ / ___'_ __ _ _(_)_ __  __ _ \ \ \ \
( ( )\___ | '_ | '_| | '_ \/ _` | \ \ \ \
 \\/  ___)| |_)| | | | | || (_| |  ) ) ) )
  '  |____| .__|_| |_|_| |_\__, | / / / /
 =========|_|==============|___/=/_/_/_/

 :: Spring Boot ::                (v4.0.2)

2026-03-10T00:38:51.764-05:00  INFO 23424 --- [tv-looker-test] [           main] o.t.t.TvLookerApplicationTests           : Starting TvLookerApplicationTests using Java 21.0.5 with PID 23424 (started by hailen in C:\Users\user\OneDrive\Documentos\TV-Looker\tv-looker)
2026-03-10T00:38:51.769-05:00  INFO 23424 --- [tv-looker-test] [           main] o.t.t.TvLookerApplicationTests           : The following 1 profile is active: "test"
2026-03-10T00:38:51.769-05:00 DEBUG 23424 --- [tv-looker-test] [           main] o.s.b.SpringApplication                  : Loading source class org.tvl.tvlooker.TvLookerApplication
2026-03-10T00:38:51.779-05:00 DEBUG 23424 --- [tv-looker-test] [           main] o.s.w.c.s.GenericWebApplicationContext   : Refreshing org.springframework.web.context.support.GenericWebApplicationContext@40699137
2026-03-10T00:38:52.457-05:00  INFO 23424 --- [tv-looker-test] [           main] .s.d.r.c.RepositoryConfigurationDelegate : Bootstrapping Spring Data JPA repositories in DEFAULT mode.
2026-03-10T00:38:52.464-05:00 DEBUG 23424 --- [tv-looker-test] [           main] o.s.b.a.AutoConfigurationPackages        : @EnableAutoConfiguration was declared on a class in the package 'org.tvl.tvlooker'. Automatic @Repository and @Entity scanning is enabled.
2026-03-10T00:38:52.546-05:00  INFO 23424 --- [tv-looker-test] [           main] .s.d.r.c.RepositoryConfigurationDelegate : Finished Spring Data repository scanning in 82 ms. Found 4 JPA repository interfaces.
2026-03-10T00:38:52.817-05:00  INFO 23424 --- [tv-looker-test] [           main] c.z.h.HikariDataSource                   : HikariPool-2 - Starting...
2026-03-10T00:38:52.820-05:00  INFO 23424 --- [tv-looker-test] [           main] c.z.h.p.HikariPool                       : HikariPool-2 - Added connection conn5: url=jdbc:h2:mem:testdb user=SA
2026-03-10T00:38:52.821-05:00  INFO 23424 --- [tv-looker-test] [           main] c.z.h.HikariDataSource                   : HikariPool-2 - Start completed.
2026-03-10T00:38:52.882-05:00  INFO 23424 --- [tv-looker-test] [           main] o.h.o.jpa                                : HHH008540: Processing PersistenceUnitInfo [name: default]
2026-03-10T00:38:53.076-05:00  INFO 23424 --- [tv-looker-test] [           main] o.s.o.j.p.SpringPersistenceUnitInfo      : No LoadTimeWeaver setup: ignoring JPA class transformer
2026-03-10T00:38:53.080-05:00  WARN 23424 --- [tv-looker-test] [           main] o.h.o.deprecation                        : HHH90000025: H2Dialect does not need to be specified explicitly using 'hibernate.dialect' (remove the property setting and it will be selected by default)
2026-03-10T00:38:53.081-05:00  INFO 23424 --- [tv-looker-test] [           main] o.h.o.c.pooling                          : HHH10001005: Database info:
	Database JDBC URL [jdbc:h2:mem:testdb]
	Database driver: H2 JDBC Driver
	Database dialect: H2Dialect
	Database version: 2.4.240
	Default catalog/schema: testdb/public
	Autocommit mode: undefined/unknown
	Isolation level: READ_COMMITTED [default READ_COMMITTED]
	JDBC fetch size: 100
	Pool: DataSourceConnectionProvider
	Minimum pool size: undefined/unknown
	Maximum pool size: undefined/unknown
2026-03-10T00:38:53.334-05:00  INFO 23424 --- [tv-looker-test] [           main] o.h.o.core                               : HHH000489: No JTA platform available (set 'hibernate.transaction.jta.platform' to enable JTA platform integration)
2026-03-10T00:38:53.336-05:00 DEBUG 23424 --- [tv-looker-test] [           main] o.h.SQL                                  : 
    drop table if exists actors cascade 
Hibernate: 
    drop table if exists actors cascade 
2026-03-10T00:38:53.345-05:00 DEBUG 23424 --- [tv-looker-test] [           main] o.h.SQL                                  : 
    drop table if exists actors_items cascade 
Hibernate: 
    drop table if exists actors_items cascade 
2026-03-10T00:38:53.349-05:00 DEBUG 23424 --- [tv-looker-test] [           main] o.h.SQL                                  : 
    drop table if exists directors cascade 
Hibernate: 
    drop table if exists directors cascade 
2026-03-10T00:38:53.351-05:00 DEBUG 23424 --- [tv-looker-test] [           main] o.h.SQL                                  : 
    drop table if exists directors_items cascade 
Hibernate: 
    drop table if exists directors_items cascade 
2026-03-10T00:38:53.353-05:00 DEBUG 23424 --- [tv-looker-test] [           main] o.h.SQL                                  : 
    drop table if exists favorite_items cascade 
Hibernate: 
    drop table if exists favorite_items cascade 
2026-03-10T00:38:53.355-05:00 DEBUG 23424 --- [tv-looker-test] [           main] o.h.SQL                                  : 
    drop table if exists genres cascade 
Hibernate: 
    drop table if exists genres cascade 
2026-03-10T00:38:53.357-05:00 DEBUG 23424 --- [tv-looker-test] [           main] o.h.SQL                                  : 
    drop table if exists genres_items cascade 
Hibernate: 
    drop table if exists genres_items cascade 
2026-03-10T00:38:53.358-05:00 DEBUG 23424 --- [tv-looker-test] [           main] o.h.SQL                                  : 
    drop table if exists interactions cascade 
Hibernate: 
    drop table if exists interactions cascade 
2026-03-10T00:38:53.360-05:00 DEBUG 23424 --- [tv-looker-test] [           main] o.h.SQL                                  : 
    drop table if exists items cascade 
Hibernate: 
    drop table if exists items cascade 
2026-03-10T00:38:53.362-05:00 DEBUG 23424 --- [tv-looker-test] [           main] o.h.SQL                                  : 
    drop table if exists list_favorites cascade 
Hibernate: 
    drop table if exists list_favorites cascade 
2026-03-10T00:38:53.363-05:00 DEBUG 23424 --- [tv-looker-test] [           main] o.h.SQL                                  : 
    drop table if exists reviews cascade 
Hibernate: 
    drop table if exists reviews cascade 
2026-03-10T00:38:53.366-05:00 DEBUG 23424 --- [tv-looker-test] [           main] o.h.SQL                                  : 
    drop table if exists users cascade 
Hibernate: 
    drop table if exists users cascade 
2026-03-10T00:38:53.368-05:00 DEBUG 23424 --- [tv-looker-test] [           main] o.h.SQL                                  : 
    create table actors (
        actor_id_pk bigint generated by default as identity,
        tmdb_id bigint not null unique,
        name varchar(255) not null,
        primary key (actor_id_pk)
    )
Hibernate: 
    create table actors (
        actor_id_pk bigint generated by default as identity,
        tmdb_id bigint not null unique,
        name varchar(255) not null,
        primary key (actor_id_pk)
    )
2026-03-10T00:38:53.370-05:00 DEBUG 23424 --- [tv-looker-test] [           main] o.h.SQL                                  : 
    create table actors_items (
        actor_id_fk bigint not null,
        item_id_fk bigint not null,
        primary key (actor_id_fk, item_id_fk)
    )
Hibernate: 
    create table actors_items (
        actor_id_fk bigint not null,
        item_id_fk bigint not null,
        primary key (actor_id_fk, item_id_fk)
    )
2026-03-10T00:38:53.372-05:00 DEBUG 23424 --- [tv-looker-test] [           main] o.h.SQL                                  : 
    create table directors (
        director_id_pk bigint generated by default as identity,
        tmdb_id bigint not null unique,
        name varchar(255) not null,
        primary key (director_id_pk)
    )
Hibernate: 
    create table directors (
        director_id_pk bigint generated by default as identity,
        tmdb_id bigint not null unique,
        name varchar(255) not null,
        primary key (director_id_pk)
    )
2026-03-10T00:38:53.374-05:00 DEBUG 23424 --- [tv-looker-test] [           main] o.h.SQL                                  : 
    create table directors_items (
        director_id_fk bigint not null,
        item_id_fk bigint not null,
        primary key (director_id_fk, item_id_fk)
    )
Hibernate: 
    create table directors_items (
        director_id_fk bigint not null,
        item_id_fk bigint not null,
        primary key (director_id_fk, item_id_fk)
    )
2026-03-10T00:38:53.376-05:00 DEBUG 23424 --- [tv-looker-test] [           main] o.h.SQL                                  : 
    create table favorite_items (
        item_id_fk bigint not null,
        list_id_fk bigint not null,
        primary key (item_id_fk, list_id_fk)
    )
Hibernate: 
    create table favorite_items (
        item_id_fk bigint not null,
        list_id_fk bigint not null,
        primary key (item_id_fk, list_id_fk)
    )
2026-03-10T00:38:53.378-05:00 DEBUG 23424 --- [tv-looker-test] [           main] o.h.SQL                                  : 
    create table genres (
        genre_id_pk bigint generated by default as identity,
        tmdb_id bigint unique,
        name varchar(255) not null,
        primary key (genre_id_pk)
    )
Hibernate: 
    create table genres (
        genre_id_pk bigint generated by default as identity,
        tmdb_id bigint unique,
        name varchar(255) not null,
        primary key (genre_id_pk)
    )
2026-03-10T00:38:53.380-05:00 DEBUG 23424 --- [tv-looker-test] [           main] o.h.SQL                                  : 
    create table genres_items (
        genre_id_fk bigint not null,
        item_id_fk bigint not null,
        primary key (genre_id_fk, item_id_fk)
    )
Hibernate: 
    create table genres_items (
        genre_id_fk bigint not null,
        item_id_fk bigint not null,
        primary key (genre_id_fk, item_id_fk)
    )
2026-03-10T00:38:53.382-05:00 DEBUG 23424 --- [tv-looker-test] [           main] o.h.SQL                                  : 
    create table interactions (
        created_at timestamp(6) not null,
        interaction_id_pk bigint not null,
        item_id_pk bigint not null,
        review_id_pk bigint,
        user_id_fk uuid not null,
        interaction_type enum ('CLICK','LIKE','RATING','RESEARCH','REVIEW','VIEW') not null,
        primary key (interaction_id_pk)
    )
Hibernate: 
    create table interactions (
        created_at timestamp(6) not null,
        interaction_id_pk bigint not null,
        item_id_pk bigint not null,
        review_id_pk bigint,
        user_id_fk uuid not null,
        interaction_type enum ('CLICK','LIKE','RATING','RESEARCH','REVIEW','VIEW') not null,
        primary key (interaction_id_pk)
    )
2026-03-10T00:38:53.385-05:00 DEBUG 23424 --- [tv-looker-test] [           main] o.h.SQL                                  : 
    create table items (
        popularity numeric(10,4),
        release_date date,
        vote_average numeric(3,2),
        created_at timestamp(6) not null,
        item_id_pk bigint generated by default as identity,
        tmdb_id bigint not null unique,
        overview TEXT,
        title varchar(255) not null,
        tmdb_type enum ('MOVIE','TV') not null,
        primary key (item_id_pk)
    )
Hibernate: 
    create table items (
        popularity numeric(10,4),
        release_date date,
        vote_average numeric(3,2),
        created_at timestamp(6) not null,
        item_id_pk bigint generated by default as identity,
        tmdb_id bigint not null unique,
        overview TEXT,
        title varchar(255) not null,
        tmdb_type enum ('MOVIE','TV') not null,
        primary key (item_id_pk)
    )
2026-03-10T00:38:53.387-05:00 DEBUG 23424 --- [tv-looker-test] [           main] o.h.SQL                                  : 
    create table list_favorites (
        list_favorite_id_pk bigint generated by default as identity,
        user_id_fk uuid not null,
        name varchar(30) not null unique,
        description varchar(200),
        primary key (list_favorite_id_pk)
    )
Hibernate: 
    create table list_favorites (
        list_favorite_id_pk bigint generated by default as identity,
        user_id_fk uuid not null,
        name varchar(30) not null unique,
        description varchar(200),
        primary key (list_favorite_id_pk)
    )
2026-03-10T00:38:53.389-05:00 DEBUG 23424 --- [tv-looker-test] [           main] o.h.SQL                                  : 
    create table reviews (
        score integer not null,
        item_id_fk bigint not null,
        review_id_pk bigint generated by default as identity,
        user_id_fk uuid not null,
        review_text TEXT,
        primary key (review_id_pk)
    )
Hibernate: 
    create table reviews (
        score integer not null,
        item_id_fk bigint not null,
        review_id_pk bigint generated by default as identity,
        user_id_fk uuid not null,
        review_text TEXT,
        primary key (review_id_pk)
    )
2026-03-10T00:38:53.392-05:00 DEBUG 23424 --- [tv-looker-test] [           main] o.h.SQL                                  : 
    create table users (
        created_at timestamp(6) not null,
        user_id_pk uuid not null,
        password varchar(255) not null,
        username varchar(255) not null unique,
        primary key (user_id_pk)
    )
Hibernate: 
    create table users (
        created_at timestamp(6) not null,
        user_id_pk uuid not null,
        password varchar(255) not null,
        username varchar(255) not null unique,
        primary key (user_id_pk)
    )
2026-03-10T00:38:53.394-05:00 DEBUG 23424 --- [tv-looker-test] [           main] o.h.SQL                                  : 
    alter table if exists actors_items 
       add constraint FKoqattyq95mwmybnvuav0htcsb 
       foreign key (actor_id_fk) 
       references actors
Hibernate: 
    alter table if exists actors_items 
       add constraint FKoqattyq95mwmybnvuav0htcsb 
       foreign key (actor_id_fk) 
       references actors
2026-03-10T00:38:53.396-05:00 DEBUG 23424 --- [tv-looker-test] [           main] o.h.SQL                                  : 
    alter table if exists actors_items 
       add constraint FK3k8cg84jngo36y6rohubnelha 
       foreign key (item_id_fk) 
       references items
Hibernate: 
    alter table if exists actors_items 
       add constraint FK3k8cg84jngo36y6rohubnelha 
       foreign key (item_id_fk) 
       references items
2026-03-10T00:38:53.399-05:00 DEBUG 23424 --- [tv-looker-test] [           main] o.h.SQL                                  : 
    alter table if exists directors_items 
       add constraint FKoskuexklbwag0gwufiq525mux 
       foreign key (director_id_fk) 
       references directors
Hibernate: 
    alter table if exists directors_items 
       add constraint FKoskuexklbwag0gwufiq525mux 
       foreign key (director_id_fk) 
       references directors
2026-03-10T00:38:53.403-05:00 DEBUG 23424 --- [tv-looker-test] [           main] o.h.SQL                                  : 
    alter table if exists directors_items 
       add constraint FKp47tmlnxuikt2ec0rdmvkk72f 
       foreign key (item_id_fk) 
       references items
Hibernate: 
    alter table if exists directors_items 
       add constraint FKp47tmlnxuikt2ec0rdmvkk72f 
       foreign key (item_id_fk) 
       references items
2026-03-10T00:38:53.405-05:00 DEBUG 23424 --- [tv-looker-test] [           main] o.h.SQL                                  : 
    alter table if exists favorite_items 
       add constraint FK8o52pde5nbxok1d4xb9q4sc1i 
       foreign key (item_id_fk) 
       references items
Hibernate: 
    alter table if exists favorite_items 
       add constraint FK8o52pde5nbxok1d4xb9q4sc1i 
       foreign key (item_id_fk) 
       references items
2026-03-10T00:38:53.408-05:00 DEBUG 23424 --- [tv-looker-test] [           main] o.h.SQL                                  : 
    alter table if exists favorite_items 
       add constraint FK1ie4lngjchmpe0x11n5e2n618 
       foreign key (list_id_fk) 
       references list_favorites
Hibernate: 
    alter table if exists favorite_items 
       add constraint FK1ie4lngjchmpe0x11n5e2n618 
       foreign key (list_id_fk) 
       references list_favorites
2026-03-10T00:38:53.410-05:00 DEBUG 23424 --- [tv-looker-test] [           main] o.h.SQL                                  : 
    alter table if exists genres_items 
       add constraint FKa4gk0x3yvn2wrkr52r7b8skda 
       foreign key (genre_id_fk) 
       references genres
Hibernate: 
    alter table if exists genres_items 
       add constraint FKa4gk0x3yvn2wrkr52r7b8skda 
       foreign key (genre_id_fk) 
       references genres
2026-03-10T00:38:53.413-05:00 DEBUG 23424 --- [tv-looker-test] [           main] o.h.SQL                                  : 
    alter table if exists genres_items 
       add constraint FKi0cww84bmajlv1ik1oa6g3l53 
       foreign key (item_id_fk) 
       references items
Hibernate: 
    alter table if exists genres_items 
       add constraint FKi0cww84bmajlv1ik1oa6g3l53 
       foreign key (item_id_fk) 
       references items
2026-03-10T00:38:53.415-05:00 DEBUG 23424 --- [tv-looker-test] [           main] o.h.SQL                                  : 
    alter table if exists interactions 
       add constraint FKpfbejxnfkvc2sw3g3wntlg3st 
       foreign key (item_id_pk) 
       references items
Hibernate: 
    alter table if exists interactions 
       add constraint FKpfbejxnfkvc2sw3g3wntlg3st 
       foreign key (item_id_pk) 
       references items
2026-03-10T00:38:53.418-05:00 DEBUG 23424 --- [tv-looker-test] [           main] o.h.SQL                                  : 
    alter table if exists interactions 
       add constraint FK3cj3hj0uxv7qc9bx4rubde2jt 
       foreign key (review_id_pk) 
       references reviews
Hibernate: 
    alter table if exists interactions 
       add constraint FK3cj3hj0uxv7qc9bx4rubde2jt 
       foreign key (review_id_pk) 
       references reviews
2026-03-10T00:38:53.420-05:00 DEBUG 23424 --- [tv-looker-test] [           main] o.h.SQL                                  : 
    alter table if exists interactions 
       add constraint FK5nnl2rxntej1tr0sr4bw0ekmh 
       foreign key (user_id_fk) 
       references users
Hibernate: 
    alter table if exists interactions 
       add constraint FK5nnl2rxntej1tr0sr4bw0ekmh 
       foreign key (user_id_fk) 
       references users
2026-03-10T00:38:53.424-05:00 DEBUG 23424 --- [tv-looker-test] [           main] o.h.SQL                                  : 
    alter table if exists list_favorites 
       add constraint FKsa0qufk8afbaa8nl25xf3dtg1 
       foreign key (user_id_fk) 
       references users
Hibernate: 
    alter table if exists list_favorites 
       add constraint FKsa0qufk8afbaa8nl25xf3dtg1 
       foreign key (user_id_fk) 
       references users
2026-03-10T00:38:53.428-05:00 DEBUG 23424 --- [tv-looker-test] [           main] o.h.SQL                                  : 
    alter table if exists reviews 
       add constraint FKnjm26alfvdafa7v64qaspygwy 
       foreign key (item_id_fk) 
       references items
Hibernate: 
    alter table if exists reviews 
       add constraint FKnjm26alfvdafa7v64qaspygwy 
       foreign key (item_id_fk) 
       references items
2026-03-10T00:38:53.430-05:00 DEBUG 23424 --- [tv-looker-test] [           main] o.h.SQL                                  : 
    alter table if exists reviews 
       add constraint FKmww6ufjf3moflgniv5g0m77co 
       foreign key (user_id_fk) 
       references users
Hibernate: 
    alter table if exists reviews 
       add constraint FKmww6ufjf3moflgniv5g0m77co 
       foreign key (user_id_fk) 
       references users
2026-03-10T00:38:53.433-05:00  INFO 23424 --- [tv-looker-test] [           main] j.LocalContainerEntityManagerFactoryBean : Initialized JPA EntityManagerFactory for persistence unit 'default'
2026-03-10T00:38:53.538-05:00  WARN 23424 --- [tv-looker-test] [           main] JpaBaseConfiguration$JpaWebConfiguration : spring.jpa.open-in-view is enabled by default. Therefore, database queries may be performed during view rendering. Explicitly configure spring.jpa.open-in-view to disable this warning
2026-03-10T00:38:53.724-05:00 DEBUG 23424 --- [tv-looker-test] [           main] s.w.s.m.m.a.RequestMappingHandlerMapping : 2 mappings in 'requestMappingHandlerMapping'
2026-03-10T00:38:53.749-05:00 DEBUG 23424 --- [tv-looker-test] [           main] o.s.w.s.h.SimpleUrlHandlerMapping        : Patterns [/webjars/**, /**] in 'resourceHandlerMapping'
2026-03-10T00:38:53.768-05:00 DEBUG 23424 --- [tv-looker-test] [           main] s.w.s.m.m.a.RequestMappingHandlerAdapter : ControllerAdvice beans: 0 @ModelAttribute, 0 @InitBinder, 2 RequestBodyAdvice, 1 ResponseBodyAdvice
2026-03-10T00:38:53.785-05:00 DEBUG 23424 --- [tv-looker-test] [           main] .m.m.a.ExceptionHandlerExceptionResolver : ControllerAdvice beans: 0 @ExceptionHandler, 1 ResponseBodyAdvice
2026-03-10T00:38:54.184-05:00  INFO 23424 --- [tv-looker-test] [           main] o.s.b.a.e.w.EndpointLinksResolver        : Exposing 1 endpoint beneath base path '/actuator'
2026-03-10T00:38:54.226-05:00 DEBUG 23424 --- [tv-looker-test] [           main] .s.b.a.l.ConditionEvaluationReportLogger : 


============================
CONDITIONS EVALUATION REPORT
============================


Positive matches:
-----------------

   AopAutoConfiguration matched:
      - @ConditionalOnBooleanProperty (spring.aop.auto=true) matched (OnPropertyCondition)

   AopAutoConfiguration.AspectJAutoProxyingConfiguration matched:
      - @ConditionalOnClass found required class 'org.aspectj.weaver.Advice' (OnClassCondition)

   AopAutoConfiguration.AspectJAutoProxyingConfiguration.CglibAutoProxyConfiguration matched:
      - @ConditionalOnBooleanProperty (spring.aop.proxy-target-class=true) matched (OnPropertyCondition)

   ApplicationAvailabilityAutoConfiguration#applicationAvailability matched:
      - @ConditionalOnMissingBean (types: org.springframework.boot.availability.ApplicationAvailability; SearchStrategy: all) did not find any beans (OnBeanCondition)

   AvailabilityHealthContributorAutoConfiguration matched:
      - @ConditionalOnClass found required class 'org.springframework.boot.health.contributor.Health' (OnClassCondition)

   AvailabilityProbesAutoConfiguration matched:
      - @ConditionalOnClass found required class 'org.springframework.boot.actuate.endpoint.annotation.Endpoint' (OnClassCondition)
      - @ConditionalOnBooleanProperty (management.endpoint.health.probes.enabled=true) matched (OnPropertyCondition)

   AvailabilityProbesAutoConfiguration#livenessStateHealthIndicator matched:
      - @ConditionalOnMissingBean (names: livenessStateHealthIndicator; SearchStrategy: all) did not find any beans (OnBeanCondition)

   AvailabilityProbesAutoConfiguration#readinessStateHealthIndicator matched:
      - @ConditionalOnMissingBean (names: readinessStateHealthIndicator; SearchStrategy: all) did not find any beans (OnBeanCondition)

   CompositeMeterRegistryAutoConfiguration matched:
      - @ConditionalOnClass found required class 'io.micrometer.core.instrument.composite.CompositeMeterRegistry' (OnClassCondition)

   DataJpaRepositoriesAutoConfiguration matched:
      - @ConditionalOnClass found required class 'org.springframework.data.jpa.repository.JpaRepository' (OnClassCondition)
      - @ConditionalOnBooleanProperty (spring.data.jpa.repositories.enabled=true) matched (OnPropertyCondition)
      - @ConditionalOnBean (types: javax.sql.DataSource; SearchStrategy: all) found bean 'dataSource'; @ConditionalOnMissingBean (types: org.springframework.data.jpa.repository.support.JpaRepositoryFactoryBean,org.springframework.data.jpa.repository.config.JpaRepositoryConfigExtension; SearchStrategy: all) did not find any beans (OnBeanCondition)

   DataRepositoryMetricsAutoConfiguration matched:
      - @ConditionalOnClass found required class 'org.springframework.data.repository.Repository' (OnClassCondition)
      - @ConditionalOnBean (types: io.micrometer.core.instrument.MeterRegistry; SearchStrategy: all) found bean 'simpleMeterRegistry' (OnBeanCondition)

   DataRepositoryMetricsAutoConfiguration#metricsRepositoryMethodInvocationListener matched:
      - @ConditionalOnMissingBean (types: org.springframework.boot.data.metrics.MetricsRepositoryMethodInvocationListener; SearchStrategy: all) did not find any beans (OnBeanCondition)

   DataRepositoryMetricsAutoConfiguration#repositoryTagsProvider matched:
      - @ConditionalOnMissingBean (types: org.springframework.boot.data.metrics.RepositoryTagsProvider; SearchStrategy: all) did not find any beans (OnBeanCondition)

   DataSourceAutoConfiguration matched:
      - @ConditionalOnClass found required classes 'javax.sql.DataSource', 'org.springframework.jdbc.datasource.embedded.EmbeddedDatabaseType' (OnClassCondition)
      - @ConditionalOnMissingBean (types: io.r2dbc.spi.ConnectionFactory; SearchStrategy: all) did not find any beans (OnBeanCondition)

   DataSourceAutoConfiguration.PooledDataSourceConfiguration matched:
      - AnyNestedCondition 1 matched 1 did not; NestedCondition on DataSourceAutoConfiguration.PooledDataSourceCondition.PooledDataSourceAvailable PooledDataSource found supported DataSource; NestedCondition on DataSourceAutoConfiguration.PooledDataSourceCondition.ExplicitType @ConditionalOnProperty (spring.datasource.type) did not find property 'spring.datasource.type' (DataSourceAutoConfiguration.PooledDataSourceCondition)
      - @ConditionalOnMissingBean (types: javax.sql.DataSource,javax.sql.XADataSource; SearchStrategy: all) did not find any beans (OnBeanCondition)

   DataSourceAutoConfiguration.PooledDataSourceConfiguration#jdbcConnectionDetails matched:
      - @ConditionalOnMissingBean (types: org.springframework.boot.jdbc.autoconfigure.JdbcConnectionDetails; SearchStrategy: all) did not find any beans (OnBeanCondition)

   DataSourceConfiguration.Hikari matched:
      - @ConditionalOnClass found required class 'com.zaxxer.hikari.HikariDataSource' (OnClassCondition)
      - @ConditionalOnProperty (spring.datasource.type=com.zaxxer.hikari.HikariDataSource) matched (OnPropertyCondition)
      - @ConditionalOnMissingBean (types: javax.sql.DataSource; SearchStrategy: all) did not find any beans (OnBeanCondition)

   DataSourceHealthContributorAutoConfiguration matched:
      - @ConditionalOnClass found required classes 'org.springframework.jdbc.core.JdbcTemplate', 'org.springframework.jdbc.datasource.lookup.AbstractRoutingDataSource', 'org.springframework.boot.health.autoconfigure.contributor.ConditionalOnEnabledHealthIndicator' (OnClassCondition)
      - @ConditionalOnEnabledHealthIndicator management.health.defaults.enabled is considered true (OnEnabledHealthIndicatorCondition)
      - @ConditionalOnBean (types: javax.sql.DataSource; SearchStrategy: all) found bean 'dataSource' (OnBeanCondition)

   DataSourceHealthContributorAutoConfiguration#dbHealthContributor matched:
      - @ConditionalOnMissingBean (names: dbHealthIndicator,dbHealthContributor; SearchStrategy: all) did not find any beans (OnBeanCondition)

   DataSourceInitializationAutoConfiguration matched:
      - @ConditionalOnClass found required class 'org.springframework.jdbc.datasource.init.DatabasePopulator' (OnClassCondition)
      - SQL InitializationDatabase Initialization default value is EMBEDDED (OnSqlInitializationCondition)
      - @ConditionalOnSingleCandidate (types: javax.sql.DataSource; SearchStrategy: all) found a single bean 'dataSource'; @ConditionalOnMissingBean (types: org.springframework.boot.sql.autoconfigure.init.ApplicationScriptDatabaseInitializer; SearchStrategy: all) did not find any beans (OnBeanCondition)

   DataSourcePoolMetadataProvidersConfiguration.HikariPoolDataSourceMetadataProviderConfiguration matched:
      - @ConditionalOnClass found required class 'com.zaxxer.hikari.HikariDataSource' (OnClassCondition)

   DataSourcePoolMetricsAutoConfiguration matched:
      - @ConditionalOnClass found required classes 'javax.sql.DataSource', 'io.micrometer.core.instrument.MeterRegistry' (OnClassCondition)
      - @ConditionalOnBean (types: javax.sql.DataSource,io.micrometer.core.instrument.MeterRegistry; SearchStrategy: all) found beans 'simpleMeterRegistry', 'dataSource' (OnBeanCondition)

   DataSourcePoolMetricsAutoConfiguration.DataSourcePoolMetadataMetricsConfiguration matched:
      - @ConditionalOnBean (types: org.springframework.boot.jdbc.metadata.DataSourcePoolMetadataProvider; SearchStrategy: all) found bean 'hikariPoolDataSourceMetadataProvider' (OnBeanCondition)

   DataSourcePoolMetricsAutoConfiguration.HikariDataSourceMetricsConfiguration matched:
      - @ConditionalOnClass found required class 'com.zaxxer.hikari.HikariDataSource' (OnClassCondition)

   DataSourceTransactionManagerAutoConfiguration matched:
      - @ConditionalOnClass found required classes 'javax.sql.DataSource', 'org.springframework.jdbc.core.JdbcTemplate', 'org.springframework.transaction.TransactionManager' (OnClassCondition)

   DataSourceTransactionManagerAutoConfiguration.JdbcTransactionManagerConfiguration matched:
      - @ConditionalOnSingleCandidate (types: javax.sql.DataSource; SearchStrategy: all) found a single bean 'dataSource' (OnBeanCondition)

   DataWebAutoConfiguration matched:
      - @ConditionalOnClass found required classes 'org.springframework.data.web.PageableHandlerMethodArgumentResolver', 'org.springframework.web.servlet.config.annotation.WebMvcConfigurer' (OnClassCondition)
      - found 'session' scope (OnWebApplicationCondition)
      - @ConditionalOnMissingBean (types: org.springframework.data.web.PageableHandlerMethodArgumentResolver; SearchStrategy: all) did not find any beans (OnBeanCondition)

   DataWebAutoConfiguration#pageableCustomizer matched:
      - @ConditionalOnMissingBean (types: org.springframework.data.web.config.PageableHandlerMethodArgumentResolverCustomizer; SearchStrategy: all) did not find any beans (OnBeanCondition)

   DataWebAutoConfiguration#sortCustomizer matched:
      - @ConditionalOnMissingBean (types: org.springframework.data.web.config.SortHandlerMethodArgumentResolverCustomizer; SearchStrategy: all) did not find any beans (OnBeanCondition)

   DataWebAutoConfiguration#springDataWebSettings matched:
      - @ConditionalOnMissingBean (types: org.springframework.data.web.config.SpringDataWebSettings; SearchStrategy: all) did not find any beans (OnBeanCondition)

   DiskSpaceHealthContributorAutoConfiguration matched:
      - @ConditionalOnClass found required class 'org.springframework.boot.health.contributor.Health' (OnClassCondition)
      - @ConditionalOnEnabledHealthIndicator management.health.defaults.enabled is considered true (OnEnabledHealthIndicatorCondition)

   DiskSpaceHealthContributorAutoConfiguration#diskSpaceHealthIndicator matched:
      - @ConditionalOnMissingBean (names: diskSpaceHealthIndicator; SearchStrategy: all) did not find any beans (OnBeanCondition)

   DispatcherServletAutoConfiguration matched:
      - @ConditionalOnClass found required class 'org.springframework.web.servlet.DispatcherServlet' (OnClassCondition)
      - found 'session' scope (OnWebApplicationCondition)

   DispatcherServletAutoConfiguration.DispatcherServletConfiguration matched:
      - @ConditionalOnClass found required class 'jakarta.servlet.ServletRegistration' (OnClassCondition)
      - Default DispatcherServlet did not find dispatcher servlet beans (DispatcherServletAutoConfiguration.DefaultDispatcherServletCondition)

   DispatcherServletAutoConfiguration.DispatcherServletRegistrationConfiguration matched:
      - @ConditionalOnClass found required class 'jakarta.servlet.ServletRegistration' (OnClassCondition)
      - DispatcherServlet Registration did not find servlet registration bean (DispatcherServletAutoConfiguration.DispatcherServletRegistrationCondition)

   DispatcherServletAutoConfiguration.DispatcherServletRegistrationConfiguration#dispatcherServletRegistration matched:
      - @ConditionalOnBean (names: dispatcherServlet types: org.springframework.web.servlet.DispatcherServlet; SearchStrategy: all) found bean 'dispatcherServlet' (OnBeanCondition)

   EndpointAutoConfiguration#endpointCachingOperationInvokerAdvisor matched:
      - @ConditionalOnMissingBean (types: org.springframework.boot.actuate.endpoint.invoker.cache.CachingOperationInvokerAdvisor; SearchStrategy: all) did not find any beans (OnBeanCondition)

   EndpointAutoConfiguration#endpointOperationParameterMapper matched:
      - @ConditionalOnMissingBean (types: org.springframework.boot.actuate.endpoint.invoke.ParameterValueMapper; SearchStrategy: all) did not find any beans (OnBeanCondition)

   EndpointAutoConfiguration#propertiesEndpointAccessResolver matched:
      - @ConditionalOnMissingBean (types: org.springframework.boot.actuate.endpoint.EndpointAccessResolver; SearchStrategy: all) did not find any beans (OnBeanCondition)

   ErrorMvcAutoConfiguration matched:
      - @ConditionalOnClass found required classes 'jakarta.servlet.Servlet', 'org.springframework.web.servlet.DispatcherServlet' (OnClassCondition)
      - found 'session' scope (OnWebApplicationCondition)

   ErrorMvcAutoConfiguration#basicErrorController matched:
      - @ConditionalOnMissingBean (types: org.springframework.boot.webmvc.error.ErrorController; SearchStrategy: current) did not find any beans (OnBeanCondition)

   ErrorMvcAutoConfiguration#errorAttributes matched:
      - @ConditionalOnMissingBean (types: org.springframework.boot.webmvc.error.ErrorAttributes; SearchStrategy: current) did not find any beans (OnBeanCondition)

   ErrorMvcAutoConfiguration.DefaultErrorViewResolverConfiguration#conventionErrorViewResolver matched:
      - @ConditionalOnBean (types: org.springframework.web.servlet.DispatcherServlet; SearchStrategy: all) found bean 'dispatcherServlet'; @ConditionalOnMissingBean (types: org.springframework.boot.webmvc.autoconfigure.error.ErrorViewResolver; SearchStrategy: all) did not find any beans (OnBeanCondition)

   ErrorMvcAutoConfiguration.WhitelabelErrorViewConfiguration matched:
      - @ConditionalOnBooleanProperty (spring.web.error.whitelabel.enabled=true) matched (OnPropertyCondition)
      - ErrorTemplate Missing did not find error template view (ErrorMvcAutoConfiguration.ErrorTemplateMissingCondition)

   ErrorMvcAutoConfiguration.WhitelabelErrorViewConfiguration#beanNameViewResolver matched:
      - @ConditionalOnMissingBean (types: org.springframework.web.servlet.view.BeanNameViewResolver; SearchStrategy: all) did not find any beans (OnBeanCondition)

   ErrorMvcAutoConfiguration.WhitelabelErrorViewConfiguration#defaultErrorView matched:
      - @ConditionalOnMissingBean (names: error; SearchStrategy: all) did not find any beans (OnBeanCondition)

   HealthContributorAutoConfiguration#pingHealthContributor matched:
      - @ConditionalOnEnabledHealthIndicator management.health.defaults.enabled is considered true (OnEnabledHealthIndicatorCondition)

   HealthContributorRegistryAutoConfiguration#healthContributorRegistry matched:
      - @ConditionalOnMissingBean (types: org.springframework.boot.health.registry.HealthContributorRegistry; SearchStrategy: all) did not find any beans (OnBeanCondition)

   HealthEndpointAutoConfiguration matched:
      - @ConditionalOnClass found required class 'org.springframework.boot.actuate.endpoint.annotation.Endpoint' (OnClassCondition)
      - @ConditionalOnAvailableEndpoint marked as exposed by a 'management.endpoints.web.exposure' property (OnAvailableEndpointCondition)
      - @ConditionalOnBean (types: org.springframework.boot.health.registry.HealthContributorRegistry; SearchStrategy: all) found bean 'healthContributorRegistry' (OnBeanCondition)

   HealthEndpointConfiguration#healthEndpoint matched:
      - @ConditionalOnMissingBean (types: org.springframework.boot.health.actuate.endpoint.HealthEndpoint; SearchStrategy: all) did not find any beans (OnBeanCondition)

   HealthEndpointConfiguration#healthEndpointGroupMembershipValidator matched:
      - @ConditionalOnBooleanProperty (management.endpoint.health.validate-group-membership=true) matched (OnPropertyCondition)

   HealthEndpointConfiguration#healthEndpointGroups matched:
      - @ConditionalOnMissingBean (types: org.springframework.boot.health.actuate.endpoint.HealthEndpointGroups; SearchStrategy: all) did not find any beans (OnBeanCondition)

   HealthEndpointConfiguration#healthHttpCodeStatusMapper matched:
      - @ConditionalOnMissingBean (types: org.springframework.boot.health.actuate.endpoint.HttpCodeStatusMapper; SearchStrategy: all) did not find any beans (OnBeanCondition)

   HealthEndpointConfiguration#healthStatusAggregator matched:
      - @ConditionalOnMissingBean (types: org.springframework.boot.health.actuate.endpoint.StatusAggregator; SearchStrategy: all) did not find any beans (OnBeanCondition)

   HealthEndpointWebExtensionConfiguration matched:
      - found 'session' scope (OnWebApplicationCondition)
      - @ConditionalOnAvailableEndpoint marked as exposed by a 'management.endpoints.web.exposure' property (OnAvailableEndpointCondition)
      - @ConditionalOnBean (types: org.springframework.boot.health.actuate.endpoint.HealthEndpoint; SearchStrategy: all) found bean 'healthEndpoint' (OnBeanCondition)

   HealthEndpointWebExtensionConfiguration#healthEndpointWebExtension matched:
      - @ConditionalOnMissingBean (types: org.springframework.boot.health.actuate.endpoint.HealthEndpointWebExtension; SearchStrategy: all) did not find any beans (OnBeanCondition)

   HibernateJpaAutoConfiguration matched:
      - @ConditionalOnClass found required classes 'org.springframework.orm.jpa.LocalContainerEntityManagerFactoryBean', 'jakarta.persistence.EntityManager', 'org.hibernate.engine.spi.SessionImplementor' (OnClassCondition)

   HibernateJpaConfiguration matched:
      - @ConditionalOnSingleCandidate (types: javax.sql.DataSource; SearchStrategy: all) found a single bean 'dataSource' (OnBeanCondition)

   HttpEncodingAutoConfiguration matched:
      - @ConditionalOnClass found required class 'org.springframework.web.filter.CharacterEncodingFilter' (OnClassCondition)
      - found 'session' scope (OnWebApplicationCondition)
      - @ConditionalOnBooleanProperty (spring.servlet.encoding.enabled=true) matched (OnPropertyCondition)

   HttpEncodingAutoConfiguration#characterEncodingFilter matched:
      - @ConditionalOnMissingBean (types: org.springframework.web.filter.CharacterEncodingFilter; SearchStrategy: all) did not find any beans (OnBeanCondition)

   HttpMessageConvertersAutoConfiguration matched:
      - @ConditionalOnClass found required class 'org.springframework.http.converter.HttpMessageConverter' (OnClassCondition)
      - NoneNestedConditions 0 matched 1 did not; NestedCondition on HttpMessageConvertersAutoConfiguration.NotReactiveWebApplicationCondition.ReactiveWebApplication did not find reactive web application classes (HttpMessageConvertersAutoConfiguration.NotReactiveWebApplicationCondition)

   HttpMessageConvertersAutoConfiguration.StringHttpMessageConverterConfiguration#stringHttpMessageConvertersCustomizer matched:
      - @ConditionalOnMissingBean (types: org.springframework.http.converter.StringHttpMessageConverter; SearchStrategy: all) did not find any beans (OnBeanCondition)

   JacksonAutoConfiguration matched:
      - @ConditionalOnClass found required class 'tools.jackson.databind.json.JsonMapper' (OnClassCondition)

   JacksonAutoConfiguration#jacksonJsonMapper matched:
      - @ConditionalOnMissingBean (types: tools.jackson.databind.json.JsonMapper; SearchStrategy: all) did not find any beans (OnBeanCondition)

   JacksonAutoConfiguration#jsonMapperBuilder matched:
      - @ConditionalOnMissingBean (types: tools.jackson.databind.json.JsonMapper$Builder; SearchStrategy: all) did not find any beans (OnBeanCondition)

   JacksonAutoConfiguration.JsonProblemDetailsConfiguration matched:
      - @ConditionalOnClass found required class 'org.springframework.http.ProblemDetail' (OnClassCondition)

   JacksonEndpointAutoConfiguration matched:
      - @ConditionalOnClass found required class 'tools.jackson.databind.json.JsonMapper' (OnClassCondition)

   JacksonEndpointAutoConfiguration#endpointJsonMapper matched:
      - @ConditionalOnBooleanProperty (management.endpoints.jackson.isolated-json-mapper=true) matched (OnPropertyCondition)

   JacksonHttpMessageConvertersConfiguration.JacksonJsonHttpMessageConverterConfiguration matched:
      - @ConditionalOnClass found required class 'tools.jackson.databind.json.JsonMapper' (OnClassCondition)
      - @ConditionalOnProperty (spring.http.converters.preferred-json-mapper=jackson) matched (OnPropertyCondition)
      - @ConditionalOnBean (types: tools.jackson.databind.json.JsonMapper; SearchStrategy: all) found bean 'jacksonJsonMapper' (OnBeanCondition)

   JacksonHttpMessageConvertersConfiguration.JacksonJsonHttpMessageConverterConfiguration#jacksonJsonHttpMessageConvertersCustomizer matched:
      - @ConditionalOnMissingBean (types: org.springframework.http.converter.json.JacksonJsonHttpMessageConverter ignored: org.springframework.hateoas.server.mvc.TypeConstrainedJacksonJsonHttpMessageConverter,org.springframework.data.rest.webmvc.alps.AlpsJacksonJsonHttpMessageConverter; SearchStrategy: all) did not find any beans (OnBeanCondition)

   JdbcClientAutoConfiguration matched:
      - @ConditionalOnSingleCandidate (types: org.springframework.jdbc.core.namedparam.NamedParameterJdbcTemplate; SearchStrategy: all) found a single bean 'namedParameterJdbcTemplate'; @ConditionalOnMissingBean (types: org.springframework.jdbc.core.simple.JdbcClient; SearchStrategy: all) did not find any beans (OnBeanCondition)

   JdbcSessionAutoConfiguration matched:
      - @ConditionalOnClass found required classes 'org.springframework.session.Session', 'org.springframework.jdbc.core.JdbcTemplate', 'org.springframework.session.jdbc.JdbcIndexedSessionRepository' (OnClassCondition)
      - found 'session' scope (OnWebApplicationCondition)
      - @ConditionalOnBean (types: javax.sql.DataSource; SearchStrategy: all) found bean 'dataSource'; @ConditionalOnMissingBean (types: org.springframework.session.SessionRepository; SearchStrategy: all) did not find any beans (OnBeanCondition)

   JdbcSessionAutoConfiguration#jdbcSessionDataSourceScriptDatabaseInitializer matched:
      - Jdbc SessionDatabase Initialization default value is EMBEDDED (JdbcSessionAutoConfiguration.OnJdbcSessionDatasourceInitializationCondition)
      - @ConditionalOnMissingBean (types: org.springframework.boot.session.jdbc.autoconfigure.JdbcSessionDataSourceScriptDatabaseInitializer; SearchStrategy: all) did not find any beans (OnBeanCondition)

   JdbcTemplateAutoConfiguration matched:
      - @ConditionalOnClass found required classes 'javax.sql.DataSource', 'org.springframework.jdbc.core.JdbcTemplate' (OnClassCondition)
      - @ConditionalOnSingleCandidate (types: javax.sql.DataSource; SearchStrategy: all) found a single bean 'dataSource' (OnBeanCondition)

   JdbcTemplateConfiguration matched:
      - @ConditionalOnMissingBean (types: org.springframework.jdbc.core.JdbcOperations; SearchStrategy: all) did not find any beans (OnBeanCondition)

   JpaBaseConfiguration#entityManagerFactory matched:
      - @ConditionalOnMissingBean (types: org.springframework.orm.jpa.LocalContainerEntityManagerFactoryBean,jakarta.persistence.EntityManagerFactory; SearchStrategy: all) did not find any beans (OnBeanCondition)

   JpaBaseConfiguration#entityManagerFactoryBuilder matched:
      - @ConditionalOnMissingBean (types: org.springframework.boot.jpa.EntityManagerFactoryBuilder; SearchStrategy: all) did not find any beans (OnBeanCondition)

   JpaBaseConfiguration#jpaVendorAdapter matched:
      - @ConditionalOnMissingBean (types: org.springframework.orm.jpa.JpaVendorAdapter; SearchStrategy: all) did not find any beans (OnBeanCondition)

   JpaBaseConfiguration#transactionManager matched:
      - @ConditionalOnMissingBean (types: org.springframework.transaction.TransactionManager; SearchStrategy: all) did not find any beans (OnBeanCondition)

   JpaBaseConfiguration.JpaWebConfiguration matched:
      - @ConditionalOnClass found required class 'org.springframework.web.servlet.config.annotation.WebMvcConfigurer' (OnClassCondition)
      - found 'session' scope (OnWebApplicationCondition)
      - @ConditionalOnBooleanProperty (spring.jpa.open-in-view=true) matched (OnPropertyCondition)
      - @ConditionalOnMissingBean (types: org.springframework.orm.jpa.support.OpenEntityManagerInViewInterceptor,org.springframework.orm.jpa.support.OpenEntityManagerInViewFilter; SearchStrategy: all) did not find any beans (OnBeanCondition)

   JpaBaseConfiguration.PersistenceManagedTypesConfiguration matched:
      - @ConditionalOnMissingBean (types: org.springframework.orm.jpa.LocalContainerEntityManagerFactoryBean,jakarta.persistence.EntityManagerFactory; SearchStrategy: all) did not find any beans (OnBeanCondition)

   JpaBaseConfiguration.PersistenceManagedTypesConfiguration#persistenceManagedTypes matched:
      - @ConditionalOnMissingBean (types: org.springframework.orm.jpa.persistenceunit.PersistenceManagedTypes; SearchStrategy: all) did not find any beans (OnBeanCondition)

   JtaAutoConfiguration matched:
      - @ConditionalOnClass found required class 'jakarta.transaction.Transaction' (OnClassCondition)
      - @ConditionalOnBooleanProperty (spring.jta.enabled=true) matched (OnPropertyCondition)

   JvmMetricsAutoConfiguration matched:
      - @ConditionalOnClass found required class 'io.micrometer.core.instrument.MeterRegistry' (OnClassCondition)
      - @ConditionalOnBean (types: io.micrometer.core.instrument.MeterRegistry; SearchStrategy: all) found bean 'simpleMeterRegistry' (OnBeanCondition)

   JvmMetricsAutoConfiguration#classLoaderMetrics matched:
      - @ConditionalOnMissingBean (types: io.micrometer.core.instrument.binder.jvm.ClassLoaderMetrics; SearchStrategy: all) did not find any beans (OnBeanCondition)

   JvmMetricsAutoConfiguration#jvmCompilationMetrics matched:
      - @ConditionalOnMissingBean (types: io.micrometer.core.instrument.binder.jvm.JvmCompilationMetrics; SearchStrategy: all) did not find any beans (OnBeanCondition)

   JvmMetricsAutoConfiguration#jvmGcMetrics matched:
      - @ConditionalOnMissingBean (types: io.micrometer.core.instrument.binder.jvm.JvmGcMetrics; SearchStrategy: all) did not find any beans (OnBeanCondition)

   JvmMetricsAutoConfiguration#jvmHeapPressureMetrics matched:
      - @ConditionalOnMissingBean (types: io.micrometer.core.instrument.binder.jvm.JvmHeapPressureMetrics; SearchStrategy: all) did not find any beans (OnBeanCondition)

   JvmMetricsAutoConfiguration#jvmInfoMetrics matched:
      - @ConditionalOnMissingBean (types: io.micrometer.core.instrument.binder.jvm.JvmInfoMetrics; SearchStrategy: all) did not find any beans (OnBeanCondition)

   JvmMetricsAutoConfiguration#jvmMemoryMetrics matched:
      - @ConditionalOnMissingBean (types: io.micrometer.core.instrument.binder.jvm.JvmMemoryMetrics; SearchStrategy: all) did not find any beans (OnBeanCondition)

   JvmMetricsAutoConfiguration#jvmThreadMetrics matched:
      - @ConditionalOnMissingBean (types: io.micrometer.core.instrument.binder.jvm.JvmThreadMetrics; SearchStrategy: all) did not find any beans (OnBeanCondition)

   LifecycleAutoConfiguration#defaultLifecycleProcessor matched:
      - @ConditionalOnMissingBean (names: lifecycleProcessor; SearchStrategy: current) did not find any beans (OnBeanCondition)

   Log4J2MetricsAutoConfiguration matched:
      - @ConditionalOnClass found required classes 'io.micrometer.core.instrument.binder.logging.Log4j2Metrics', 'org.apache.logging.log4j.LogManager', 'org.apache.logging.log4j.core.LoggerContext' (OnClassCondition)
      - LoggerContext was an instance of org.apache.logging.log4j.core.LoggerContext (Log4J2MetricsAutoConfiguration.Log4JCoreLoggerContextCondition)
      - @ConditionalOnBean (types: io.micrometer.core.instrument.MeterRegistry; SearchStrategy: all) found bean 'simpleMeterRegistry' (OnBeanCondition)

   Log4J2MetricsAutoConfiguration#log4j2Metrics matched:
      - @ConditionalOnMissingBean (types: io.micrometer.core.instrument.binder.logging.Log4j2Metrics; SearchStrategy: all) did not find any beans (OnBeanCondition)

   ManagementContextAutoConfiguration.SameManagementContextConfiguration matched:
      - Management Port actual port type (SAME) matched required type (OnManagementPortCondition)

   MetricsAutoConfiguration matched:
      - @ConditionalOnClass found required class 'io.micrometer.core.annotation.Timed' (OnClassCondition)

   MetricsAutoConfiguration#micrometerClock matched:
      - @ConditionalOnMissingBean (types: io.micrometer.core.instrument.Clock; SearchStrategy: all) did not find any beans (OnBeanCondition)

   MultipartAutoConfiguration matched:
      - @ConditionalOnClass found required classes 'jakarta.servlet.Servlet', 'org.springframework.web.multipart.support.StandardServletMultipartResolver', 'jakarta.servlet.MultipartConfigElement' (OnClassCondition)
      - found 'session' scope (OnWebApplicationCondition)
      - @ConditionalOnBooleanProperty (spring.servlet.multipart.enabled=true) matched (OnPropertyCondition)

   MultipartAutoConfiguration#multipartConfigElement matched:
      - @ConditionalOnMissingBean (types: jakarta.servlet.MultipartConfigElement; SearchStrategy: all) did not find any beans (OnBeanCondition)

   MultipartAutoConfiguration#multipartResolver matched:
      - @ConditionalOnMissingBean (types: org.springframework.web.multipart.MultipartResolver; SearchStrategy: all) did not find any beans (OnBeanCondition)

   NamedParameterJdbcTemplateConfiguration matched:
      - @ConditionalOnSingleCandidate (types: org.springframework.jdbc.core.JdbcTemplate; SearchStrategy: all) found a single bean 'jdbcTemplate'; @ConditionalOnMissingBean (types: org.springframework.jdbc.core.namedparam.NamedParameterJdbcOperations; SearchStrategy: all) did not find any beans (OnBeanCondition)

   ObservationAutoConfiguration matched:
      - @ConditionalOnClass found required class 'io.micrometer.observation.ObservationRegistry' (OnClassCondition)

   ObservationAutoConfiguration#observationRegistry matched:
      - @ConditionalOnMissingBean (types: io.micrometer.observation.ObservationRegistry; SearchStrategy: all) did not find any beans (OnBeanCondition)

   ObservationAutoConfiguration#spelValueExpressionResolver matched:
      - @ConditionalOnMissingBean (types: io.micrometer.common.annotation.ValueExpressionResolver; SearchStrategy: all) did not find any beans (OnBeanCondition)

   PersistenceExceptionTranslationAutoConfiguration matched:
      - @ConditionalOnClass found required class 'org.springframework.dao.annotation.PersistenceExceptionTranslationPostProcessor' (OnClassCondition)

   PersistenceExceptionTranslationAutoConfiguration#persistenceExceptionTranslationPostProcessor matched:
      - @ConditionalOnBooleanProperty (spring.persistence.exceptiontranslation.enabled=true) matched (OnPropertyCondition)
      - @ConditionalOnMissingBean (types: org.springframework.dao.annotation.PersistenceExceptionTranslationPostProcessor; SearchStrategy: all) did not find any beans (OnBeanCondition)

   PropertyPlaceholderAutoConfiguration#propertySourcesPlaceholderConfigurer matched:
      - @ConditionalOnMissingBean (types: org.springframework.context.support.PropertySourcesPlaceholderConfigurer; SearchStrategy: current) did not find any beans (OnBeanCondition)

   RecommendationConfig#popularityStrategy matched:
      - @ConditionalOnProperty (recommendation.strategies.popularity.enabled=true) matched (OnPropertyCondition)

   ScheduledTasksObservationAutoConfiguration matched:
      - @ConditionalOnClass found required class 'org.springframework.scheduling.concurrent.ThreadPoolTaskScheduler' (OnClassCondition)
      - @ConditionalOnBean (types: io.micrometer.observation.ObservationRegistry; SearchStrategy: all) found bean 'observationRegistry' (OnBeanCondition)

   ServletEndpointManagementContextConfiguration matched:
      - found 'session' scope (OnWebApplicationCondition)

   ServletManagementContextAutoConfiguration matched:
      - @ConditionalOnClass found required classes 'jakarta.servlet.Servlet', 'org.springframework.boot.actuate.autoconfigure.endpoint.web.WebEndpointProperties' (OnClassCondition)
      - found 'session' scope (OnWebApplicationCondition)

   SessionAutoConfiguration matched:
      - @ConditionalOnClass found required class 'org.springframework.session.Session' (OnClassCondition)
      - @ConditionalOnWebApplication (required) found 'session' scope (OnWebApplicationCondition)

   SessionAutoConfiguration.ServletSessionConfiguration matched:
      - found 'session' scope (OnWebApplicationCondition)

   SessionAutoConfiguration.ServletSessionConfiguration.WarDepoymentConfiguration matched:
      - Application is deployed as a WAR file. (OnWarDeploymentCondition)

   SessionAutoConfiguration.ServletSessionConfiguration.WarDepoymentConfiguration#cookieSerializer matched:
      - AnyNestedCondition 1 matched 1 did not; NestedCondition on SessionAutoConfiguration.DefaultCookieSerializerCondition.CookieHttpSessionIdResolverAvailable found non-matching nested conditions @ConditionalOnBean (types: org.springframework.session.web.http.CookieHttpSessionIdResolver; SearchStrategy: all) did not find any beans of type org.springframework.session.web.http.CookieHttpSessionIdResolver, @ConditionalOnBean (types: org.springframework.session.web.http.CookieHttpSessionIdResolver; SearchStrategy: all) did not find any beans of type org.springframework.session.web.http.CookieHttpSessionIdResolver; NestedCondition on SessionAutoConfiguration.DefaultCookieSerializerCondition.NoComponentsAvailable @ConditionalOnMissingBean (types: org.springframework.session.web.http.HttpSessionIdResolver,org.springframework.session.web.http.CookieSerializer; SearchStrategy: all) did not find any beans (SessionAutoConfiguration.DefaultCookieSerializerCondition)

   SessionRepositoryFilterConfiguration matched:
      - @ConditionalOnBean (types: org.springframework.session.web.http.SessionRepositoryFilter; SearchStrategy: all) found bean 'springSessionRepositoryFilter' (OnBeanCondition)

   SimpleMetricsExportAutoConfiguration matched:
      - @ConditionalOnEnabledMetricsExport management.simple.metrics.export.enabled is true (OnMetricsExportEnabledCondition)
      - @ConditionalOnBean (types: io.micrometer.core.instrument.Clock; SearchStrategy: all) found bean 'micrometerClock'; @ConditionalOnMissingBean (types: io.micrometer.core.instrument.MeterRegistry; SearchStrategy: all) did not find any beans (OnBeanCondition)

   SimpleMetricsExportAutoConfiguration#simpleConfig matched:
      - @ConditionalOnMissingBean (types: io.micrometer.core.instrument.simple.SimpleConfig; SearchStrategy: all) did not find any beans (OnBeanCondition)

   SslAutoConfiguration#sslBundleRegistry matched:
      - @ConditionalOnMissingBean (types: org.springframework.boot.ssl.SslBundleRegistry,org.springframework.boot.ssl.SslBundles; SearchStrategy: all) did not find any beans (OnBeanCondition)

   SslHealthContributorAutoConfiguration matched:
      - @ConditionalOnClass found required class 'org.springframework.boot.health.contributor.Health' (OnClassCondition)
      - @ConditionalOnEnabledHealthIndicator management.health.defaults.enabled is considered true (OnEnabledHealthIndicatorCondition)

   SslHealthContributorAutoConfiguration#sslHealthIndicator matched:
      - @ConditionalOnMissingBean (names: sslHealthIndicator; SearchStrategy: all) did not find any beans (OnBeanCondition)

   SslHealthContributorAutoConfiguration#sslInfo matched:
      - @ConditionalOnMissingBean (types: org.springframework.boot.info.SslInfo; SearchStrategy: all) did not find any beans (OnBeanCondition)

   SslMetricsAutoConfiguration matched:
      - @ConditionalOnClass found required class 'io.micrometer.core.instrument.MeterRegistry' (OnClassCondition)
      - @ConditionalOnBean (types: io.micrometer.core.instrument.MeterRegistry,org.springframework.boot.ssl.SslBundles; SearchStrategy: all) found beans 'sslBundleRegistry', 'simpleMeterRegistry' (OnBeanCondition)

   StartupTimeMetricsListenerAutoConfiguration matched:
      - @ConditionalOnClass found required class 'io.micrometer.core.instrument.MeterRegistry' (OnClassCondition)
      - @ConditionalOnBean (types: io.micrometer.core.instrument.MeterRegistry; SearchStrategy: all) found bean 'simpleMeterRegistry' (OnBeanCondition)

   StartupTimeMetricsListenerAutoConfiguration#startupTimeMetrics matched:
      - @ConditionalOnMissingBean (types: org.springframework.boot.micrometer.metrics.startup.StartupTimeMetricsListener; SearchStrategy: all) did not find any beans (OnBeanCondition)

   SystemMetricsAutoConfiguration matched:
      - @ConditionalOnClass found required class 'io.micrometer.core.instrument.MeterRegistry' (OnClassCondition)
      - @ConditionalOnBean (types: io.micrometer.core.instrument.MeterRegistry; SearchStrategy: all) found bean 'simpleMeterRegistry' (OnBeanCondition)

   SystemMetricsAutoConfiguration#diskSpaceMetrics matched:
      - @ConditionalOnMissingBean (types: org.springframework.boot.micrometer.metrics.system.DiskSpaceMetricsBinder; SearchStrategy: all) did not find any beans (OnBeanCondition)

   SystemMetricsAutoConfiguration#fileDescriptorMetrics matched:
      - @ConditionalOnMissingBean (types: io.micrometer.core.instrument.binder.system.FileDescriptorMetrics; SearchStrategy: all) did not find any beans (OnBeanCondition)

   SystemMetricsAutoConfiguration#processorMetrics matched:
      - @ConditionalOnMissingBean (types: io.micrometer.core.instrument.binder.system.ProcessorMetrics; SearchStrategy: all) did not find any beans (OnBeanCondition)

   SystemMetricsAutoConfiguration#uptimeMetrics matched:
      - @ConditionalOnMissingBean (types: io.micrometer.core.instrument.binder.system.UptimeMetrics; SearchStrategy: all) did not find any beans (OnBeanCondition)

   TaskExecutionAutoConfiguration matched:
      - @ConditionalOnClass found required class 'org.springframework.scheduling.concurrent.ThreadPoolTaskExecutor' (OnClassCondition)

   TaskExecutorConfigurations.AsyncConfigurerConfiguration matched:
      - @ConditionalOnMissingBean (types: org.springframework.scheduling.annotation.AsyncConfigurer; SearchStrategy: all) did not find any beans (OnBeanCondition)

   TaskExecutorConfigurations.SimpleAsyncTaskExecutorBuilderConfiguration#simpleAsyncTaskExecutorBuilder matched:
      - @ConditionalOnMissingBean (types: org.springframework.boot.task.SimpleAsyncTaskExecutorBuilder; SearchStrategy: all) did not find any beans (OnBeanCondition)
      - @ConditionalOnThreading found PLATFORM (OnThreadingCondition)

   TaskExecutorConfigurations.TaskExecutorConfiguration matched:
      - AnyNestedCondition 1 matched 1 did not; NestedCondition on TaskExecutorConfigurations.OnExecutorCondition.ModelCondition @ConditionalOnProperty (spring.task.execution.mode=force) did not find property 'spring.task.execution.mode'; NestedCondition on TaskExecutorConfigurations.OnExecutorCondition.ExecutorBeanCondition @ConditionalOnMissingBean (types: java.util.concurrent.Executor; SearchStrategy: all) did not find any beans (TaskExecutorConfigurations.OnExecutorCondition)

   TaskExecutorConfigurations.TaskExecutorConfiguration#applicationTaskExecutor matched:
      - @ConditionalOnThreading found PLATFORM (OnThreadingCondition)

   TaskExecutorConfigurations.ThreadPoolTaskExecutorBuilderConfiguration#threadPoolTaskExecutorBuilder matched:
      - @ConditionalOnMissingBean (types: org.springframework.boot.task.ThreadPoolTaskExecutorBuilder; SearchStrategy: all) did not find any beans (OnBeanCondition)

   TaskExecutorMetricsAutoConfiguration matched:
      - @ConditionalOnClass found required class 'io.micrometer.core.instrument.binder.jvm.ExecutorServiceMetrics' (OnClassCondition)
      - @ConditionalOnBean (types: java.util.concurrent.Executor,io.micrometer.core.instrument.MeterRegistry; SearchStrategy: all) found beans 'applicationTaskExecutor', 'simpleMeterRegistry', 'taskScheduler' (OnBeanCondition)

   TaskSchedulingAutoConfiguration matched:
      - @ConditionalOnClass found required class 'org.springframework.scheduling.concurrent.ThreadPoolTaskScheduler' (OnClassCondition)

   TaskSchedulingAutoConfiguration#scheduledBeanLazyInitializationExcludeFilter matched:
      - @ConditionalOnBean (names: org.springframework.scheduling.config.internalScheduledAnnotationProcessor; SearchStrategy: all) found bean 'org.springframework.scheduling.config.internalScheduledAnnotationProcessor' (OnBeanCondition)

   TaskSchedulingConfigurations.SimpleAsyncTaskSchedulerBuilderConfiguration#simpleAsyncTaskSchedulerBuilder matched:
      - @ConditionalOnMissingBean (types: org.springframework.boot.task.SimpleAsyncTaskSchedulerBuilder; SearchStrategy: all) did not find any beans (OnBeanCondition)
      - @ConditionalOnThreading found PLATFORM (OnThreadingCondition)

   TaskSchedulingConfigurations.TaskSchedulerConfiguration matched:
      - @ConditionalOnBean (names: org.springframework.scheduling.config.internalScheduledAnnotationProcessor; SearchStrategy: all) found bean 'org.springframework.scheduling.config.internalScheduledAnnotationProcessor'; @ConditionalOnMissingBean (types: org.springframework.scheduling.TaskScheduler,java.util.concurrent.ScheduledExecutorService; SearchStrategy: all) did not find any beans (OnBeanCondition)

   TaskSchedulingConfigurations.TaskSchedulerConfiguration#taskScheduler matched:
      - @ConditionalOnThreading found PLATFORM (OnThreadingCondition)

   TaskSchedulingConfigurations.ThreadPoolTaskSchedulerBuilderConfiguration#threadPoolTaskSchedulerBuilder matched:
      - @ConditionalOnMissingBean (types: org.springframework.boot.task.ThreadPoolTaskSchedulerBuilder; SearchStrategy: all) did not find any beans (OnBeanCondition)

   TomcatMetricsAutoConfiguration matched:
      - @ConditionalOnClass found required classes 'io.micrometer.core.instrument.binder.tomcat.TomcatMetrics', 'org.apache.catalina.Manager', 'io.micrometer.core.instrument.MeterRegistry' (OnClassCondition)
      - @ConditionalOnWebApplication (required) found 'session' scope (OnWebApplicationCondition)

   TomcatMetricsAutoConfiguration#tomcatMetricsBinder matched:
      - @ConditionalOnBean (types: io.micrometer.core.instrument.MeterRegistry; SearchStrategy: all) found bean 'simpleMeterRegistry'; @ConditionalOnMissingBean (types: io.micrometer.core.instrument.binder.tomcat.TomcatMetrics,org.springframework.boot.tomcat.metrics.TomcatMetricsBinder; SearchStrategy: all) did not find any beans (OnBeanCondition)

   TomcatServletWebServerAutoConfiguration matched:
      - @ConditionalOnClass found required classes 'jakarta.servlet.ServletRequest', 'org.apache.catalina.startup.Tomcat', 'org.apache.coyote.UpgradeProtocol', 'org.springframework.boot.tomcat.servlet.TomcatServletWebServerFactory' (OnClassCondition)
      - found 'session' scope (OnWebApplicationCondition)

   TomcatServletWebServerAutoConfiguration#tomcatServletWebServerFactory matched:
      - @ConditionalOnMissingBean (types: org.springframework.boot.web.server.servlet.ServletWebServerFactory; SearchStrategy: current) did not find any beans (OnBeanCondition)

   TransactionAutoConfiguration matched:
      - @ConditionalOnClass found required class 'org.springframework.transaction.PlatformTransactionManager' (OnClassCondition)

   TransactionAutoConfiguration.EnableTransactionManagementConfiguration matched:
      - @ConditionalOnBean (types: org.springframework.transaction.TransactionManager; SearchStrategy: all) found bean 'transactionManager'; @ConditionalOnMissingBean (types: org.springframework.transaction.annotation.AbstractTransactionManagementConfiguration; SearchStrategy: all) did not find any beans (OnBeanCondition)

   TransactionAutoConfiguration.EnableTransactionManagementConfiguration.CglibAutoProxyConfiguration matched:
      - @ConditionalOnBooleanProperty (spring.aop.proxy-target-class=true) matched (OnPropertyCondition)

   TransactionAutoConfiguration.TransactionTemplateConfiguration matched:
      - @ConditionalOnSingleCandidate (types: org.springframework.transaction.PlatformTransactionManager; SearchStrategy: all) found a single bean 'transactionManager' (OnBeanCondition)

   TransactionAutoConfiguration.TransactionTemplateConfiguration#transactionTemplate matched:
      - @ConditionalOnMissingBean (types: org.springframework.transaction.support.TransactionOperations; SearchStrategy: all) did not find any beans (OnBeanCondition)

   TransactionManagerCustomizationAutoConfiguration matched:
      - @ConditionalOnClass found required class 'org.springframework.transaction.PlatformTransactionManager' (OnClassCondition)

   TransactionManagerCustomizationAutoConfiguration#platformTransactionManagerCustomizers matched:
      - @ConditionalOnMissingBean (types: org.springframework.boot.transaction.autoconfigure.TransactionManagerCustomizers; SearchStrategy: all) did not find any beans (OnBeanCondition)

   ValidationAutoConfiguration matched:
      - @ConditionalOnClass found required class 'jakarta.validation.executable.ExecutableValidator' (OnClassCondition)
      - @ConditionalOnResource found location classpath:META-INF/services/jakarta.validation.spi.ValidationProvider (OnResourceCondition)

   ValidationAutoConfiguration#defaultValidator matched:
      - @ConditionalOnMissingBean (types: jakarta.validation.Validator; SearchStrategy: all) did not find any beans (OnBeanCondition)

   ValidationAutoConfiguration#methodValidationPostProcessor matched:
      - @ConditionalOnMissingBean (types: org.springframework.validation.beanvalidation.MethodValidationPostProcessor; SearchStrategy: current) did not find any beans (OnBeanCondition)

   WebEndpointAutoConfiguration matched:
      - @ConditionalOnWebApplication (required) found 'session' scope (OnWebApplicationCondition)

   WebEndpointAutoConfiguration#controllerEndpointDiscoverer matched:
      - @ConditionalOnMissingBean (types: org.springframework.boot.actuate.endpoint.web.annotation.ControllerEndpointsSupplier; SearchStrategy: all) did not find any beans (OnBeanCondition)

   WebEndpointAutoConfiguration#endpointMediaTypes matched:
      - @ConditionalOnMissingBean (types: org.springframework.boot.actuate.endpoint.web.EndpointMediaTypes; SearchStrategy: all) did not find any beans (OnBeanCondition)

   WebEndpointAutoConfiguration#pathMappedEndpoints matched:
      - @ConditionalOnMissingBean (types: org.springframework.boot.actuate.endpoint.web.PathMappedEndpoints; SearchStrategy: all) did not find any beans (OnBeanCondition)

   WebEndpointAutoConfiguration#webEndpointDiscoverer matched:
      - @ConditionalOnMissingBean (types: org.springframework.boot.actuate.endpoint.web.WebEndpointsSupplier; SearchStrategy: all) did not find any beans (OnBeanCondition)

   WebEndpointAutoConfiguration.WebEndpointServletConfiguration matched:
      - found 'session' scope (OnWebApplicationCondition)

   WebEndpointAutoConfiguration.WebEndpointServletConfiguration#servletEndpointDiscoverer matched:
      - @ConditionalOnMissingBean (types: org.springframework.boot.actuate.endpoint.web.annotation.ServletEndpointsSupplier; SearchStrategy: all) did not find any beans (OnBeanCondition)

   WebMvcAutoConfiguration matched:
      - @ConditionalOnClass found required classes 'jakarta.servlet.Servlet', 'org.springframework.web.servlet.DispatcherServlet', 'org.springframework.web.servlet.config.annotation.WebMvcConfigurer' (OnClassCondition)
      - found 'session' scope (OnWebApplicationCondition)
      - @ConditionalOnMissingBean (types: org.springframework.web.servlet.config.annotation.WebMvcConfigurationSupport; SearchStrategy: all) did not find any beans (OnBeanCondition)

   WebMvcAutoConfiguration#formContentFilter matched:
      - @ConditionalOnBooleanProperty (spring.mvc.formcontent.filter.enabled=true) matched (OnPropertyCondition)
      - @ConditionalOnMissingBean (types: org.springframework.web.filter.FormContentFilter; SearchStrategy: all) did not find any beans (OnBeanCondition)

   WebMvcAutoConfiguration.EnableWebMvcConfiguration#flashMapManager matched:
      - @ConditionalOnMissingBean (names: flashMapManager; SearchStrategy: all) did not find any beans (OnBeanCondition)

   WebMvcAutoConfiguration.EnableWebMvcConfiguration#localeResolver matched:
      - @ConditionalOnMissingBean (names: localeResolver; SearchStrategy: all) did not find any beans (OnBeanCondition)

   WebMvcAutoConfiguration.EnableWebMvcConfiguration#viewNameTranslator matched:
      - @ConditionalOnMissingBean (names: viewNameTranslator; SearchStrategy: all) did not find any beans (OnBeanCondition)

   WebMvcAutoConfiguration.WebMvcAutoConfigurationAdapter#defaultViewResolver matched:
      - @ConditionalOnMissingBean (types: org.springframework.web.servlet.view.InternalResourceViewResolver; SearchStrategy: all) did not find any beans (OnBeanCondition)

   WebMvcAutoConfiguration.WebMvcAutoConfigurationAdapter#requestContextFilter matched:
      - @ConditionalOnMissingBean (types: org.springframework.web.context.request.RequestContextListener,org.springframework.web.filter.RequestContextFilter; SearchStrategy: all) did not find any beans (OnBeanCondition)

   WebMvcAutoConfiguration.WebMvcAutoConfigurationAdapter#viewResolver matched:
      - @ConditionalOnBean (types: org.springframework.web.servlet.ViewResolver; SearchStrategy: all) found beans 'defaultViewResolver', 'beanNameViewResolver', 'mvcViewResolver'; @ConditionalOnMissingBean (names: viewResolver types: org.springframework.web.servlet.view.ContentNegotiatingViewResolver; SearchStrategy: all) did not find any beans (OnBeanCondition)

   WebMvcEndpointManagementContextConfiguration matched:
      - found 'session' scope (OnWebApplicationCondition)
      - @ConditionalOnBean (types: org.springframework.web.servlet.DispatcherServlet,org.springframework.boot.actuate.endpoint.web.WebEndpointsSupplier; SearchStrategy: all) found beans 'webEndpointDiscoverer', 'dispatcherServlet' (OnBeanCondition)

   WebMvcEndpointManagementContextConfiguration#controllerEndpointHandlerMapping matched:
      - @ConditionalOnMissingBean (types: org.springframework.boot.webmvc.actuate.endpoint.web.ControllerEndpointHandlerMapping; SearchStrategy: all) did not find any beans (OnBeanCondition)

   WebMvcEndpointManagementContextConfiguration#endpointJsonMapperWebMvcConfigurer matched:
      - @ConditionalOnBean (types: org.springframework.boot.actuate.endpoint.jackson.EndpointJsonMapper; SearchStrategy: all) found bean 'endpointJsonMapper' (OnBeanCondition)

   WebMvcEndpointManagementContextConfiguration#webEndpointServletHandlerMapping matched:
      - @ConditionalOnMissingBean (types: org.springframework.boot.webmvc.actuate.endpoint.web.WebMvcEndpointHandlerMapping; SearchStrategy: all) did not find any beans (OnBeanCondition)

   WebMvcHealthEndpointExtensionAutoConfiguration matched:
      - @ConditionalOnClass found required class 'org.springframework.boot.health.actuate.endpoint.HealthEndpoint' (OnClassCondition)
      - found 'session' scope (OnWebApplicationCondition)
      - @ConditionalOnAvailableEndpoint marked as exposed by a 'management.endpoints.web.exposure' property (OnAvailableEndpointCondition)
      - @ConditionalOnBean (types: org.springframework.boot.health.actuate.endpoint.HealthEndpoint,org.springframework.boot.actuate.endpoint.web.WebEndpointsSupplier,org.springframework.boot.health.actuate.endpoint.HealthEndpointGroups; SearchStrategy: all) found beans 'webEndpointDiscoverer', 'healthEndpoint', 'healthEndpointGroups' (OnBeanCondition)

   WebMvcObservationAutoConfiguration matched:
      - @ConditionalOnClass found required classes 'org.springframework.web.servlet.DispatcherServlet', 'io.micrometer.observation.Observation', 'org.springframework.boot.micrometer.observation.autoconfigure.ObservationProperties' (OnClassCondition)
      - found 'session' scope (OnWebApplicationCondition)
      - @ConditionalOnBean (types: io.micrometer.observation.ObservationRegistry; SearchStrategy: all) found bean 'observationRegistry' (OnBeanCondition)

   WebMvcObservationAutoConfiguration#webMvcObservationFilter matched:
      - @ConditionalOnMissingBean (types: org.springframework.web.filter.ServerHttpObservationFilter; SearchStrategy: all) did not find any beans (OnBeanCondition)

   WebMvcObservationAutoConfiguration.MeterFilterConfiguration matched:
      - @ConditionalOnClass found required classes 'io.micrometer.core.instrument.MeterRegistry', 'org.springframework.boot.micrometer.metrics.autoconfigure.MetricsProperties' (OnClassCondition)
      - @ConditionalOnBean (types: io.micrometer.core.instrument.MeterRegistry; SearchStrategy: all) found bean 'simpleMeterRegistry' (OnBeanCondition)


Negative matches:
-----------------

   AopAutoConfiguration.AspectJAutoProxyingConfiguration.JdkDynamicAutoProxyConfiguration:
      Did not match:
         - @ConditionalOnBooleanProperty (spring.aop.proxy-target-class=false) did not find property 'spring.aop.proxy-target-class' (OnPropertyCondition)

   AopAutoConfiguration.ClassProxyingConfiguration:
      Did not match:
         - @ConditionalOnMissingClass found unwanted class 'org.aspectj.weaver.Advice' (OnClassCondition)

   AppOpticsMetricsExportAutoConfiguration:
      Did not match:
         - @ConditionalOnClass did not find required class 'io.micrometer.appoptics.AppOpticsMeterRegistry' (OnClassCondition)

   AtlasMetricsExportAutoConfiguration:
      Did not match:
         - @ConditionalOnClass did not find required class 'io.micrometer.atlas.AtlasMeterRegistry' (OnClassCondition)

   AuditAutoConfiguration:
      Did not match:
         - @ConditionalOnBean (types: org.springframework.boot.actuate.audit.AuditEventRepository; SearchStrategy: all) did not find any beans of type org.springframework.boot.actuate.audit.AuditEventRepository (OnBeanCondition)
      Matched:
         - @ConditionalOnBooleanProperty (management.auditevents.enabled=true) matched (OnPropertyCondition)

   AuditEventsEndpointAutoConfiguration:
      Did not match:
         - @ConditionalOnAvailableEndpoint not exposed (OnAvailableEndpointCondition)

   AvailabilityHealthContributorAutoConfiguration#livenessStateHealthIndicator:
      Did not match:
         - @ConditionalOnBooleanProperty (management.health.livenessstate.enabled=true) did not find property 'management.health.livenessstate.enabled' (OnPropertyCondition)

   AvailabilityHealthContributorAutoConfiguration#readinessStateHealthIndicator:
      Did not match:
         - @ConditionalOnBooleanProperty (management.health.readinessstate.enabled=true) did not find property 'management.health.readinessstate.enabled' (OnPropertyCondition)

   BeansEndpointAutoConfiguration:
      Did not match:
         - @ConditionalOnAvailableEndpoint not exposed (OnAvailableEndpointCondition)

   CompositeMeterRegistryConfiguration:
      Did not match:
         - NoneNestedConditions 1 matched 1 did not; NestedCondition on CompositeMeterRegistryConfiguration.MultipleNonPrimaryMeterRegistriesCondition.SingleInjectableMeterRegistry @ConditionalOnSingleCandidate (types: io.micrometer.core.instrument.MeterRegistry; SearchStrategy: all) found a single bean 'simpleMeterRegistry'; NestedCondition on CompositeMeterRegistryConfiguration.MultipleNonPrimaryMeterRegistriesCondition.NoMeterRegistryCondition @ConditionalOnMissingBean (types: io.micrometer.core.instrument.MeterRegistry; SearchStrategy: all) found beans of type 'io.micrometer.core.instrument.MeterRegistry' simpleMeterRegistry (CompositeMeterRegistryConfiguration.MultipleNonPrimaryMeterRegistriesCondition)

   ConditionsReportEndpointAutoConfiguration:
      Did not match:
         - @ConditionalOnAvailableEndpoint not exposed (OnAvailableEndpointCondition)

   ConfigurationPropertiesReportEndpointAutoConfiguration:
      Did not match:
         - @ConditionalOnAvailableEndpoint not exposed (OnAvailableEndpointCondition)

   DataJpaRepositoriesAutoConfiguration#entityManagerFactoryBootstrapExecutorCustomizer:
      Did not match:
         - AnyNestedCondition 0 matched 2 did not; NestedCondition on DataJpaRepositoriesAutoConfiguration.BootstrapExecutorCondition.LazyBootstrapMode @ConditionalOnProperty (spring.data.jpa.repositories.bootstrap-mode=lazy) did not find property 'spring.data.jpa.repositories.bootstrap-mode'; NestedCondition on DataJpaRepositoriesAutoConfiguration.BootstrapExecutorCondition.DeferredBootstrapMode @ConditionalOnProperty (spring.data.jpa.repositories.bootstrap-mode=deferred) did not find property 'spring.data.jpa.repositories.bootstrap-mode' (DataJpaRepositoriesAutoConfiguration.BootstrapExecutorCondition)

   DataSourceAutoConfiguration.EmbeddedDatabaseConfiguration:
      Did not match:
         - EmbeddedDataSource spring.datasource.url is set (DataSourceAutoConfiguration.EmbeddedDatabaseCondition)

   DataSourceCheckpointRestoreConfiguration:
      Did not match:
         - @ConditionalOnClass did not find required class 'org.crac.Resource' (OnClassCondition)

   DataSourceConfiguration.Dbcp2:
      Did not match:
         - @ConditionalOnClass did not find required class 'org.apache.commons.dbcp2.BasicDataSource' (OnClassCondition)

   DataSourceConfiguration.Generic:
      Did not match:
         - @ConditionalOnProperty (spring.datasource.type) did not find property 'spring.datasource.type' (OnPropertyCondition)

   DataSourceConfiguration.OracleUcp:
      Did not match:
         - @ConditionalOnClass did not find required classes 'oracle.ucp.jdbc.PoolDataSourceImpl', 'oracle.jdbc.OracleConnection' (OnClassCondition)

   DataSourceConfiguration.Tomcat:
      Did not match:
         - @ConditionalOnClass did not find required class 'org.apache.tomcat.jdbc.pool.DataSource' (OnClassCondition)

   DataSourceJmxConfiguration:
      Did not match:
         - @ConditionalOnBooleanProperty (spring.jmx.enabled=true) found different value in property 'spring.jmx.enabled' (OnPropertyCondition)

   DataSourcePoolMetadataProvidersConfiguration.CommonsDbcp2PoolDataSourceMetadataProviderConfiguration:
      Did not match:
         - @ConditionalOnClass did not find required class 'org.apache.commons.dbcp2.BasicDataSource' (OnClassCondition)

   DataSourcePoolMetadataProvidersConfiguration.OracleUcpPoolDataSourceMetadataProviderConfiguration:
      Did not match:
         - @ConditionalOnClass did not find required classes 'oracle.ucp.jdbc.PoolDataSource', 'oracle.jdbc.OracleConnection' (OnClassCondition)

   DataSourcePoolMetadataProvidersConfiguration.TomcatDataSourcePoolMetadataProviderConfiguration:
      Did not match:
         - @ConditionalOnClass did not find required class 'org.apache.tomcat.jdbc.pool.DataSource' (OnClassCondition)

   DataSourceTransactionManagerAutoConfiguration.JdbcTransactionManagerConfiguration#transactionManager:
      Did not match:
         - @ConditionalOnMissingBean (types: org.springframework.transaction.TransactionManager; SearchStrategy: all) found beans of type 'org.springframework.transaction.TransactionManager' transactionManager (OnBeanCondition)

   DatadogMetricsExportAutoConfiguration:
      Did not match:
         - @ConditionalOnClass did not find required class 'io.micrometer.datadog.DatadogMeterRegistry' (OnClassCondition)

   DevToolsDataSourceAutoConfiguration:
      Did not match:
         - Devtools devtools is disabled for current context. (OnEnabledDevToolsCondition)
      Matched:
         - @ConditionalOnClass found required class 'javax.sql.DataSource' (OnClassCondition)

   DevToolsR2dbcAutoConfiguration:
      Did not match:
         - @ConditionalOnClass did not find required class 'io.r2dbc.spi.ConnectionFactory' (OnClassCondition)

   DispatcherServletAutoConfiguration.DispatcherServletConfiguration#multipartResolver:
      Did not match:
         - @ConditionalOnBean (types: org.springframework.web.multipart.MultipartResolver; SearchStrategy: all) did not find any beans of type org.springframework.web.multipart.MultipartResolver (OnBeanCondition)

   DynatraceMetricsExportAutoConfiguration:
      Did not match:
         - @ConditionalOnClass did not find required class 'io.micrometer.dynatrace.DynatraceMeterRegistry' (OnClassCondition)

   ElasticMetricsExportAutoConfiguration:
      Did not match:
         - @ConditionalOnClass did not find required class 'io.micrometer.elastic.ElasticMeterRegistry' (OnClassCondition)

   EnvironmentEndpointAutoConfiguration:
      Did not match:
         - @ConditionalOnAvailableEndpoint not exposed (OnAvailableEndpointCondition)

   GangliaMetricsExportAutoConfiguration:
      Did not match:
         - @ConditionalOnClass did not find required class 'io.micrometer.ganglia.GangliaMeterRegistry' (OnClassCondition)

   GraphiteMetricsExportAutoConfiguration:
      Did not match:
         - @ConditionalOnClass did not find required class 'io.micrometer.graphite.GraphiteMeterRegistry' (OnClassCondition)

   GsonHttpMessageConvertersConfiguration:
      Did not match:
         - @ConditionalOnClass did not find required class 'com.google.gson.Gson' (OnClassCondition)

   H2ConsoleAutoConfiguration:
      Did not match:
         - @ConditionalOnBooleanProperty (spring.h2.console.enabled=true) found different value in property 'spring.h2.console.enabled' (OnPropertyCondition)
      Matched:
         - @ConditionalOnClass found required class 'org.h2.server.web.JakartaWebServlet' (OnClassCondition)
         - found 'session' scope (OnWebApplicationCondition)

   HealthContributorRegistryAutoConfiguration.ReactiveHealthContributorRegistryConfiguration:
      Did not match:
         - @ConditionalOnClass did not find required class 'reactor.core.publisher.Flux' (OnClassCondition)

   HealthEndpointReactiveWebExtensionConfiguration:
      Did not match:
         - did not find reactive web application classes (OnWebApplicationCondition)

   HeapDumpWebEndpointAutoConfiguration:
      Did not match:
         - @ConditionalOnAvailableEndpoint the configured access for endpoint 'heapdump' is NONE (OnAvailableEndpointCondition)

   HibernateMetricsAutoConfiguration:
      Did not match:
         - @ConditionalOnClass did not find required class 'org.hibernate.stat.HibernateMetrics' (OnClassCondition)

   HttpExchangesEndpointAutoConfiguration:
      Did not match:
         - @ConditionalOnAvailableEndpoint not exposed (OnAvailableEndpointCondition)

   HumioMetricsExportAutoConfiguration:
      Did not match:
         - @ConditionalOnClass did not find required class 'io.micrometer.humio.HumioMeterRegistry' (OnClassCondition)

   InfluxMetricsExportAutoConfiguration:
      Did not match:
         - @ConditionalOnClass did not find required class 'io.micrometer.influx.InfluxMeterRegistry' (OnClassCondition)

   InfoContributorAutoConfiguration#buildInfoContributor:
      Did not match:
         - @ConditionalOnSingleCandidate (types: org.springframework.boot.info.BuildProperties; SearchStrategy: all) did not find any beans (OnBeanCondition)
      Matched:
         - @ConditionalOnEnabledInfoContributor management.info.defaults.enabled is considered true (OnEnabledInfoContributorCondition)

   InfoContributorAutoConfiguration#envInfoContributor:
      Did not match:
         - @ConditionalOnEnabledInfoContributor management.info.env.enabled is not true (OnEnabledInfoContributorCondition)

   InfoContributorAutoConfiguration#gitInfoContributor:
      Did not match:
         - @ConditionalOnSingleCandidate (types: org.springframework.boot.info.GitProperties; SearchStrategy: all) did not find any beans (OnBeanCondition)
      Matched:
         - @ConditionalOnEnabledInfoContributor management.info.defaults.enabled is considered true (OnEnabledInfoContributorCondition)

   InfoContributorAutoConfiguration#javaInfoContributor:
      Did not match:
         - @ConditionalOnEnabledInfoContributor management.info.java.enabled is not true (OnEnabledInfoContributorCondition)

   InfoContributorAutoConfiguration#osInfoContributor:
      Did not match:
         - @ConditionalOnEnabledInfoContributor management.info.os.enabled is not true (OnEnabledInfoContributorCondition)

   InfoContributorAutoConfiguration#processInfoContributor:
      Did not match:
         - @ConditionalOnEnabledInfoContributor management.info.process.enabled is not true (OnEnabledInfoContributorCondition)

   InfoContributorAutoConfiguration#sslInfo:
      Did not match:
         - @ConditionalOnEnabledInfoContributor management.info.ssl.enabled is not true (OnEnabledInfoContributorCondition)
      Matched:
         - @ConditionalOnMissingBean (types: org.springframework.boot.info.SslInfo; SearchStrategy: all) did not find any beans (OnBeanCondition)

   InfoContributorAutoConfiguration#sslInfoContributor:
      Did not match:
         - @ConditionalOnEnabledInfoContributor management.info.ssl.enabled is not true (OnEnabledInfoContributorCondition)

   InfoEndpointAutoConfiguration:
      Did not match:
         - @ConditionalOnAvailableEndpoint not exposed (OnAvailableEndpointCondition)

   Jackson2EndpointAutoConfiguration:
      Did not match:
         - @ConditionalOnClass did not find required class 'com.fasterxml.jackson.databind.ObjectMapper' (OnClassCondition)

   Jackson2HttpMessageConvertersConfiguration.MappingJackson2HttpMessageConverterConfiguration:
      Did not match:
         - @ConditionalOnClass did not find required class 'com.fasterxml.jackson.databind.ObjectMapper' (OnClassCondition)

   Jackson2HttpMessageConvertersConfiguration.MappingJackson2XmlHttpMessageConverterConfiguration:
      Did not match:
         - @ConditionalOnClass did not find required class 'tools.jackson.dataformat.xml.XmlMapper' (OnClassCondition)

   JacksonAutoConfiguration.CborConfiguration:
      Did not match:
         - @ConditionalOnClass did not find required class 'tools.jackson.dataformat.cbor.CBORMapper' (OnClassCondition)

   JacksonAutoConfiguration.XmlConfiguration:
      Did not match:
         - @ConditionalOnClass did not find required class 'tools.jackson.dataformat.xml.XmlMapper' (OnClassCondition)

   JacksonHttpMessageConvertersConfiguration.JacksonXmlHttpMessageConverterConfiguration:
      Did not match:
         - @ConditionalOnClass did not find required class 'tools.jackson.dataformat.xml.XmlMapper' (OnClassCondition)

   JmxAutoConfiguration:
      Did not match:
         - @ConditionalOnBooleanProperty (spring.jmx.enabled=true) found different value in property 'spring.jmx.enabled' (OnPropertyCondition)
      Matched:
         - @ConditionalOnClass found required class 'org.springframework.jmx.export.MBeanExporter' (OnClassCondition)

   JmxEndpointAutoConfiguration:
      Did not match:
         - @ConditionalOnBooleanProperty (spring.jmx.enabled=true) found different value in property 'spring.jmx.enabled' (OnPropertyCondition)

   JmxMetricsExportAutoConfiguration:
      Did not match:
         - @ConditionalOnClass did not find required class 'io.micrometer.jmx.JmxMeterRegistry' (OnClassCondition)

   JndiDataSourceAutoConfiguration:
      Did not match:
         - @ConditionalOnProperty (spring.datasource.jndi-name) did not find property 'spring.datasource.jndi-name' (OnPropertyCondition)
      Matched:
         - @ConditionalOnClass found required classes 'javax.sql.DataSource', 'org.springframework.jdbc.datasource.embedded.EmbeddedDatabaseType' (OnClassCondition)

   JndiJtaConfiguration:
      Did not match:
         - @ConditionalOnJndi JNDI environment is not available (OnJndiCondition)
      Matched:
         - @ConditionalOnClass found required class 'org.springframework.transaction.jta.JtaTransactionManager' (OnClassCondition)

   JsonbHttpMessageConvertersConfiguration:
      Did not match:
         - @ConditionalOnClass did not find required class 'jakarta.json.bind.Jsonb' (OnClassCondition)

   JvmMetricsAutoConfiguration.VirtualThreadMetricsConfiguration:
      Did not match:
         - @ConditionalOnClass did not find required class 'io.micrometer.java21.instrument.binder.jdk.VirtualThreadMetrics' (OnClassCondition)

   KairosMetricsExportAutoConfiguration:
      Did not match:
         - @ConditionalOnClass did not find required class 'io.micrometer.kairos.KairosMeterRegistry' (OnClassCondition)

   KotlinSerializationHttpMessageConvertersConfiguration:
      Did not match:
         - @ConditionalOnClass did not find required classes 'kotlinx.serialization.Serializable', 'kotlinx.serialization.json.Json' (OnClassCondition)

   LocalDevToolsAutoConfiguration:
      Did not match:
         - Initialized Restarter Condition initialized without URLs (OnInitializedRestarterCondition)

   LogFileWebEndpointAutoConfiguration:
      Did not match:
         - @ConditionalOnAvailableEndpoint not exposed (OnAvailableEndpointCondition)

   LogbackMetricsAutoConfiguration:
      Did not match:
         - @ConditionalOnClass did not find required class 'ch.qos.logback.classic.LoggerContext' (OnClassCondition)

   LoggersEndpointAutoConfiguration:
      Did not match:
         - @ConditionalOnAvailableEndpoint not exposed (OnAvailableEndpointCondition)

   ManagementContextAutoConfiguration.DifferentManagementContextConfiguration:
      Did not match:
         - Management Port actual port type (SAME) did not match required type (DIFFERENT) (OnManagementPortCondition)

   MappingsEndpointAutoConfiguration:
      Did not match:
         - @ConditionalOnAvailableEndpoint not exposed (OnAvailableEndpointCondition)

   MessageSourceAutoConfiguration:
      Did not match:
         - ResourceBundle did not find bundle with basename messages (MessageSourceAutoConfiguration.ResourceBundleCondition)

   MetricsAspectsAutoConfiguration:
      Did not match:
         - @ConditionalOnBooleanProperty (management.observations.annotations.enabled=true) did not find property 'management.observations.annotations.enabled' (OnPropertyCondition)
      Matched:
         - @ConditionalOnClass found required classes 'io.micrometer.core.instrument.MeterRegistry', 'org.aspectj.weaver.Advice' (OnClassCondition)

   MetricsEndpointAutoConfiguration:
      Did not match:
         - @ConditionalOnAvailableEndpoint not exposed (OnAvailableEndpointCondition)
      Matched:
         - @ConditionalOnClass found required classes 'org.springframework.boot.actuate.autoconfigure.endpoint.condition.ConditionalOnAvailableEndpoint', 'io.micrometer.core.annotation.Timed' (OnClassCondition)

   NewRelicMetricsExportAutoConfiguration:
      Did not match:
         - @ConditionalOnClass did not find required class 'io.micrometer.newrelic.NewRelicMeterRegistry' (OnClassCondition)

   NoOpMeterRegistryConfiguration:
      Did not match:
         - @ConditionalOnMissingBean (types: io.micrometer.core.instrument.MeterRegistry; SearchStrategy: all) found beans of type 'io.micrometer.core.instrument.MeterRegistry' simpleMeterRegistry (OnBeanCondition)

   ObservationAutoConfiguration.ObservedAspectConfiguration:
      Did not match:
         - @ConditionalOnBooleanProperty (management.observations.annotations.enabled=true) did not find property 'management.observations.annotations.enabled' (OnPropertyCondition)
      Matched:
         - @ConditionalOnClass found required class 'org.aspectj.weaver.Advice' (OnClassCondition)

   OtlpMetricsExportAutoConfiguration:
      Did not match:
         - @ConditionalOnClass did not find required class 'io.micrometer.registry.otlp.OtlpMeterRegistry' (OnClassCondition)

   ProjectInfoAutoConfiguration#buildProperties:
      Did not match:
         - @ConditionalOnResource did not find resource '${spring.info.build.location:classpath:META-INF/build-info.properties}' (OnResourceCondition)

   ProjectInfoAutoConfiguration#gitProperties:
      Did not match:
         - GitResource did not find git info at classpath:git.properties (ProjectInfoAutoConfiguration.GitResourceAvailableCondition)

   PrometheusMetricsExportAutoConfiguration:
      Did not match:
         - @ConditionalOnClass did not find required class 'io.micrometer.prometheusmetrics.PrometheusMeterRegistry' (OnClassCondition)

   RemoteDevToolsAutoConfiguration:
      Did not match:
         - @ConditionalOnProperty (spring.devtools.remote.secret) did not find property 'spring.devtools.remote.secret' (OnPropertyCondition)
      Matched:
         - @ConditionalOnClass found required classes 'jakarta.servlet.Filter', 'org.springframework.http.server.ServerHttpRequest', 'org.springframework.boot.web.server.autoconfigure.ServerProperties' (OnClassCondition)

   SbomEndpointAutoConfiguration:
      Did not match:
         - @ConditionalOnAvailableEndpoint not exposed (OnAvailableEndpointCondition)

   ScheduledTasksEndpointAutoConfiguration:
      Did not match:
         - @ConditionalOnAvailableEndpoint not exposed (OnAvailableEndpointCondition)

   ServletHttpExchangesAutoConfiguration:
      Did not match:
         - @ConditionalOnBean (types: org.springframework.boot.actuate.web.exchanges.HttpExchangeRepository; SearchStrategy: all) did not find any beans of type org.springframework.boot.actuate.web.exchanges.HttpExchangeRepository (OnBeanCondition)
      Matched:
         - found 'session' scope (OnWebApplicationCondition)
         - @ConditionalOnBooleanProperty (management.httpexchanges.recording.enabled=true) matched (OnPropertyCondition)

   ServletManagementContextAutoConfiguration.ApplicationContextFilterConfiguration:
      Did not match:
         - @ConditionalOnBooleanProperty (management.server.add-application-context-header=true) did not find property 'management.server.add-application-context-header' (OnPropertyCondition)

   ServletMappingsAutoConfiguration:
      Did not match:
         - @ConditionalOnAvailableEndpoint not exposed (OnAvailableEndpointCondition)
      Matched:
         - @ConditionalOnClass found required classes 'org.springframework.boot.actuate.autoconfigure.endpoint.condition.ConditionalOnAvailableEndpoint', 'org.springframework.boot.actuate.web.mappings.MappingsEndpoint' (OnClassCondition)
         - found 'session' scope (OnWebApplicationCondition)

   ServletWebServerConfiguration#forwardedHeaderFilter:
      Did not match:
         - @ConditionalOnProperty (server.forward-headers-strategy=framework) did not find property 'server.forward-headers-strategy' (OnPropertyCondition)

   SessionAutoConfiguration.ReactiveSessionConfiguration:
      Did not match:
         - did not find reactive web application classes (OnWebApplicationCondition)

   SessionAutoConfiguration.ServletSessionConfiguration.EmbeddedWebServerConfiguration:
      Did not match:
         - Application is deployed as a WAR file. (OnWarDeploymentCondition)

   SessionAutoConfiguration.ServletSessionConfiguration.RememberMeServicesConfiguration:
      Did not match:
         - @ConditionalOnClass did not find required class 'org.springframework.security.web.authentication.RememberMeServices' (OnClassCondition)

   SessionsEndpointAutoConfiguration:
      Did not match:
         - @ConditionalOnAvailableEndpoint not exposed (OnAvailableEndpointCondition)
      Matched:
         - @ConditionalOnClass found required classes 'org.springframework.session.Session', 'org.springframework.boot.session.actuate.endpoint.SessionsEndpoint', 'org.springframework.boot.actuate.autoconfigure.endpoint.condition.ConditionalOnAvailableEndpoint' (OnClassCondition)

   ShutdownEndpointAutoConfiguration:
      Did not match:
         - @ConditionalOnAvailableEndpoint the configured access for endpoint 'shutdown' is NONE (OnAvailableEndpointCondition)

   SpringApplicationAdminJmxAutoConfiguration:
      Did not match:
         - @ConditionalOnBooleanProperty (spring.application.admin.enabled=true) did not find property 'spring.application.admin.enabled' (OnPropertyCondition)

   StackdriverMetricsExportAutoConfiguration:
      Did not match:
         - @ConditionalOnClass did not find required class 'io.micrometer.stackdriver.StackdriverMeterRegistry' (OnClassCondition)

   StartupEndpointAutoConfiguration:
      Did not match:
         - ApplicationStartup configured applicationStartup is of type class org.springframework.core.metrics.DefaultApplicationStartup, expected BufferingApplicationStartup. (StartupEndpointAutoConfiguration.ApplicationStartupCondition)

   StatsdMetricsExportAutoConfiguration:
      Did not match:
         - @ConditionalOnClass did not find required class 'io.micrometer.statsd.StatsdMeterRegistry' (OnClassCondition)

   TaskExecutorConfigurations.AsyncConfigurerWrapperConfiguration:
      Did not match:
         - @ConditionalOnBean (types: org.springframework.scheduling.annotation.AsyncConfigurer; SearchStrategy: all) did not find any beans of type org.springframework.scheduling.annotation.AsyncConfigurer (OnBeanCondition)

   TaskExecutorConfigurations.SimpleAsyncTaskExecutorBuilderConfiguration#simpleAsyncTaskExecutorBuilderVirtualThreads:
      Did not match:
         - @ConditionalOnMissingBean (types: org.springframework.boot.task.SimpleAsyncTaskExecutorBuilder; SearchStrategy: all) found beans of type 'org.springframework.boot.task.SimpleAsyncTaskExecutorBuilder' simpleAsyncTaskExecutorBuilder (OnBeanCondition)

   TaskExecutorConfigurations.TaskExecutorConfiguration#applicationTaskExecutorVirtualThreads:
      Did not match:
         - @ConditionalOnThreading did not find VIRTUAL (OnThreadingCondition)

   TaskSchedulingConfigurations.SimpleAsyncTaskSchedulerBuilderConfiguration#simpleAsyncTaskSchedulerBuilderVirtualThreads:
      Did not match:
         - @ConditionalOnMissingBean (types: org.springframework.boot.task.SimpleAsyncTaskSchedulerBuilder; SearchStrategy: all) found beans of type 'org.springframework.boot.task.SimpleAsyncTaskSchedulerBuilder' simpleAsyncTaskSchedulerBuilder (OnBeanCondition)

   TaskSchedulingConfigurations.TaskSchedulerConfiguration#taskSchedulerVirtualThreads:
      Did not match:
         - @ConditionalOnThreading did not find VIRTUAL (OnThreadingCondition)

   ThreadDumpEndpointAutoConfiguration:
      Did not match:
         - @ConditionalOnAvailableEndpoint not exposed (OnAvailableEndpointCondition)

   TmdbDataCollector:
      Did not match:
         - @ConditionalOnProperty (tmdb.collector.run-on-startup=true) found different value in property 'tmdb.collector.run-on-startup' (OnPropertyCondition)

   TmdbDataSynchronizer:
      Did not match:
         - @ConditionalOnProperty (tmdb.sync.enabled=true) found different value in property 'tmdb.sync.enabled' (OnPropertyCondition)

   TomcatReactiveManagementContextAutoConfiguration:
      Did not match:
         - @ConditionalOnWebApplication did not find reactive web application classes (OnWebApplicationCondition)

   TomcatReactiveWebServerAutoConfiguration:
      Did not match:
         - @ConditionalOnWebApplication did not find reactive web application classes (OnWebApplicationCondition)

   TomcatServletManagementContextAutoConfiguration:
      Did not match:
         - Management Port actual port type (SAME) did not match required type (DIFFERENT) (OnManagementPortCondition)
      Matched:
         - @ConditionalOnClass found required class 'org.springframework.boot.actuate.autoconfigure.web.server.ManagementContextFactory' (OnClassCondition)
         - found 'session' scope (OnWebApplicationCondition)

   TomcatServletWebServerAutoConfiguration#tomcatForwardedHeaderFilterCustomizer:
      Did not match:
         - @ConditionalOnProperty (server.forward-headers-strategy=framework) did not find property 'server.forward-headers-strategy' (OnPropertyCondition)

   TomcatWebServerConfiguration:
      Did not match:
         - Application is deployed as a WAR file. (OnWarDeploymentCondition)

   TransactionAutoConfiguration#transactionalOperator:
      Did not match:
         - @ConditionalOnSingleCandidate (types: org.springframework.transaction.ReactiveTransactionManager; SearchStrategy: all) did not find any beans (OnBeanCondition)

   TransactionAutoConfiguration.AspectJTransactionManagementConfiguration:
      Did not match:
         - @ConditionalOnBean (types: org.springframework.transaction.aspectj.AbstractTransactionAspect; SearchStrategy: all) did not find any beans of type org.springframework.transaction.aspectj.AbstractTransactionAspect (OnBeanCondition)

   TransactionAutoConfiguration.EnableTransactionManagementConfiguration.JdkDynamicAutoProxyConfiguration:
      Did not match:
         - @ConditionalOnBooleanProperty (spring.aop.proxy-target-class=false) did not find property 'spring.aop.proxy-target-class' (OnPropertyCondition)

   WebMvcAutoConfiguration#hiddenHttpMethodFilter:
      Did not match:
         - @ConditionalOnBooleanProperty (spring.mvc.hiddenmethod.filter.enabled=true) did not find property 'spring.mvc.hiddenmethod.filter.enabled' (OnPropertyCondition)

   WebMvcAutoConfiguration.ProblemDetailsErrorHandlingConfiguration:
      Did not match:
         - @ConditionalOnBooleanProperty (spring.mvc.problemdetails.enabled=true) did not find property 'spring.mvc.problemdetails.enabled' (OnPropertyCondition)

   WebMvcAutoConfiguration.ResourceChainCustomizerConfiguration:
      Did not match:
         - @ConditionalOnEnabledResourceChain did not find class org.webjars.WebJarVersionLocator (OnEnabledResourceChainCondition)

   WebMvcAutoConfiguration.WebMvcAutoConfigurationAdapter#beanNameViewResolver:
      Did not match:
         - @ConditionalOnMissingBean (types: org.springframework.web.servlet.view.BeanNameViewResolver; SearchStrategy: all) found beans of type 'org.springframework.web.servlet.view.BeanNameViewResolver' beanNameViewResolver (OnBeanCondition)

   WebMvcEndpointManagementContextConfiguration#endpointJackson2ObjectMapperWebMvcConfigurer:
      Did not match:
         - @ConditionalOnBean (types: org.springframework.boot.actuate.endpoint.jackson.EndpointJackson2ObjectMapper; SearchStrategy: all) did not find any beans of type org.springframework.boot.actuate.endpoint.jackson.EndpointJackson2ObjectMapper (OnBeanCondition)

   WebMvcEndpointManagementContextConfiguration#managementHealthEndpointWebMvcHandlerMapping:
      Did not match:
         - Management Port actual port type (SAME) did not match required type (DIFFERENT) (OnManagementPortCondition)

   WebMvcMappingsAutoConfiguration:
      Did not match:
         - @ConditionalOnAvailableEndpoint not exposed (OnAvailableEndpointCondition)
      Matched:
         - @ConditionalOnClass found required classes 'org.springframework.boot.actuate.autoconfigure.endpoint.condition.ConditionalOnAvailableEndpoint', 'org.springframework.web.servlet.DispatcherServlet', 'org.springframework.boot.actuate.web.mappings.MappingsEndpoint' (OnClassCondition)
         - found 'session' scope (OnWebApplicationCondition)

   XADataSourceAutoConfiguration:
      Did not match:
         - @ConditionalOnBean (types: org.springframework.boot.jdbc.XADataSourceWrapper; SearchStrategy: all) did not find any beans of type org.springframework.boot.jdbc.XADataSourceWrapper (OnBeanCondition)
      Matched:
         - @ConditionalOnClass found required classes 'javax.sql.DataSource', 'jakarta.transaction.TransactionManager', 'org.springframework.jdbc.datasource.embedded.EmbeddedDatabaseType' (OnClassCondition)


Exclusions:
-----------

    None


Unconditional classes:
----------------------

    org.springframework.boot.health.autoconfigure.registry.HealthContributorRegistryAutoConfiguration

    org.springframework.boot.autoconfigure.context.ConfigurationPropertiesAutoConfiguration

    org.springframework.boot.autoconfigure.ssl.SslAutoConfiguration

    org.springframework.boot.actuate.autoconfigure.info.InfoContributorAutoConfiguration

    org.springframework.boot.autoconfigure.context.PropertyPlaceholderAutoConfiguration

    org.springframework.boot.autoconfigure.context.LifecycleAutoConfiguration

    org.springframework.boot.actuate.autoconfigure.endpoint.EndpointAutoConfiguration

    org.springframework.boot.health.autoconfigure.contributor.HealthContributorAutoConfiguration

    org.springframework.boot.autoconfigure.availability.ApplicationAvailabilityAutoConfiguration

    org.springframework.boot.autoconfigure.info.ProjectInfoAutoConfiguration

    org.springframework.boot.actuate.autoconfigure.web.server.ManagementContextAutoConfiguration



2026-03-10T00:38:54.232-05:00  INFO 23424 --- [tv-looker-test] [           main] o.t.t.TvLookerApplicationTests           : Started TvLookerApplicationTests in 2.688 seconds (process running for 15.52)
2026-03-10T00:38:54.234-05:00 DEBUG 23424 --- [tv-looker-test] [           main] o.s.b.a.ApplicationAvailabilityBean      : Application availability state LivenessState changed to CORRECT
2026-03-10T00:38:54.236-05:00 DEBUG 23424 --- [tv-looker-test] [           main] o.s.b.a.ApplicationAvailabilityBean      : Application availability state ReadinessState changed to ACCEPTING_TRAFFIC
[INFO] Tests run: 1, Failures: 0, Errors: 0, Skipped: 0, Time elapsed: 2.786 s -- in org.tvl.tvlooker.TvLookerApplicationTests
[INFO] 
[INFO] Results:
[INFO] 
[INFO] Tests run: 79, Failures: 0, Errors: 0, Skipped: 0
[INFO] 
[INFO] ------------------------------------------------------------------------
[INFO] BUILD SUCCESS
[INFO] ------------------------------------------------------------------------
[INFO] Total time:  19.050 s
[INFO] Finished at: 2026-03-10T00:38:54-05:00
[INFO] ------------------------------------------------------------------------
